Component: ARM Compiler 5.05 update 1 (build 106) Tool: armlink [4d0efa]

==============================================================================

Section Cross References

    app_led.o(i.SystemLedFlash) refers to osal.o(i.Osal_DiffTsToUsec) for Osal_DiffTsToUsec
    app_led.o(i.SystemLedFlash) refers to osal.o(i.Osal_GetCurTs) for Osal_GetCurTs
    app_led.o(i.SystemLedFlash) refers to hal_led.o(i.Hal_RunLedOn) for Hal_RunLedOn
    app_led.o(i.SystemLedFlash) refers to hal_led.o(i.Hal_RunLedOff) for Hal_RunLedOff
    app_led.o(i.SystemLedFlash) refers to app_led.o(.data) for Ts
    uc.o(i.AppStartTask) refers to app_wifi.o(i.WifiTaskInit) for WifiTaskInit
    uc.o(i.AppStartTask) refers to app_led.o(i.SystemLedInit) for SystemLedInit
    uc.o(i.main) refers to hal.o(i.Hal_SysInit) for Hal_SysInit
    uc.o(i.main) refers to uc.o(i.AppStartTask) for AppStartTask
    uc.o(i.main) refers to app_led.o(i.SystemLedFlash) for SystemLedFlash
    uc.o(i.main) refers to app_wifi.o(i.WifiTaskHandle) for WifiTaskHandle
    app_wifi.o(i.WifiDataHandle) refers to osal.o(i.Osal_DiffTsToUsec) for Osal_DiffTsToUsec
    app_wifi.o(i.WifiDataHandle) refers to osal.o(i.Osal_GetCurTs) for Osal_GetCurTs
    app_wifi.o(i.WifiDataHandle) refers to gizwits_product.o(i.userHandle) for userHandle
    app_wifi.o(i.WifiDataHandle) refers to gizwits_protocol.o(i.gizwitsHandle) for gizwitsHandle
    app_wifi.o(i.WifiDataHandle) refers to app_wifi.o(.bss) for wifiSetInfo
    app_wifi.o(i.WifiDataHandle) refers to app_wifi.o(.data) for updateTim
    app_wifi.o(i.WifiDataHandle) refers to gizwits_product.o(.data) for currentDataPoint
    app_wifi.o(i.WifiKeyHandle) refers to hal_key.o(i.Hal_CheckNewKey) for Hal_CheckNewKey
    app_wifi.o(i.WifiKeyHandle) refers to hal_key.o(i.Hal_GetKeySta) for Hal_GetKeySta
    app_wifi.o(i.WifiKeyHandle) refers to printf8.o(i.__0printf$8) for __2printf
    app_wifi.o(i.WifiKeyHandle) refers to app_wifi.o(i.WifiLedCtrl) for WifiLedCtrl
    app_wifi.o(i.WifiKeyHandle) refers to gizwits_protocol.o(i.gizwitsSetMode) for gizwitsSetMode
    app_wifi.o(i.WifiKeyHandle) refers to hal_led.o(i.Hal_GetWifiLedSta) for Hal_GetWifiLedSta
    app_wifi.o(i.WifiKeyHandle) refers to osal.o(i.Osal_GetCurTs) for Osal_GetCurTs
    app_wifi.o(i.WifiKeyHandle) refers to hal_key.o(i.Hal_ClearNewKeyFlg) for Hal_ClearNewKeyFlg
    app_wifi.o(i.WifiKeyHandle) refers to app_wifi.o(.bss) for wifiSetInfo
    app_wifi.o(i.WifiLedCtrl) refers to hal_led.o(i.Hal_GetWifiLedSta) for Hal_GetWifiLedSta
    app_wifi.o(i.WifiLedCtrl) refers to hal_led.o(i.Hal_WifiLedOn) for Hal_WifiLedOn
    app_wifi.o(i.WifiLedCtrl) refers to hal_led.o(i.Hal_WifiLedOff) for Hal_WifiLedOff
    app_wifi.o(i.WifiLedSetFlash) refers to app_wifi.o(i.WifiLedCtrl) for WifiLedCtrl
    app_wifi.o(i.WifiLedSetFlash) refers to hal_led.o(i.Hal_WifiLedOff) for Hal_WifiLedOff
    app_wifi.o(i.WifiLedSetFlash) refers to hal_led.o(i.Hal_WifiLedOn) for Hal_WifiLedOn
    app_wifi.o(i.WifiLedSetFlash) refers to app_wifi.o(.bss) for wifiSetInfo
    app_wifi.o(i.WifiLedSetFlash) refers to app_wifi.o(.data) for tick
    app_wifi.o(i.WifiTaskHandle) refers to hal_uart.o(i.Hal_UartReadByte) for Hal_UartReadByte
    app_wifi.o(i.WifiTaskHandle) refers to gizwits_protocol.o(i.gizPutData) for gizPutData
    app_wifi.o(i.WifiTaskHandle) refers to printf8.o(i.__0printf$8) for __2printf
    app_wifi.o(i.WifiTaskHandle) refers to osal.o(i.Osal_DiffTsToUsec) for Osal_DiffTsToUsec
    app_wifi.o(i.WifiTaskHandle) refers to osal.o(i.Osal_GetCurTs) for Osal_GetCurTs
    app_wifi.o(i.WifiTaskHandle) refers to app_wifi.o(i.WifiTmrCallBack) for WifiTmrCallBack
    app_wifi.o(i.WifiTaskHandle) refers to app_wifi.o(.data) for Ts
    app_wifi.o(i.WifiTaskInit) refers to printf8.o(i.__0printf$8) for __2printf
    app_wifi.o(i.WifiTaskInit) refers to srv_wifi_comm.o(i.Srv_WifiCommInit) for Srv_WifiCommInit
    app_wifi.o(i.WifiTaskInit) refers to gizwits_protocol.o(i.gizwitsInit) for gizwitsInit
    app_wifi.o(i.WifiTaskInit) refers to gizwits_product.o(i.userInit) for userInit
    app_wifi.o(i.WifiTmrCallBack) refers to gizwits_product.o(i.gizTimerMs) for gizTimerMs
    app_wifi.o(i.WifiTmrCallBack) refers to hal_key.o(i.Hal_KeyScan) for Hal_KeyScan
    app_wifi.o(i.WifiTmrCallBack) refers to app_wifi.o(i.WifiKeyHandle) for WifiKeyHandle
    app_wifi.o(i.WifiTmrCallBack) refers to app_wifi.o(i.WifiWorkManage) for WifiWorkManage
    app_wifi.o(i.WifiUpdateTime) refers to osal.o(i.Osal_DiffTsToUsec) for Osal_DiffTsToUsec
    app_wifi.o(i.WifiUpdateTime) refers to osal.o(i.Osal_GetCurTs) for Osal_GetCurTs
    app_wifi.o(i.WifiUpdateTime) refers to gizwits_product.o(i.Wifi_GetConnectSta) for Wifi_GetConnectSta
    app_wifi.o(i.WifiUpdateTime) refers to gizwits_protocol.o(i.gizwitsGetNTP) for gizwitsGetNTP
    app_wifi.o(i.WifiUpdateTime) refers to app_wifi.o(.data) for reqNtpTim
    app_wifi.o(i.WifiWorkManage) refers to app_wifi.o(i.WifiUpdateTime) for WifiUpdateTime
[...]
    .ARM.Collect$$$$0000000F                 0x080000fc   Section        0  entry11a.o(.ARM.Collect$$$$0000000F)
    .ARM.Collect$$$$00002712                 0x080000fc   Section        4  entry2.o(.ARM.Collect$$$$00002712)
    __lit__00000000                          0x080000fc   Data           4  entry2.o(.ARM.Collect$$$$00002712)
    .text                                    0x08000100   Section       36  startup_stm32f10x_md.o(.text)
    .text                                    0x08000124   Section        0  uldiv.o(.text)
    .text                                    0x08000186   Section        0  memcpya.o(.text)
    .text                                    0x080001aa   Section        0  memseta.o(.text)
    .text                                    0x080001ce   Section        0  llshl.o(.text)
    .text                                    0x080001ec   Section        0  llushr.o(.text)
    .text                                    0x0800020c   Section       36  init.o(.text)
    i.ADC1_2_IRQHandler                      0x08000230   Section        0  hal_int.o(i.ADC1_2_IRQHandler)
    i.AppStartTask                           0x0800023a   Section        0  uc.o(i.AppStartTask)
    AppStartTask                             0x0800023b   Thumb Code    12  uc.o(i.AppStartTask)
    i.BKP_DeInit                             0x08000246   Section        0  stm32f10x_bkp.o(i.BKP_DeInit)
    i.BKP_ReadBackupRegister                 0x08000258   Section        0  stm32f10x_bkp.o(i.BKP_ReadBackupRegister)
    i.BKP_WriteBackupRegister                0x08000274   Section        0  stm32f10x_bkp.o(i.BKP_WriteBackupRegister)
    i.BusFault_Handler                       0x08000290   Section        0  hal_int.o(i.BusFault_Handler)
    i.CAN1_RX1_IRQHandler                    0x0800029a   Section        0  hal_int.o(i.CAN1_RX1_IRQHandler)
    i.CAN1_SCE_IRQHandler                    0x080002a4   Section        0  hal_int.o(i.CAN1_SCE_IRQHandler)
    i.DMA1_Channel1_IRQHandler               0x080002ae   Section        0  hal_int.o(i.DMA1_Channel1_IRQHandler)
    i.DMA1_Channel2_IRQHandler               0x080002b8   Section        0  hal_int.o(i.DMA1_Channel2_IRQHandler)
    i.DMA1_Channel3_IRQHandler               0x080002c2   Section        0  hal_int.o(i.DMA1_Channel3_IRQHandler)
    i.DMA1_Channel4_IRQHandler               0x080002cc   Section        0  hal_int.o(i.DMA1_Channel4_IRQHandler)
    i.DMA1_Channel5_IRQHandler               0x080002d6   Section        0  hal_int.o(i.DMA1_Channel5_IRQHandler)
    i.DMA1_Channel6_IRQHandler               0x080002e0   Section        0  hal_int.o(i.DMA1_Channel6_IRQHandler)
    i.DMA1_Channel7_IRQHandler               0x080002ea   Section        0  hal_int.o(i.DMA1_Channel7_IRQHandler)
    i.DebugMon_Handler                       0x080002f4   Section        0  hal_int.o(i.DebugMon_Handler)
    i.Drv_DwtInit                            0x08000300   Section        0  drv_dwt.o(i.Drv_DwtInit)
    i.Drv_GetCpuFreq                         0x08000330   Section        0  drv_dwt.o(i.Drv_GetCpuFreq)
    i.Drv_GetDwtCnt                          0x08000348   Section        0  drv_dwt.o(i.Drv_GetDwtCnt)
    i.Drv_GpioInit                           0x08000354   Section        0  drv_gpio.o(i.Drv_GpioInit)
    i.Drv_GpioNameIn                         0x08000410   Section        0  drv_gpio.o(i.Drv_GpioNameIn)
    i.Drv_GpioNameOut                        0x0800044c   Section        0  drv_gpio.o(i.Drv_GpioNameOut)
    i.Drv_IsUartRxInt                        0x080004a4   Section        0  drv_uart.o(i.Drv_IsUartRxInt)
    i.Drv_IsUartTxInt                        0x080004c8   Section        0  drv_uart.o(i.Drv_IsUartTxInt)
    i.Drv_RtcDelay                           0x080004ec   Section        0  drv_rtc.o(i.Drv_RtcDelay)
    Drv_RtcDelay                             0x080004ed   Thumb Code    26  drv_rtc.o(i.Drv_RtcDelay)
    i.Drv_RtcGetCount                        0x08000508   Section        0  drv_rtc.o(i.Drv_RtcGetCount)
    i.Drv_RtcInit                            0x0800051c   Section        0  drv_rtc.o(i.Drv_RtcInit)
    i.Drv_RtcIsSecInt                        0x080005e0   Section        0  drv_rtc.o(i.Drv_RtcIsSecInt)
    i.Drv_RtcIsrHandle                       0x080005f2   Section        0  drv_rtc.o(i.Drv_RtcIsrHandle)
    i.Drv_RtcNvicInit                        0x08000600   Section        0  drv_rtc.o(i.Drv_RtcNvicInit)
    Drv_RtcNvicInit                          0x08000601   Thumb Code    44  drv_rtc.o(i.Drv_RtcNvicInit)
    i.Drv_RtcSetCount                        0x08000630   Section        0  drv_rtc.o(i.Drv_RtcSetCount)
    i.Drv_SysUartInit                        0x08000650   Section        0  drv_uart.o(i.Drv_SysUartInit)
    i.Drv_UartGetRevData                     0x08000774   Section        0  drv_uart.o(i.Drv_UartGetRevData)
    i.Drv_UartITRxDisable                    0x0800078c   Section        0  drv_uart.o(i.Drv_UartITRxDisable)
    i.Drv_UartITRxEnable                     0x080007a8   Section        0  drv_uart.o(i.Drv_UartITRxEnable)
    i.Drv_UartITTxDisable                    0x080007c4   Section        0  drv_uart.o(i.Drv_UartITTxDisable)
    i.Drv_UartITTxEnable                     0x080007e0   Section        0  drv_uart.o(i.Drv_UartITTxEnable)
    i.Drv_UartTxByte                         0x080007fc   Section        0  drv_uart.o(i.Drv_UartTxByte)
    i.EXTI0_IRQHandler                       0x08000818   Section        0  hal_int.o(i.EXTI0_IRQHandler)
    i.EXTI15_10_IRQHandler                   0x08000822   Section        0  hal_int.o(i.EXTI15_10_IRQHandler)
    i.EXTI1_IRQHandler                       0x0800082c   Section        0  hal_int.o(i.EXTI1_IRQHandler)
    i.EXTI2_IRQHandler                       0x08000836   Section        0  hal_int.o(i.EXTI2_IRQHandler)
    i.EXTI3_IRQHandler                       0x08000840   Section        0  hal_int.o(i.EXTI3_IRQHandler)
    i.EXTI4_IRQHandler                       0x0800084a   Section        0  hal_int.o(i.EXTI4_IRQHandler)
    i.EXTI9_5_IRQHandler                     0x08000854   Section        0  hal_int.o(i.EXTI9_5_IRQHandler)
    i.FLASH_IRQHandler                       0x0800085e   Section        0  hal_int.o(i.FLASH_IRQHandler)
    i.GPIO_Init                              0x08000868   Section        0  stm32f10x_gpio.o(i.GPIO_Init)
    i.GPIO_ReadInputDataBit                  0x0800097e   Section        0  stm32f10x_gpio.o(i.GPIO_ReadInputDataBit)
    i.GPIO_ResetBits                         0x08000990   Section        0  stm32f10x_gpio.o(i.GPIO_ResetBits)
    i.GPIO_SetBits                           0x08000994   Section        0  stm32f10x_gpio.o(i.GPIO_SetBits)
    i.Hal_CheckNewKey                        0x08000998   Section        0  hal_key.o(i.Hal_CheckNewKey)
    i.Hal_ClearNewKeyFlg                     0x080009a8   Section        0  hal_key.o(i.Hal_ClearNewKeyFlg)
    i.Hal_DisableAllInt                      0x080009b8   Section        0  hal_int.o(i.Hal_DisableAllInt)
    i.Hal_EnableAllInt                       0x080009cc   Section        0  hal_int.o(i.Hal_EnableAllInt)
    i.Hal_ExcptionHandle                     0x080009ec   Section        0  hal_int.o(i.Hal_ExcptionHandle)
    Hal_ExcptionHandle                       0x080009ed   Thumb Code    18  hal_int.o(i.Hal_ExcptionHandle)
    i.Hal_GetKeySta                          0x08000a04   Section        0  hal_key.o(i.Hal_GetKeySta)
    i.Hal_GetWifiLedSta                      0x08000a14   Section        0  hal_led.o(i.Hal_GetWifiLedSta)
    i.Hal_IoInit                             0x08000a20   Section        0  hal_led.o(i.Hal_IoInit)
    i.Hal_KeyScan                            0x08000a28   Section        0  hal_key.o(i.Hal_KeyScan)
    i.Hal_KeyStateManage                     0x08000a68   Section        0  hal_key.o(i.Hal_KeyStateManage)
    Hal_KeyStateManage                       0x08000a69   Thumb Code   294  hal_key.o(i.Hal_KeyStateManage)
    i.Hal_RtcGetWeek                         0x08000ba4   Section        0  hal_rtc.o(i.Hal_RtcGetWeek)
    Hal_RtcGetWeek                           0x08000ba5   Thumb Code   122  hal_rtc.o(i.Hal_RtcGetWeek)
    i.Hal_RtcInit                            0x08000c24   Section        0  hal_rtc.o(i.Hal_RtcInit)
    i.Hal_RtcIsrHandle                       0x08000c60   Section        0  hal_rtc.o(i.Hal_RtcIsrHandle)
    Hal_RtcIsrHandle                         0x08000c61   Thumb Code    20  hal_rtc.o(i.Hal_RtcIsrHandle)
    i.Hal_RtcJudgeLeap                       0x08000c74   Section        0  hal_rtc.o(i.Hal_RtcJudgeLeap)
    Hal_RtcJudgeLeap                         0x08000c75   Thumb Code    58  hal_rtc.o(i.Hal_RtcJudgeLeap)
    i.Hal_RtcSetTime                         0x08000cb0   Section        0  hal_rtc.o(i.Hal_RtcSetTime)
    i.Hal_RtcUpdate                          0x08000d80   Section        0  hal_rtc.o(i.Hal_RtcUpdate)
    Hal_RtcUpdate                            0x08000d81   Thumb Code   224  hal_rtc.o(i.Hal_RtcUpdate)
    i.Hal_RunLedOff                          0x08000e70   Section        0  hal_led.o(i.Hal_RunLedOff)
    i.Hal_RunLedOn                           0x08000e7c   Section        0  hal_led.o(i.Hal_RunLedOn)
    i.Hal_SysComIsrHandle                    0x08000e88   Section        0  hal_uart.o(i.Hal_SysComIsrHandle)
    Hal_SysComIsrHandle                      0x08000e89   Thumb Code    98  hal_uart.o(i.Hal_SysComIsrHandle)
    i.Hal_SysISRSet                          0x08000ef8   Section        0  hal_int.o(i.Hal_SysISRSet)
    i.Hal_SysInit                            0x08000f18   Section        0  hal.o(i.Hal_SysInit)
    i.Hal_SysIntConfig                       0x08000f48   Section        0  hal_int.o(i.Hal_SysIntConfig)
    Hal_SysIntConfig                         0x08000f49   Thumb Code    12  hal_int.o(i.Hal_SysIntConfig)
    i.Hal_SysIntHandle                       0x08000f54   Section        0  hal_int.o(i.Hal_SysIntHandle)
    Hal_SysIntHandle                         0x08000f55   Thumb Code    26  hal_int.o(i.Hal_SysIntHandle)
    i.Hal_SysIntInit                         0x08000f78   Section        0  hal_int.o(i.Hal_SysIntInit)
    i.Hal_SysUartInit                        0x08000f9c   Section        0  hal_uart.o(i.Hal_SysUartInit)
    i.Hal_UartReadByte                       0x08001008   Section        0  hal_uart.o(i.Hal_UartReadByte)
    i.Hal_UartWrite                          0x08001038   Section        0  hal_uart.o(i.Hal_UartWrite)
    i.Hal_WifiComIsrHandle                   0x080010c8   Section        0  hal_uart.o(i.Hal_WifiComIsrHandle)
    Hal_WifiComIsrHandle                     0x080010c9   Thumb Code    98  hal_uart.o(i.Hal_WifiComIsrHandle)
    i.Hal_WifiLedOff                         0x08001138   Section        0  hal_led.o(i.Hal_WifiLedOff)
    i.Hal_WifiLedOn                          0x08001150   Section        0  hal_led.o(i.Hal_WifiLedOn)
    i.HardFault_Handler                      0x08001168   Section        0  hal_int.o(i.HardFault_Handler)
    i.I2C1_ER_IRQHandler                     0x08001172   Section        0  hal_int.o(i.I2C1_ER_IRQHandler)
    i.I2C1_EV_IRQHandler                     0x0800117c   Section        0  hal_int.o(i.I2C1_EV_IRQHandler)
    i.I2C2_ER_IRQHandler                     0x08001186   Section        0  hal_int.o(i.I2C2_ER_IRQHandler)
    i.I2C2_EV_IRQHandler                     0x08001190   Section        0  hal_int.o(i.I2C2_EV_IRQHandler)
    i.MemManage_Handler                      0x0800119a   Section        0  hal_int.o(i.MemManage_Handler)
    i.NMI_Handler                            0x080011a4   Section        0  hal_int.o(i.NMI_Handler)
    i.NVIC_Init                              0x080011b0   Section        0  misc.o(i.NVIC_Init)
    i.NVIC_PriorityGroupConfig               0x08001220   Section        0  misc.o(i.NVIC_PriorityGroupConfig)
    i.Osal_DiffTsToUsec                      0x08001234   Section        0  osal.o(i.Osal_DiffTsToUsec)
    i.Osal_GetCurTs                          0x08001288   Section        0  osal.o(i.Osal_GetCurTs)
    i.PVD_IRQHandler                         0x08001290   Section        0  hal_int.o(i.PVD_IRQHandler)
    i.PWR_BackupAccessCmd                    0x0800129c   Section        0  stm32f10x_pwr.o(i.PWR_BackupAccessCmd)
    i.PendSV_Handler                         0x080012a8   Section        0  hal_int.o(i.PendSV_Handler)
    i.RCC_APB1PeriphClockCmd                 0x080012b8   Section        0  stm32f10x_rcc.o(i.RCC_APB1PeriphClockCmd)
    i.RCC_APB1PeriphResetCmd                 0x080012d8   Section        0  stm32f10x_rcc.o(i.RCC_APB1PeriphResetCmd)
    i.RCC_APB2PeriphClockCmd                 0x080012f8   Section        0  stm32f10x_rcc.o(i.RCC_APB2PeriphClockCmd)
    i.RCC_APB2PeriphResetCmd                 0x08001318   Section        0  stm32f10x_rcc.o(i.RCC_APB2PeriphResetCmd)
    i.RCC_BackupResetCmd                     0x08001338   Section        0  stm32f10x_rcc.o(i.RCC_BackupResetCmd)
    i.RCC_GetClocksFreq                      0x08001344   Section        0  stm32f10x_rcc.o(i.RCC_GetClocksFreq)
    i.RCC_GetFlagStatus                      0x08001418   Section        0  stm32f10x_rcc.o(i.RCC_GetFlagStatus)
    i.RCC_IRQHandler                         0x08001454   Section        0  hal_int.o(i.RCC_IRQHandler)
    i.RCC_LSEConfig                          0x08001460   Section        0  stm32f10x_rcc.o(i.RCC_LSEConfig)
    i.RCC_RTCCLKCmd                          0x08001494   Section        0  stm32f10x_rcc.o(i.RCC_RTCCLKCmd)
    i.RCC_RTCCLKConfig                       0x080014a0   Section        0  stm32f10x_rcc.o(i.RCC_RTCCLKConfig)
    i.RTCAlarm_IRQHandler                    0x080014b0   Section        0  hal_int.o(i.RTCAlarm_IRQHandler)
    i.RTC_ClearITPendingBit                  0x080014bc   Section        0  stm32f10x_rtc.o(i.RTC_ClearITPendingBit)
    i.RTC_EnterConfigMode                    0x080014cc   Section        0  stm32f10x_rtc.o(i.RTC_EnterConfigMode)
    i.RTC_ExitConfigMode                     0x080014e0   Section        0  stm32f10x_rtc.o(i.RTC_ExitConfigMode)
    i.RTC_GetITStatus                        0x080014f4   Section        0  stm32f10x_rtc.o(i.RTC_GetITStatus)
    i.RTC_IRQHandler                         0x08001518   Section        0  hal_int.o(i.RTC_IRQHandler)
    i.RTC_ITConfig                           0x08001524   Section        0  stm32f10x_rtc.o(i.RTC_ITConfig)
    i.RTC_SetCounter                         0x08001544   Section        0  stm32f10x_rtc.o(i.RTC_SetCounter)
    i.RTC_SetPrescaler                       0x08001560   Section        0  stm32f10x_rtc.o(i.RTC_SetPrescaler)
    i.RTC_WaitForLastTask                    0x08001580   Section        0  stm32f10x_rtc.o(i.RTC_WaitForLastTask)
    i.RTC_WaitForSynchro                     0x08001594   Section        0  stm32f10x_rtc.o(i.RTC_WaitForSynchro)
    i.SPI1_IRQHandler                        0x080015b8   Section        0  hal_int.o(i.SPI1_IRQHandler)
    i.SPI2_IRQHandler                        0x080015c2   Section        0  hal_int.o(i.SPI2_IRQHandler)
    i.SVC_Handler                            0x080015cc   Section        0  hal_int.o(i.SVC_Handler)
    i.SetSysClock                            0x080015d6   Section        0  system_stm32f10x.o(i.SetSysClock)
    SetSysClock                              0x080015d7   Thumb Code     8  system_stm32f10x.o(i.SetSysClock)
    i.SetSysClockTo72                        0x080015e0   Section        0  system_stm32f10x.o(i.SetSysClockTo72)
    SetSysClockTo72                          0x080015e1   Thumb Code   214  system_stm32f10x.o(i.SetSysClockTo72)
    i.Srv_QueueIn                            0x080016c0   Section        0  srv_queue.o(i.Srv_QueueIn)
    i.Srv_QueueInit                          0x080016f2   Section        0  srv_queue.o(i.Srv_QueueInit)
    i.Srv_QueueIsEmpty                       0x08001700   Section        0  srv_queue.o(i.Srv_QueueIsEmpty)
    i.Srv_QueueOut                           0x0800170c   Section        0  srv_queue.o(i.Srv_QueueOut)
    i.Srv_ReadQueueHead                      0x0800173c   Section        0  srv_queue.o(i.Srv_ReadQueueHead)
    i.Srv_WifiCommInit                       0x08001754   Section        0  srv_wifi_comm.o(i.Srv_WifiCommInit)
    i.Srv_WifiCommTx                         0x08001756   Section        0  srv_wifi_comm.o(i.Srv_WifiCommTx)
    i.SysTick_Handler                        0x08001768   Section        0  hal_int.o(i.SysTick_Handler)
    i.SystemInit                             0x08001774   Section        0  system_stm32f10x.o(i.SystemInit)
    i.SystemLedFlash                         0x080017d4   Section        0  app_led.o(i.SystemLedFlash)
    i.SystemLedInit                          0x08001818   Section        0  app_led.o(i.SystemLedInit)
    i.TAMPER_IRQHandler                      0x0800181a   Section        0  hal_int.o(i.TAMPER_IRQHandler)
    i.TIM1_BRK_IRQHandler                    0x08001824   Section        0  hal_int.o(i.TIM1_BRK_IRQHandler)
    i.TIM1_CC_IRQHandler                     0x0800182e   Section        0  hal_int.o(i.TIM1_CC_IRQHandler)
    i.TIM1_TRG_COM_IRQHandler                0x08001838   Section        0  hal_int.o(i.TIM1_TRG_COM_IRQHandler)
    i.TIM1_UP_IRQHandler                     0x08001842   Section        0  hal_int.o(i.TIM1_UP_IRQHandler)
    i.TIM2_IRQHandler                        0x0800184c   Section        0  hal_int.o(i.TIM2_IRQHandler)
    i.TIM3_IRQHandler                        0x08001856   Section        0  hal_int.o(i.TIM3_IRQHandler)
    i.TIM4_IRQHandler                        0x08001860   Section        0  hal_int.o(i.TIM4_IRQHandler)
    i.USART1_IRQHandler                      0x0800186a   Section        0  hal_int.o(i.USART1_IRQHandler)
    i.USART2_IRQHandler                      0x08001874   Section        0  hal_int.o(i.USART2_IRQHandler)
    i.USART3_IRQHandler                      0x0800187e   Section        0  hal_int.o(i.USART3_IRQHandler)
    i.USART_Cmd                              0x08001888   Section        0  stm32f10x_usart.o(i.USART_Cmd)
    i.USART_DeInit                           0x080018a0   Section        0  stm32f10x_usart.o(i.USART_DeInit)
    i.USART_GetITStatus                      0x0800193c   Section        0  stm32f10x_usart.o(i.USART_GetITStatus)
    i.USART_ITConfig                         0x08001990   Section        0  stm32f10x_usart.o(i.USART_ITConfig)
    i.USART_Init                             0x080019dc   Section        0  stm32f10x_usart.o(i.USART_Init)
    i.USART_ReceiveData                      0x08001ab4   Section        0  stm32f10x_usart.o(i.USART_ReceiveData)
    i.USART_SendData                         0x08001abe   Section        0  stm32f10x_usart.o(i.USART_SendData)
    i.USBWakeUp_IRQHandler                   0x08001ac6   Section        0  hal_int.o(i.USBWakeUp_IRQHandler)
    i.USB_HP_CAN1_TX_IRQHandler              0x08001ad0   Section        0  hal_int.o(i.USB_HP_CAN1_TX_IRQHandler)
    i.USB_LP_CAN1_RX0_IRQHandler             0x08001ada   Section        0  hal_int.o(i.USB_LP_CAN1_RX0_IRQHandler)
    i.UsageFault_Handler                     0x08001ae4   Section        0  hal_int.o(i.UsageFault_Handler)
    i.WWDG_IRQHandler                        0x08001aee   Section        0  hal_int.o(i.WWDG_IRQHandler)
    i.WifiDataHandle                         0x08001af8   Section        0  app_wifi.o(i.WifiDataHandle)
    WifiDataHandle                           0x08001af9   Thumb Code    42  app_wifi.o(i.WifiDataHandle)
    i.WifiKeyHandle                          0x08001b34   Section        0  app_wifi.o(i.WifiKeyHandle)
    WifiKeyHandle                            0x08001b35   Thumb Code   128  app_wifi.o(i.WifiKeyHandle)
    i.WifiLedCtrl                            0x08001c0c   Section        0  app_wifi.o(i.WifiLedCtrl)
    WifiLedCtrl                              0x08001c0d   Thumb Code    20  app_wifi.o(i.WifiLedCtrl)
    i.WifiLedSetFlash                        0x08001c20   Section        0  app_wifi.o(i.WifiLedSetFlash)
    WifiLedSetFlash                          0x08001c21   Thumb Code    90  app_wifi.o(i.WifiLedSetFlash)
    i.WifiTaskHandle                         0x08001c88   Section        0  app_wifi.o(i.WifiTaskHandle)
    i.WifiTaskInit                           0x08001cd4   Section        0  app_wifi.o(i.WifiTaskInit)
    i.WifiTmrCallBack                        0x08001d40   Section        0  app_wifi.o(i.WifiTmrCallBack)
    WifiTmrCallBack                          0x08001d41   Thumb Code    34  app_wifi.o(i.WifiTmrCallBack)
    i.WifiUpdateTime                         0x08001d64   Section        0  app_wifi.o(i.WifiUpdateTime)
    WifiUpdateTime                           0x08001d65   Thumb Code    38  app_wifi.o(i.WifiUpdateTime)
    i.WifiWorkManage                         0x08001d94   Section        0  app_wifi.o(i.WifiWorkManage)
    WifiWorkManage                           0x08001d95   Thumb Code    78  app_wifi.o(i.WifiWorkManage)
    i.Wifi_GetConnectSta                     0x08001de8   Section        0  gizwits_product.o(i.Wifi_GetConnectSta)
    i.__0printf$8                            0x08001df4   Section        0  printf8.o(i.__0printf$8)
    i.__scatterload_copy                     0x08001e14   Section       14  handlers.o(i.__scatterload_copy)
    i.__scatterload_null                     0x08001e22   Section        2  handlers.o(i.__scatterload_null)
    i.__scatterload_zeroinit                 0x08001e24   Section       14  handlers.o(i.__scatterload_zeroinit)
    i._printf_core                           0x08001e34   Section        0  printf8.o(i._printf_core)
    _printf_core                             0x08001e35   Thumb Code   996  printf8.o(i._printf_core)
    i._printf_post_padding                   0x08002244   Section        0  printf8.o(i._printf_post_padding)
    _printf_post_padding                     0x08002245   Thumb Code    36  printf8.o(i._printf_post_padding)
    i._printf_pre_padding                    0x08002268   Section        0  printf8.o(i._printf_pre_padding)
    _printf_pre_padding                      0x08002269   Thumb Code    46  printf8.o(i._printf_pre_padding)
    i.exchangeBytes                          0x08002296   Section        0  common.o(i.exchangeBytes)
    i.exchangeWord                           0x080022b0   Section        0  common.o(i.exchangeWord)
    i.fputc                                  0x080022ca   Section        0  std_lib.o(i.fputc)
    i.gizAcrossByteJudge                     0x080022dc   Section        0  datapointtools.o(i.gizAcrossByteJudge)
    i.gizByteOrderExchange                   0x08002306   Section        0  datapointtools.o(i.gizByteOrderExchange)
    i.gizCheckReport                         0x08002338   Section        0  gizwits_protocol.o(i.gizCheckReport)
    gizCheckReport                           0x08002339   Thumb Code    68  gizwits_protocol.o(i.gizCheckReport)
    i.gizDataPoint2Event                     0x080023c4   Section        0  gizwits_protocol.o(i.gizDataPoint2Event)
    gizDataPoint2Event                       0x080023c5   Thumb Code    78  gizwits_protocol.o(i.gizDataPoint2Event)
    i.gizDataPoints2ReportData               0x08002440   Section        0  gizwits_protocol.o(i.gizDataPoints2ReportData)
    gizDataPoints2ReportData                 0x08002441   Thumb Code    54  gizwits_protocol.o(i.gizDataPoints2ReportData)
    i.gizDevReportPolicy                     0x080024a8   Section        0  gizwits_protocol.o(i.gizDevReportPolicy)
    gizDevReportPolicy                       0x080024a9   Thumb Code   128  gizwits_protocol.o(i.gizDevReportPolicy)
    i.gizGetTimerCount                       0x08002564   Section        0  gizwits_product.o(i.gizGetTimerCount)
    i.gizProtocolAckHandle                   0x08002570   Section        0  gizwits_protocol.o(i.gizProtocolAckHandle)
    gizProtocolAckHandle                     0x08002571   Thumb Code    94  gizwits_protocol.o(i.gizProtocolAckHandle)
    i.gizProtocolCommonAck                   0x080025fc   Section        0  gizwits_protocol.o(i.gizProtocolCommonAck)
    gizProtocolCommonAck                     0x080025fd   Thumb Code    86  gizwits_protocol.o(i.gizProtocolCommonAck)
    i.gizProtocolErrorCmd                    0x0800269c   Section        0  gizwits_protocol.o(i.gizProtocolErrorCmd)
    gizProtocolErrorCmd                      0x0800269d   Thumb Code    90  gizwits_protocol.o(i.gizProtocolErrorCmd)
    i.gizProtocolGetDeviceInfo               0x08002740   Section        0  gizwits_protocol.o(i.gizProtocolGetDeviceInfo)
    gizProtocolGetDeviceInfo                 0x08002741   Thumb Code   182  gizwits_protocol.o(i.gizProtocolGetDeviceInfo)
    i.gizProtocolGetOnePacket                0x080028bc   Section        0  gizwits_protocol.o(i.gizProtocolGetOnePacket)
    gizProtocolGetOnePacket                  0x080028bd   Thumb Code   358  gizwits_protocol.o(i.gizProtocolGetOnePacket)
    i.gizProtocolHeadInit                    0x08002a64   Section        0  gizwits_protocol.o(i.gizProtocolHeadInit)
    gizProtocolHeadInit                      0x08002a65   Thumb Code    34  gizwits_protocol.o(i.gizProtocolHeadInit)
    i.gizProtocolIssuedDataAck               0x08002ab4   Section        0  gizwits_protocol.o(i.gizProtocolIssuedDataAck)
    gizProtocolIssuedDataAck                 0x08002ab5   Thumb Code   230  gizwits_protocol.o(i.gizProtocolIssuedDataAck)
    i.gizProtocolIssuedProcess               0x08002bf4   Section        0  gizwits_protocol.o(i.gizProtocolIssuedProcess)
    gizProtocolIssuedProcess                 0x08002bf5   Thumb Code   212  gizwits_protocol.o(i.gizProtocolIssuedProcess)
    i.gizProtocolModuleInfoHandle            0x08002cfc   Section        0  gizwits_protocol.o(i.gizProtocolModuleInfoHandle)
    gizProtocolModuleInfoHandle              0x08002cfd   Thumb Code    70  gizwits_protocol.o(i.gizProtocolModuleInfoHandle)
    i.gizProtocolModuleStatus                0x08002d58   Section        0  gizwits_protocol.o(i.gizProtocolModuleStatus)
    gizProtocolModuleStatus                  0x08002d59   Thumb Code   816  gizwits_protocol.o(i.gizProtocolModuleStatus)
    i.gizProtocolNTP                         0x0800325c   Section        0  gizwits_protocol.o(i.gizProtocolNTP)
    gizProtocolNTP                           0x0800325d   Thumb Code   112  gizwits_protocol.o(i.gizProtocolNTP)
    i.gizProtocolReboot                      0x080032e4   Section        0  gizwits_protocol.o(i.gizProtocolReboot)
    gizProtocolReboot                        0x080032e5   Thumb Code    28  gizwits_protocol.o(i.gizProtocolReboot)
    i.gizProtocolResendData                  0x08003300   Section        0  gizwits_protocol.o(i.gizProtocolResendData)
    gizProtocolResendData                    0x08003301   Thumb Code    64  gizwits_protocol.o(i.gizProtocolResendData)
    i.gizProtocolSum                         0x0800337c   Section        0  common.o(i.gizProtocolSum)
    i.gizProtocolWaitAck                     0x080033a4   Section        0  gizwits_protocol.o(i.gizProtocolWaitAck)
    gizProtocolWaitAck                       0x080033a5   Thumb Code    70  gizwits_protocol.o(i.gizProtocolWaitAck)
    i.gizProtocolWaitAckCheck                0x08003408   Section        0  gizwits_protocol.o(i.gizProtocolWaitAckCheck)
    gizProtocolWaitAckCheck                  0x08003409   Thumb Code    44  gizwits_protocol.o(i.gizProtocolWaitAckCheck)
    i.gizPutData                             0x08003450   Section        0  gizwits_protocol.o(i.gizPutData)
    i.gizReportData                          0x080034c4   Section        0  gizwits_protocol.o(i.gizReportData)
    gizReportData                            0x080034c5   Thumb Code   136  gizwits_protocol.o(i.gizReportData)
    i.gizStandardCompressValue               0x08003594   Section        0  datapointtools.o(i.gizStandardCompressValue)
    i.gizStandardDecompressionValue          0x08003614   Section        0  datapointtools.o(i.gizStandardDecompressionValue)
    i.gizTimerMs                             0x080036d8   Section        0  gizwits_product.o(i.gizTimerMs)
    i.gizwitsEventProcess                    0x080036e8   Section        0  gizwits_product.o(i.gizwitsEventProcess)
    i.gizwitsGetNTP                          0x080038b0   Section        0  gizwits_protocol.o(i.gizwitsGetNTP)
    i.gizwitsHandle                          0x08003934   Section        0  gizwits_protocol.o(i.gizwitsHandle)
    i.gizwitsInit                            0x08003ca0   Section        0  gizwits_protocol.o(i.gizwitsInit)
    i.gizwitsSetMode                         0x08003d00   Section        0  gizwits_protocol.o(i.gizwitsSetMode)
    i.main                                   0x08003f88   Section        0  uc.o(i.main)
    i.mcuRestart                             0x08003f9c   Section        0  gizwits_product.o(i.mcuRestart)
    i.rbCanRead                              0x08003fa8   Section        0  ringbuffer.o(i.rbCanRead)
    i.rbCanWrite                             0x08003fe0   Section        0  ringbuffer.o(i.rbCanWrite)
    i.rbCapacity                             0x08003ffe   Section        0  ringbuffer.o(i.rbCapacity)
    i.rbCreate                               0x0800400c   Section        0  ringbuffer.o(i.rbCreate)
    i.rbRead                                 0x08004022   Section        0  ringbuffer.o(i.rbRead)
    i.rbWrite                                0x080040c4   Section        0  ringbuffer.o(i.rbWrite)
    i.uartWrite                              0x08004160   Section        0  gizwits_product.o(i.uartWrite)
    i.userHandle                             0x080041fc   Section        0  gizwits_product.o(i.userHandle)
    i.userInit                               0x08004218   Section        0  gizwits_product.o(i.userInit)
    .constdata                               0x08004224   Section       32  hal_rtc.o(.constdata)
    rtcMonTbl                                0x08004224   Data          12  hal_rtc.o(.constdata)
    rtcWeekTbl                               0x08004230   Data          12  hal_rtc.o(.constdata)
    .constdata                               0x08004244   Section      140  drv_gpio.o(.constdata)
    gpioConfigArry                           0x08004244   Data         140  drv_gpio.o(.constdata)
    .constdata                               0x080042d0   Section       64  drv_uart.o(.constdata)
    uartConfigTbl                            0x080042d0   Data          64  drv_uart.o(.constdata)
    .data                                    0x20000000   Section        5  app_led.o(.data)
    Ts                                       0x20000000   Data           4  app_led.o(.data)
    runFlag                                  0x20000004   Data           1  app_led.o(.data)
    .data                                    0x20000008   Section       16  app_wifi.o(.data)
    Ts                                       0x20000008   Data           4  app_wifi.o(.data)
    reqNtpTim                                0x2000000c   Data           4  app_wifi.o(.data)
    updateTim                                0x20000010   Data           4  app_wifi.o(.data)
    tick                                     0x20000014   Data           2  app_wifi.o(.data)
    times                                    0x20000016   Data           2  app_wifi.o(.data)
    .data                                    0x20000018   Section        1  hal.o(.data)
    halInitSta                               0x20000018   Data           1  hal.o(.data)
    .data                                    0x2000001c   Section        9  hal_int.o(.data)
    intCount                                 0x2000001c   Data           4  hal_int.o(.data)
    sysFaultFunc                             0x20000020   Data           4  hal_int.o(.data)
    sysIntId                                 0x20000024   Data           1  hal_int.o(.data)
    .data                                    0x20000025   Section        1  hal_led.o(.data)
    wifiLedSta                               0x20000025   Data           1  hal_led.o(.data)
    .data                                    0x20000028   Section        8  hal_uart.o(.data)
    SysRxSemPostFunc                         0x20000028   Data           4  hal_uart.o(.data)
    WifiRxSemPostFunc                        0x2000002c   Data           4  hal_uart.o(.data)
    .data                                    0x20000030   Section       10  hal_rtc.o(.data)
    sysTime                                  0x20000030   Data           8  hal_rtc.o(.data)
    dayCnt                                   0x20000038   Data           2  hal_rtc.o(.data)
    .data                                    0x2000003a   Section        2  hal_key.o(.data)
    keyManage                                0x2000003a   Data           2  hal_key.o(.data)
    .data                                    0x2000003c   Section        6  gizwits_product.o(.data)
    timerMsCount                             0x2000003c   Data           4  gizwits_product.o(.data)
    wifiConnectSta                           0x20000040   Data           1  gizwits_product.o(.data)
    .data                                    0x20000044   Section       16  gizwits_protocol.o(.data)
    lastReportTime                           0x20000044   Data           4  gizwits_protocol.o(.data)
    lastRepTime                              0x20000048   Data           4  gizwits_protocol.o(.data)
    protocolFlag                             0x2000004c   Data           1  gizwits_protocol.o(.data)
    protocolCount                            0x2000004e   Data           2  gizwits_protocol.o(.data)
    lastData                                 0x20000050   Data           1  gizwits_protocol.o(.data)
    debugCount                               0x20000051   Data           1  gizwits_protocol.o(.data)
    lastStatus                               0x20000052   Data           2  gizwits_protocol.o(.data)
    .data                                    0x20000054   Section        1  drv_dwt.o(.data)
    dwtInitFinished                          0x20000054   Data           1  drv_dwt.o(.data)
    .data                                    0x20000055   Section        1  drv_gpio.o(.data)
    gpioInitFinish                           0x20000055   Data           1  drv_gpio.o(.data)
    .data                                    0x20000056   Section        1  drv_uart.o(.data)
    uartInitFinished                         0x20000056   Data           1  drv_uart.o(.data)
    .data                                    0x20000057   Section        4  drv_rtc.o(.data)
    <Data1>                                  0x20000057   Data           4  drv_rtc.o(.data)
    .data                                    0x2000005b   Section       20  stm32f10x_rcc.o(.data)
    APBAHBPrescTable                         0x2000005b   Data          16  stm32f10x_rcc.o(.data)
    ADCPrescTable                            0x2000006b   Data           4  stm32f10x_rcc.o(.data)
    .data                                    0x20000070   Section        4  stdout.o(.data)
    .bss                                     0x20000074   Section       12  app_wifi.o(.bss)
    wifiSetInfo                              0x20000074   Data          12  app_wifi.o(.bss)
    .bss                                     0x20000080   Section      272  hal_int.o(.bss)
    sysIntVectTbl                            0x20000080   Data         272  hal_int.o(.bss)
    .bss                                     0x20000190   Section      432  hal_uart.o(.bss)
    sysUartTxBuf                             0x20000190   Data         256  hal_uart.o(.bss)
    sysUartRxBuf                             0x20000290   Data         128  hal_uart.o(.bss)
    sysUartTxQueue                           0x20000310   Data          24  hal_uart.o(.bss)
    sysUartRxQueue                           0x20000328   Data          24  hal_uart.o(.bss)
    .bss                                     0x20000340   Section       16  hal_key.o(.bss)
    keyShake                                 0x20000340   Data          16  hal_key.o(.bss)
    .bss                                     0x20000350   Section      304  gizwits_protocol.o(.bss)
    rbBuf                                    0x20000454   Data          44  gizwits_protocol.o(.bss)
    STACK                                    0x20000480   Section     1536  startup_stm32f10x_md.o(STACK)

    Global Symbols

    Symbol Name                              Value     Ov Type        Size  Object(Section)

    BuildAttributes$$THM_ISAv4$P$D$K$B$S$PE$A:L22UL41UL21$X:L11$S22US41US21$IEEE1$IW$USESV6$~STKCKD$USESV7$~SHL$OTIME$ROPI$EBA8$MICROLIB$REQ8$PRES8$EABIv2 0x00000000   Number         0  anon$$obj.o ABSOLUTE
    __ARM_use_no_argv                        0x00000000   Number         0  uc.o ABSOLUTE
    _printf_a                                0x00000000   Number         0  stubs.o ABSOLUTE
    _printf_c                                0x00000000   Number         0  stubs.o ABSOLUTE
    _printf_charcount                        0x00000000   Number         0  stubs.o ABSOLUTE
    _printf_d                                0x00000000   Number         0  stubs.o ABSOLUTE
    _printf_e                                0x00000000   Number         0  stubs.o ABSOLUTE
    _printf_f                                0x00000000   Number         0  stubs.o ABSOLUTE
    _printf_flags                            0x00000000   Number         0  stubs.o ABSOLUTE
    _printf_fp_dec                           0x00000000   Number         0  stubs.o ABSOLUTE
    _printf_fp_hex                           0x00000000   Number         0  stubs.o ABSOLUTE
    _printf_g                                0x00000000   Number         0  stubs.o ABSOLUTE
    _printf_i                                0x00000000   Number         0  stubs.o ABSOLUTE
    _printf_int_dec                          0x00000000   Number         0  stubs.o ABSOLUTE
    _printf_l                                0x00000000   Number         0  stubs.o ABSOLUTE
    _printf_lc                               0x00000000   Number         0  stubs.o ABSOLUTE
    _printf_ll                               0x00000000   Number         0  stubs.o ABSOLUTE
    _printf_lld                              0x00000000   Number         0  stubs.o ABSOLUTE
    _printf_lli                              0x00000000   Number         0  stubs.o ABSOLUTE
    _printf_llo                              0x00000000   Number         0  stubs.o ABSOLUTE
    _printf_llu                              0x00000000   Number         0  stubs.o ABSOLUTE
    _printf_llx                              0x00000000   Number         0  stubs.o ABSOLUTE
    _printf_longlong_dec                     0x00000000   Number         0  stubs.o ABSOLUTE
    _printf_longlong_hex                     0x00000000   Number         0  stubs.o ABSOLUTE
    _printf_longlong_oct                     0x00000000   Number         0  stubs.o ABSOLUTE
    _printf_ls                               0x00000000   Number         0  stubs.o ABSOLUTE
    _printf_mbtowc                           0x00000000   Number         0  stubs.o ABSOLUTE
    _printf_n                                0x00000000   Number         0  stubs.o ABSOLUTE
    _printf_o                                0x00000000   Number         0  stubs.o ABSOLUTE
    _printf_p                                0x00000000   Number         0  stubs.o ABSOLUTE
    _printf_percent                          0x00000000   Number         0  stubs.o ABSOLUTE
    _printf_pre_padding                      0x00000000   Number         0  stubs.o ABSOLUTE
    _printf_return_value                     0x00000000   Number         0  stubs.o ABSOLUTE
    _printf_s                                0x00000000   Number         0  stubs.o ABSOLUTE
    _printf_sizespec                         0x00000000   Number         0  stubs.o ABSOLUTE
    _printf_str                              0x00000000   Number         0  stubs.o ABSOLUTE
    _printf_truncate_signed                  0x00000000   Number         0  stubs.o ABSOLUTE
    _printf_truncate_unsigned                0x00000000   Number         0  stubs.o ABSOLUTE
    _printf_u                                0x00000000   Number         0  stubs.o ABSOLUTE
    _printf_wc                               0x00000000   Number         0  stubs.o ABSOLUTE
    _printf_wctomb                           0x00000000   Number         0  stubs.o ABSOLUTE
    _printf_widthprec                        0x00000000   Number         0  stubs.o ABSOLUTE
    _printf_x                                0x00000000   Number         0  stubs.o ABSOLUTE
    __cpp_initialize__aeabi_                  - Undefined Weak Reference
    __cxa_finalize                            - Undefined Weak Reference
    __decompress                              - Undefined Weak Reference
    _clock_init                               - Undefined Weak Reference
    _microlib_exit                            - Undefined Weak Reference
    __Vectors_Size                           0x000000ec   Number         0  startup_stm32f10x_md.o ABSOLUTE
    __Vectors                                0x08000000   Data           4  startup_stm32f10x_md.o(RESET)
    __Vectors_End                            0x080000ec   Data           0  startup_stm32f10x_md.o(RESET)
    __main                                   0x080000ed   Thumb Code     0  entry.o(.ARM.Collect$$$$00000000)
    _main_stk                                0x080000ed   Thumb Code     0  entry2.o(.ARM.Collect$$$$00000001)
    _main_scatterload                        0x080000f1   Thumb Code     0  entry5.o(.ARM.Collect$$$$00000004)
    __main_after_scatterload                 0x080000f5   Thumb Code     0  entry5.o(.ARM.Collect$$$$00000004)
    _main_clock                              0x080000f5   Thumb Code     0  entry7b.o(.ARM.Collect$$$$00000008)
    _main_cpp_init                           0x080000f5   Thumb Code     0  entry8b.o(.ARM.Collect$$$$0000000A)
    _main_init                               0x080000f5   Thumb Code     0  entry9a.o(.ARM.Collect$$$$0000000B)
    __rt_final_cpp                           0x080000fd   Thumb Code     0  entry10a.o(.ARM.Collect$$$$0000000D)
    __rt_final_exit                          0x080000fd   Thumb Code     0  entry11a.o(.ARM.Collect$$$$0000000F)
    Reset_Handler                            0x08000101   Thumb Code     8  startup_stm32f10x_md.o(.text)
    __aeabi_uldivmod                         0x08000125   Thumb Code    98  uldiv.o(.text)
    __aeabi_memcpy                           0x08000187   Thumb Code    36  memcpya.o(.text)
    __aeabi_memcpy4                          0x08000187   Thumb Code     0  memcpya.o(.text)
    __aeabi_memcpy8                          0x08000187   Thumb Code     0  memcpya.o(.text)
    __aeabi_memset                           0x080001ab   Thumb Code    14  memseta.o(.text)
    __aeabi_memset4                          0x080001ab   Thumb Code     0  memseta.o(.text)
    __aeabi_memset8                          0x080001ab   Thumb Code     0  memseta.o(.text)
    __aeabi_memclr                           0x080001b9   Thumb Code     4  memseta.o(.text)
    __aeabi_memclr4                          0x080001b9   Thumb Code     0  memseta.o(.text)
    __aeabi_memclr8                          0x080001b9   Thumb Code     0  memseta.o(.text)
    _memset$wrapper                          0x080001bd   Thumb Code    18  memseta.o(.text)
    __aeabi_llsl                             0x080001cf   Thumb Code    30  llshl.o(.text)
    _ll_shift_l                              0x080001cf   Thumb Code     0  llshl.o(.text)
    __aeabi_llsr                             0x080001ed   Thumb Code    32  llushr.o(.text)
    _ll_ushift_r                             0x080001ed   Thumb Code     0  llushr.o(.text)
    __scatterload                            0x0800020d   Thumb Code    28  init.o(.text)
    __scatterload_rt2                        0x0800020d   Thumb Code     0  init.o(.text)
    ADC1_2_IRQHandler                        0x08000231   Thumb Code    10  hal_int.o(i.ADC1_2_IRQHandler)
    BKP_DeInit                               0x08000247   Thumb Code    16  stm32f10x_bkp.o(i.BKP_DeInit)
    BKP_ReadBackupRegister                   0x08000259   Thumb Code    24  stm32f10x_bkp.o(i.BKP_ReadBackupRegister)
    BKP_WriteBackupRegister                  0x08000275   Thumb Code    22  stm32f10x_bkp.o(i.BKP_WriteBackupRegister)
    BusFault_Handler                         0x08000291   Thumb Code    10  hal_int.o(i.BusFault_Handler)
    CAN1_RX1_IRQHandler                      0x0800029b   Thumb Code    10  hal_int.o(i.CAN1_RX1_IRQHandler)
    CAN1_SCE_IRQHandler                      0x080002a5   Thumb Code    10  hal_int.o(i.CAN1_SCE_IRQHandler)
    DMA1_Channel1_IRQHandler                 0x080002af   Thumb Code    10  hal_int.o(i.DMA1_Channel1_IRQHandler)
    DMA1_Channel2_IRQHandler                 0x080002b9   Thumb Code    10  hal_int.o(i.DMA1_Channel2_IRQHandler)
    DMA1_Channel3_IRQHandler                 0x080002c3   Thumb Code    10  hal_int.o(i.DMA1_Channel3_IRQHandler)
    DMA1_Channel4_IRQHandler                 0x080002cd   Thumb Code    10  hal_int.o(i.DMA1_Channel4_IRQHandler)
    DMA1_Channel5_IRQHandler                 0x080002d7   Thumb Code    10  hal_int.o(i.DMA1_Channel5_IRQHandler)
    DMA1_Channel6_IRQHandler                 0x080002e1   Thumb Code    10  hal_int.o(i.DMA1_Channel6_IRQHandler)
    DMA1_Channel7_IRQHandler                 0x080002eb   Thumb Code    10  hal_int.o(i.DMA1_Channel7_IRQHandler)
    DebugMon_Handler                         0x080002f5   Thumb Code    10  hal_int.o(i.DebugMon_Handler)
    Drv_DwtInit                              0x08000301   Thumb Code    36  drv_dwt.o(i.Drv_DwtInit)
    Drv_GetCpuFreq                           0x08000331   Thumb Code    24  drv_dwt.o(i.Drv_GetCpuFreq)
    Drv_GetDwtCnt                            0x08000349   Thumb Code     6  drv_dwt.o(i.Drv_GetDwtCnt)
    Drv_GpioInit                             0x08000355   Thumb Code   180  drv_gpio.o(i.Drv_GpioInit)
    Drv_GpioNameIn                           0x08000411   Thumb Code    56  drv_gpio.o(i.Drv_GpioNameIn)
    Drv_GpioNameOut                          0x0800044d   Thumb Code    84  drv_gpio.o(i.Drv_GpioNameOut)
    Drv_IsUartRxInt                          0x080004a5   Thumb Code    30  drv_uart.o(i.Drv_IsUartRxInt)
    Drv_IsUartTxInt                          0x080004c9   Thumb Code    30  drv_uart.o(i.Drv_IsUartTxInt)
    Drv_RtcGetCount                          0x08000509   Thumb Code    16  drv_rtc.o(i.Drv_RtcGetCount)
    Drv_RtcInit                              0x0800051d   Thumb Code   196  drv_rtc.o(i.Drv_RtcInit)
    Drv_RtcIsSecInt                          0x080005e1   Thumb Code    18  drv_rtc.o(i.Drv_RtcIsSecInt)
    Drv_RtcIsrHandle                         0x080005f3   Thumb Code    14  drv_rtc.o(i.Drv_RtcIsrHandle)
    Drv_RtcSetCount                          0x08000631   Thumb Code    32  drv_rtc.o(i.Drv_RtcSetCount)
    Drv_SysUartInit                          0x08000651   Thumb Code   266  drv_uart.o(i.Drv_SysUartInit)
    Drv_UartGetRevData                       0x08000775   Thumb Code    20  drv_uart.o(i.Drv_UartGetRevData)
    Drv_UartITRxDisable                      0x0800078d   Thumb Code    24  drv_uart.o(i.Drv_UartITRxDisable)
    Drv_UartITRxEnable                       0x080007a9   Thumb Code    24  drv_uart.o(i.Drv_UartITRxEnable)
    Drv_UartITTxDisable                      0x080007c5   Thumb Code    24  drv_uart.o(i.Drv_UartITTxDisable)
    Drv_UartITTxEnable                       0x080007e1   Thumb Code    24  drv_uart.o(i.Drv_UartITTxEnable)
    Drv_UartTxByte                           0x080007fd   Thumb Code    22  drv_uart.o(i.Drv_UartTxByte)
    EXTI0_IRQHandler                         0x08000819   Thumb Code    10  hal_int.o(i.EXTI0_IRQHandler)
    EXTI15_10_IRQHandler                     0x08000823   Thumb Code    10  hal_int.o(i.EXTI15_10_IRQHandler)
    EXTI1_IRQHandler                         0x0800082d   Thumb Code    10  hal_int.o(i.EXTI1_IRQHandler)
    EXTI2_IRQHandler                         0x08000837   Thumb Code    10  hal_int.o(i.EXTI2_IRQHandler)
    EXTI3_IRQHandler                         0x08000841   Thumb Code    10  hal_int.o(i.EXTI3_IRQHandler)
    EXTI4_IRQHandler                         0x0800084b   Thumb Code    10  hal_int.o(i.EXTI4_IRQHandler)
    EXTI9_5_IRQHandler                       0x08000855   Thumb Code    10  hal_int.o(i.EXTI9_5_IRQHandler)
    FLASH_IRQHandler                         0x0800085f   Thumb Code    10  hal_int.o(i.FLASH_IRQHandler)
    GPIO_Init                                0x08000869   Thumb Code   278  stm32f10x_gpio.o(i.GPIO_Init)
    GPIO_ReadInputDataBit                    0x0800097f   Thumb Code    18  stm32f10x_gpio.o(i.GPIO_ReadInputDataBit)
    GPIO_ResetBits                           0x08000991   Thumb Code     4  stm32f10x_gpio.o(i.GPIO_ResetBits)
    GPIO_SetBits                             0x08000995   Thumb Code     4  stm32f10x_gpio.o(i.GPIO_SetBits)
    Hal_CheckNewKey                          0x08000999   Thumb Code    10  hal_key.o(i.Hal_CheckNewKey)
    Hal_ClearNewKeyFlg                       0x080009a9   Thumb Code    10  hal_key.o(i.Hal_ClearNewKeyFlg)
    Hal_DisableAllInt                        0x080009b9   Thumb Code    14  hal_int.o(i.Hal_DisableAllInt)
    Hal_EnableAllInt                         0x080009cd   Thumb Code    26  hal_int.o(i.Hal_EnableAllInt)
    Hal_GetKeySta                            0x08000a05   Thumb Code    12  hal_key.o(i.Hal_GetKeySta)
    Hal_GetWifiLedSta                        0x08000a15   Thumb Code     6  hal_led.o(i.Hal_GetWifiLedSta)
    Hal_IoInit                               0x08000a21   Thumb Code     8  hal_led.o(i.Hal_IoInit)
    Hal_KeyScan                              0x08000a29   Thumb Code    58  hal_key.o(i.Hal_KeyScan)
    Hal_RtcInit                              0x08000c25   Thumb Code    48  hal_rtc.o(i.Hal_RtcInit)
    Hal_RtcSetTime                           0x08000cb1   Thumb Code   192  hal_rtc.o(i.Hal_RtcSetTime)
    Hal_RunLedOff                            0x08000e71   Thumb Code    12  hal_led.o(i.Hal_RunLedOff)
    Hal_RunLedOn                             0x08000e7d   Thumb Code    12  hal_led.o(i.Hal_RunLedOn)
    Hal_SysISRSet                            0x08000ef9   Thumb Code    26  hal_int.o(i.Hal_SysISRSet)
    Hal_SysInit                              0x08000f19   Thumb Code    42  hal.o(i.Hal_SysInit)
    Hal_SysIntInit                           0x08000f79   Thumb Code    30  hal_int.o(i.Hal_SysIntInit)
    Hal_SysUartInit                          0x08000f9d   Thumb Code    82  hal_uart.o(i.Hal_SysUartInit)
    Hal_UartReadByte                         0x08001009   Thumb Code    42  hal_uart.o(i.Hal_UartReadByte)
    Hal_UartWrite                            0x08001039   Thumb Code   138  hal_uart.o(i.Hal_UartWrite)
    Hal_WifiLedOff                           0x08001139   Thumb Code    18  hal_led.o(i.Hal_WifiLedOff)
    Hal_WifiLedOn                            0x08001151   Thumb Code    18  hal_led.o(i.Hal_WifiLedOn)
    HardFault_Handler                        0x08001169   Thumb Code    10  hal_int.o(i.HardFault_Handler)
    I2C1_ER_IRQHandler                       0x08001173   Thumb Code    10  hal_int.o(i.I2C1_ER_IRQHandler)
    I2C1_EV_IRQHandler                       0x0800117d   Thumb Code    10  hal_int.o(i.I2C1_EV_IRQHandler)
    I2C2_ER_IRQHandler                       0x08001187   Thumb Code    10  hal_int.o(i.I2C2_ER_IRQHandler)
    I2C2_EV_IRQHandler                       0x08001191   Thumb Code    10  hal_int.o(i.I2C2_EV_IRQHandler)
    MemManage_Handler                        0x0800119b   Thumb Code    10  hal_int.o(i.MemManage_Handler)
    NMI_Handler                              0x080011a5   Thumb Code    10  hal_int.o(i.NMI_Handler)
    NVIC_Init                                0x080011b1   Thumb Code   100  misc.o(i.NVIC_Init)
    NVIC_PriorityGroupConfig                 0x08001221   Thumb Code    10  misc.o(i.NVIC_PriorityGroupConfig)
    Osal_DiffTsToUsec                        0x08001235   Thumb Code    78  osal.o(i.Osal_DiffTsToUsec)
    Osal_GetCurTs                            0x08001289   Thumb Code     8  osal.o(i.Osal_GetCurTs)
    PVD_IRQHandler                           0x08001291   Thumb Code    10  hal_int.o(i.PVD_IRQHandler)
    PWR_BackupAccessCmd                      0x0800129d   Thumb Code     6  stm32f10x_pwr.o(i.PWR_BackupAccessCmd)
    PendSV_Handler                           0x080012a9   Thumb Code    10  hal_int.o(i.PendSV_Handler)
    RCC_APB1PeriphClockCmd                   0x080012b9   Thumb Code    26  stm32f10x_rcc.o(i.RCC_APB1PeriphClockCmd)
    RCC_APB1PeriphResetCmd                   0x080012d9   Thumb Code    26  stm32f10x_rcc.o(i.RCC_APB1PeriphResetCmd)
    RCC_APB2PeriphClockCmd                   0x080012f9   Thumb Code    26  stm32f10x_rcc.o(i.RCC_APB2PeriphClockCmd)
    RCC_APB2PeriphResetCmd                   0x08001319   Thumb Code    26  stm32f10x_rcc.o(i.RCC_APB2PeriphResetCmd)
    RCC_BackupResetCmd                       0x08001339   Thumb Code     6  stm32f10x_rcc.o(i.RCC_BackupResetCmd)
    RCC_GetClocksFreq                        0x08001345   Thumb Code   192  stm32f10x_rcc.o(i.RCC_GetClocksFreq)
    RCC_GetFlagStatus                        0x08001419   Thumb Code    56  stm32f10x_rcc.o(i.RCC_GetFlagStatus)
    RCC_IRQHandler                           0x08001455   Thumb Code    10  hal_int.o(i.RCC_IRQHandler)
    RCC_LSEConfig                            0x08001461   Thumb Code    46  stm32f10x_rcc.o(i.RCC_LSEConfig)
    RCC_RTCCLKCmd                            0x08001495   Thumb Code     6  stm32f10x_rcc.o(i.RCC_RTCCLKCmd)
    RCC_RTCCLKConfig                         0x080014a1   Thumb Code    12  stm32f10x_rcc.o(i.RCC_RTCCLKConfig)
    RTCAlarm_IRQHandler                      0x080014b1   Thumb Code    10  hal_int.o(i.RTCAlarm_IRQHandler)
    RTC_ClearITPendingBit                    0x080014bd   Thumb Code    12  stm32f10x_rtc.o(i.RTC_ClearITPendingBit)
    RTC_EnterConfigMode                      0x080014cd   Thumb Code    14  stm32f10x_rtc.o(i.RTC_EnterConfigMode)
    RTC_ExitConfigMode                       0x080014e1   Thumb Code    16  stm32f10x_rtc.o(i.RTC_ExitConfigMode)
    RTC_GetITStatus                          0x080014f5   Thumb Code    32  stm32f10x_rtc.o(i.RTC_GetITStatus)
    RTC_IRQHandler                           0x08001519   Thumb Code    10  hal_int.o(i.RTC_IRQHandler)
    RTC_ITConfig                             0x08001525   Thumb Code    26  stm32f10x_rtc.o(i.RTC_ITConfig)
    RTC_SetCounter                           0x08001545   Thumb Code    24  stm32f10x_rtc.o(i.RTC_SetCounter)
    RTC_SetPrescaler                         0x08001561   Thumb Code    26  stm32f10x_rtc.o(i.RTC_SetPrescaler)
    RTC_WaitForLastTask                      0x08001581   Thumb Code    16  stm32f10x_rtc.o(i.RTC_WaitForLastTask)
    RTC_WaitForSynchro                       0x08001595   Thumb Code    30  stm32f10x_rtc.o(i.RTC_WaitForSynchro)
    SPI1_IRQHandler                          0x080015b9   Thumb Code    10  hal_int.o(i.SPI1_IRQHandler)
    SPI2_IRQHandler                          0x080015c3   Thumb Code    10  hal_int.o(i.SPI2_IRQHandler)
    SVC_Handler                              0x080015cd   Thumb Code    10  hal_int.o(i.SVC_Handler)
    Srv_QueueIn                              0x080016c1   Thumb Code    50  srv_queue.o(i.Srv_QueueIn)
    Srv_QueueInit                            0x080016f3   Thumb Code    14  srv_queue.o(i.Srv_QueueInit)
    Srv_QueueIsEmpty                         0x08001701   Thumb Code    12  srv_queue.o(i.Srv_QueueIsEmpty)
    Srv_QueueOut                             0x0800170d   Thumb Code    48  srv_queue.o(i.Srv_QueueOut)
    Srv_ReadQueueHead                        0x0800173d   Thumb Code    24  srv_queue.o(i.Srv_ReadQueueHead)
    Srv_WifiCommInit                         0x08001755   Thumb Code     2  srv_wifi_comm.o(i.Srv_WifiCommInit)
    Srv_WifiCommTx                           0x08001757   Thumb Code    18  srv_wifi_comm.o(i.Srv_WifiCommTx)
    SysTick_Handler                          0x08001769   Thumb Code    10  hal_int.o(i.SysTick_Handler)
    SystemInit                               0x08001775   Thumb Code    78  system_stm32f10x.o(i.SystemInit)
    SystemLedFlash                           0x080017d5   Thumb Code    54  app_led.o(i.SystemLedFlash)
    SystemLedInit                            0x08001819   Thumb Code     2  app_led.o(i.SystemLedInit)
    TAMPER_IRQHandler                        0x0800181b   Thumb Code    10  hal_int.o(i.TAMPER_IRQHandler)
    TIM1_BRK_IRQHandler                      0x08001825   Thumb Code    10  hal_int.o(i.TIM1_BRK_IRQHandler)
    TIM1_CC_IRQHandler                       0x0800182f   Thumb Code    10  hal_int.o(i.TIM1_CC_IRQHandler)
    TIM1_TRG_COM_IRQHandler                  0x08001839   Thumb Code    10  hal_int.o(i.TIM1_TRG_COM_IRQHandler)
    TIM1_UP_IRQHandler                       0x08001843   Thumb Code    10  hal_int.o(i.TIM1_UP_IRQHandler)
    TIM2_IRQHandler                          0x0800184d   Thumb Code    10  hal_int.o(i.TIM2_IRQHandler)
    TIM3_IRQHandler                          0x08001857   Thumb Code    10  hal_int.o(i.TIM3_IRQHandler)
    TIM4_IRQHandler                          0x08001861   Thumb Code    10  hal_int.o(i.TIM4_IRQHandler)
    USART1_IRQHandler                        0x0800186b   Thumb Code    10  hal_int.o(i.USART1_IRQHandler)
    USART2_IRQHandler                        0x08001875   Thumb Code    10  hal_int.o(i.USART2_IRQHandler)
    USART3_IRQHandler                        0x0800187f   Thumb Code    10  hal_int.o(i.USART3_IRQHandler)
    USART_Cmd                                0x08001889   Thumb Code    24  stm32f10x_usart.o(i.USART_Cmd)
    USART_DeInit                             0x080018a1   Thumb Code   134  stm32f10x_usart.o(i.USART_DeInit)
    USART_GetITStatus                        0x0800193d   Thumb Code    84  stm32f10x_usart.o(i.USART_GetITStatus)
    USART_ITConfig                           0x08001991   Thumb Code    74  stm32f10x_usart.o(i.USART_ITConfig)
    USART_Init                               0x080019dd   Thumb Code   210  stm32f10x_usart.o(i.USART_Init)
    USART_ReceiveData                        0x08001ab5   Thumb Code    10  stm32f10x_usart.o(i.USART_ReceiveData)
    USART_SendData                           0x08001abf   Thumb Code     8  stm32f10x_usart.o(i.USART_SendData)
    USBWakeUp_IRQHandler                     0x08001ac7   Thumb Code    10  hal_int.o(i.USBWakeUp_IRQHandler)
    USB_HP_CAN1_TX_IRQHandler                0x08001ad1   Thumb Code    10  hal_int.o(i.USB_HP_CAN1_TX_IRQHandler)
    USB_LP_CAN1_RX0_IRQHandler               0x08001adb   Thumb Code    10  hal_int.o(i.USB_LP_CAN1_RX0_IRQHandler)
    UsageFault_Handler                       0x08001ae5   Thumb Code    10  hal_int.o(i.UsageFault_Handler)
    WWDG_IRQHandler                          0x08001aef   Thumb Code    10  hal_int.o(i.WWDG_IRQHandler)
    WifiTaskHandle                           0x08001c89   Thumb Code    64  app_wifi.o(i.WifiTaskHandle)
    WifiTaskInit                             0x08001cd5   Thumb Code    28  app_wifi.o(i.WifiTaskInit)
    Wifi_GetConnectSta                       0x08001de9   Thumb Code     6  gizwits_product.o(i.Wifi_GetConnectSta)
    __0printf$8                              0x08001df5   Thumb Code    22  printf8.o(i.__0printf$8)
    __1printf$8                              0x08001df5   Thumb Code     0  printf8.o(i.__0printf$8)
    __2printf                                0x08001df5   Thumb Code     0  printf8.o(i.__0printf$8)
    __scatterload_copy                       0x08001e15   Thumb Code    14  handlers.o(i.__scatterload_copy)
    __scatterload_null                       0x08001e23   Thumb Code     2  handlers.o(i.__scatterload_null)
    __scatterload_zeroinit                   0x08001e25   Thumb Code    14  handlers.o(i.__scatterload_zeroinit)
    exchangeBytes                            0x08002297   Thumb Code    26  common.o(i.exchangeBytes)
    exchangeWord                             0x080022b1   Thumb Code    26  common.o(i.exchangeWord)
    fputc                                    0x080022cb   Thumb Code    18  std_lib.o(i.fputc)
    gizAcrossByteJudge                       0x080022dd   Thumb Code    42  datapointtools.o(i.gizAcrossByteJudge)
    gizByteOrderExchange                     0x08002307   Thumb Code    50  datapointtools.o(i.gizByteOrderExchange)
    gizGetTimerCount                         0x08002565   Thumb Code     6  gizwits_product.o(i.gizGetTimerCount)
    gizProtocolSum                           0x0800337d   Thumb Code    38  common.o(i.gizProtocolSum)
    gizPutData                               0x08003451   Thumb Code    52  gizwits_protocol.o(i.gizPutData)
    gizStandardCompressValue                 0x08003595   Thumb Code   128  datapointtools.o(i.gizStandardCompressValue)
    gizStandardDecompressionValue            0x08003615   Thumb Code   194  datapointtools.o(i.gizStandardDecompressionValue)
    gizTimerMs                               0x080036d9   Thumb Code    12  gizwits_product.o(i.gizTimerMs)
    gizwitsEventProcess                      0x080036e9   Thumb Code   284  gizwits_product.o(i.gizwitsEventProcess)
    gizwitsGetNTP                            0x080038b1   Thumb Code    94  gizwits_protocol.o(i.gizwitsGetNTP)
    gizwitsHandle                            0x08003935   Thumb Code   596  gizwits_protocol.o(i.gizwitsHandle)
    gizwitsInit                              0x08003ca1   Thumb Code    44  gizwits_protocol.o(i.gizwitsInit)
    gizwitsSetMode                           0x08003d01   Thumb Code   590  gizwits_protocol.o(i.gizwitsSetMode)
    main                                     0x08003f89   Thumb Code    20  uc.o(i.main)
    mcuRestart                               0x08003f9d   Thumb Code    12  gizwits_product.o(i.mcuRestart)
    rbCanRead                                0x08003fa9   Thumb Code    56  ringbuffer.o(i.rbCanRead)
    rbCanWrite                               0x08003fe1   Thumb Code    30  ringbuffer.o(i.rbCanWrite)
    rbCapacity                               0x08003fff   Thumb Code    14  ringbuffer.o(i.rbCapacity)
    rbCreate                                 0x0800400d   Thumb Code    22  ringbuffer.o(i.rbCreate)
    rbRead                                   0x08004023   Thumb Code   162  ringbuffer.o(i.rbRead)
    rbWrite                                  0x080040c5   Thumb Code   154  ringbuffer.o(i.rbWrite)
    uartWrite                                0x08004161   Thumb Code   118  gizwits_product.o(i.uartWrite)
    userHandle                               0x080041fd   Thumb Code    24  gizwits_product.o(i.userHandle)
    userInit                                 0x08004219   Thumb Code     8  gizwits_product.o(i.userInit)
    Region$$Table$$Base                      0x08004310   Number         0  anon$$obj.o(Region$$Table)
    Region$$Table$$Limit                     0x08004330   Number         0  anon$$obj.o(Region$$Table)
    currentDataPoint                         0x20000041   Data           1  gizwits_product.o(.data)
    __stdout                                 0x20000070   Data           4  stdout.o(.data)
    gizwitsProtocol                          0x20000350   Data         244  gizwits_protocol.o(.bss)
    pRb                                      0x20000444   Data          16  gizwits_protocol.o(.bss)
    __initial_sp                             0x20000a80   Data           0  startup_stm32f10x_md.o(STACK)



==============================================================================

Memory Map of the image

  Image Entry point : 0x080000ed

  Load Region LR_IROM1 (Base: 0x08000000, Size: 0x000043a4, Max: 0x00010000, ABSOLUTE)

    Execution Region ER_IROM1 (Base: 0x08000000, Size: 0x00004330, Max: 0x00010000, ABSOLUTE)

    Base Addr    Size         Type   Attr      Idx    E Section Name        Object

    0x08000000   0x000000ec   Data   RO         1814    RESET               startup_stm32f10x_md.o
    0x080000ec   0x00000000   Code   RO         4825  * .ARM.Collect$$$$00000000  mc_w.l(entry.o)
    0x080000ec   0x00000004   Code   RO         5111    .ARM.Collect$$$$00000001  mc_w.l(entry2.o)
    0x080000f0   0x00000004   Code   RO         5114    .ARM.Collect$$$$00000004  mc_w.l(entry5.o)
    0x080000f4   0x00000000   Code   RO         5116    .ARM.Collect$$$$00000008  mc_w.l(entry7b.o)
    0x080000f4   0x00000000   Code   RO         5118    .ARM.Collect$$$$0000000A  mc_w.l(entry8b.o)
    0x080000f4   0x00000008   Code   RO         5119    .ARM.Collect$$$$0000000B  mc_w.l(entry9a.o)
    0x080000fc   0x00000000   Code   RO         5121    .ARM.Collect$$$$0000000D  mc_w.l(entry10a.o)
    0x080000fc   0x00000000   Code   RO         5123    .ARM.Collect$$$$0000000F  mc_w.l(entry11a.o)
    0x080000fc   0x00000004   Code   RO         5112    .ARM.Collect$$$$00002712  mc_w.l(entry2.o)
    0x08000100   0x00000024   Code   RO         1815    .text               startup_stm32f10x_md.o
    0x08000124   0x00000062   Code   RO         4828    .text               mc_w.l(uldiv.o)
    0x08000186   0x00000024   Code   RO         4832    .text               mc_w.l(memcpya.o)
    0x080001aa   0x00000024   Code   RO         4834    .text               mc_w.l(memseta.o)
    0x080001ce   0x0000001e   Code   RO         5128    .text               mc_w.l(llshl.o)
    0x080001ec   0x00000020   Code   RO         5130    .text               mc_w.l(llushr.o)
    0x0800020c   0x00000024   Code   RO         5145    .text               mc_w.l(init.o)
    0x08000230   0x0000000a   Code   RO          270    i.ADC1_2_IRQHandler  hal_int.o
    0x0800023a   0x0000000c   Code   RO          110    i.AppStartTask      uc.o
    0x08000246   0x00000010   Code   RO         2082    i.BKP_DeInit        stm32f10x_bkp.o
    0x08000256   0x00000002   PAD
    0x08000258   0x0000001c   Code   RO         2087    i.BKP_ReadBackupRegister  stm32f10x_bkp.o
    0x08000274   0x0000001c   Code   RO         2091    i.BKP_WriteBackupRegister  stm32f10x_bkp.o
    0x08000290   0x0000000a   Code   RO          272    i.BusFault_Handler  hal_int.o
    0x0800029a   0x0000000a   Code   RO          273    i.CAN1_RX1_IRQHandler  hal_int.o
    0x080002a4   0x0000000a   Code   RO          274    i.CAN1_SCE_IRQHandler  hal_int.o
    0x080002ae   0x0000000a   Code   RO          275    i.DMA1_Channel1_IRQHandler  hal_int.o
    0x080002b8   0x0000000a   Code   RO          276    i.DMA1_Channel2_IRQHandler  hal_int.o
    0x080002c2   0x0000000a   Code   RO          277    i.DMA1_Channel3_IRQHandler  hal_int.o
    0x080002cc   0x0000000a   Code   RO          278    i.DMA1_Channel4_IRQHandler  hal_int.o
    0x080002d6   0x0000000a   Code   RO          279    i.DMA1_Channel5_IRQHandler  hal_int.o
    0x080002e0   0x0000000a   Code   RO          280    i.DMA1_Channel6_IRQHandler  hal_int.o
    0x080002ea   0x0000000a   Code   RO          281    i.DMA1_Channel7_IRQHandler  hal_int.o
    0x080002f4   0x0000000a   Code   RO          286    i.DebugMon_Handler  hal_int.o
    0x080002fe   0x00000002   PAD
    0x08000300   0x00000030   Code   RO         1510    i.Drv_DwtInit       drv_dwt.o
    0x08000330   0x00000018   Code   RO         1511    i.Drv_GetCpuFreq    drv_dwt.o
    0x08000348   0x0000000c   Code   RO         1512    i.Drv_GetDwtCnt     drv_dwt.o
    0x08000354   0x000000bc   Code   RO         1546    i.Drv_GpioInit      drv_gpio.o
    0x08000410   0x0000003c   Code   RO         1547    i.Drv_GpioNameIn    drv_gpio.o
    0x0800044c   0x00000058   Code   RO         1548    i.Drv_GpioNameOut   drv_gpio.o
    0x080004a4   0x00000024   Code   RO         1630    i.Drv_IsUartRxInt   drv_uart.o
    0x080004c8   0x00000024   Code   RO         1631    i.Drv_IsUartTxInt   drv_uart.o
    0x080004ec   0x0000001a   Code   RO         1762    i.Drv_RtcDelay      drv_rtc.o
    0x08000506   0x00000002   PAD
    0x08000508   0x00000014   Code   RO         1763    i.Drv_RtcGetCount   drv_rtc.o
    0x0800051c   0x000000c4   Code   RO         1764    i.Drv_RtcInit       drv_rtc.o
    0x080005e0   0x00000012   Code   RO         1765    i.Drv_RtcIsSecInt   drv_rtc.o
    0x080005f2   0x0000000e   Code   RO         1766    i.Drv_RtcIsrHandle  drv_rtc.o
    0x08000600   0x00000030   Code   RO         1767    i.Drv_RtcNvicInit   drv_rtc.o
    0x08000630   0x00000020   Code   RO         1768    i.Drv_RtcSetCount   drv_rtc.o
    0x08000650   0x00000124   Code   RO         1632    i.Drv_SysUartInit   drv_uart.o
    0x08000774   0x00000018   Code   RO         1633    i.Drv_UartGetRevData  drv_uart.o
    0x0800078c   0x0000001c   Code   RO         1634    i.Drv_UartITRxDisable  drv_uart.o
    0x080007a8   0x0000001c   Code   RO         1635    i.Drv_UartITRxEnable  drv_uart.o
    0x080007c4   0x0000001c   Code   RO         1636    i.Drv_UartITTxDisable  drv_uart.o
    0x080007e0   0x0000001c   Code   RO         1637    i.Drv_UartITTxEnable  drv_uart.o
    0x080007fc   0x0000001c   Code   RO         1638    i.Drv_UartTxByte    drv_uart.o
    0x08000818   0x0000000a   Code   RO          287    i.EXTI0_IRQHandler  hal_int.o
    0x08000822   0x0000000a   Code   RO          288    i.EXTI15_10_IRQHandler  hal_int.o
    0x0800082c   0x0000000a   Code   RO          289    i.EXTI1_IRQHandler  hal_int.o
    0x08000836   0x0000000a   Code   RO          290    i.EXTI2_IRQHandler  hal_int.o
    0x08000840   0x0000000a   Code   RO          291    i.EXTI3_IRQHandler  hal_int.o
    0x0800084a   0x0000000a   Code   RO          292    i.EXTI4_IRQHandler  hal_int.o
    0x08000854   0x0000000a   Code   RO          293    i.EXTI9_5_IRQHandler  hal_int.o
    0x0800085e   0x0000000a   Code   RO          294    i.FLASH_IRQHandler  hal_int.o
    0x08000868   0x00000116   Code   RO         2997    i.GPIO_Init         stm32f10x_gpio.o
    0x0800097e   0x00000012   Code   RO         3001    i.GPIO_ReadInputDataBit  stm32f10x_gpio.o
    0x08000990   0x00000004   Code   RO         3004    i.GPIO_ResetBits    stm32f10x_gpio.o
    0x08000994   0x00000004   Code   RO         3005    i.GPIO_SetBits      stm32f10x_gpio.o
    0x08000998   0x00000010   Code   RO          923    i.Hal_CheckNewKey   hal_key.o
    0x080009a8   0x00000010   Code   RO          924    i.Hal_ClearNewKeyFlg  hal_key.o
    0x080009b8   0x00000014   Code   RO          296    i.Hal_DisableAllInt  hal_int.o
    0x080009cc   0x00000020   Code   RO          297    i.Hal_EnableAllInt  hal_int.o
    0x080009ec   0x00000018   Code   RO          298    i.Hal_ExcptionHandle  hal_int.o
    0x08000a04   0x00000010   Code   RO          925    i.Hal_GetKeySta     hal_key.o
    0x08000a14   0x0000000c   Code   RO          747    i.Hal_GetWifiLedSta  hal_led.o
    0x08000a20   0x00000008   Code   RO          748    i.Hal_IoInit        hal_led.o
    0x08000a28   0x00000040   Code   RO          926    i.Hal_KeyScan       hal_key.o
    0x08000a68   0x0000013c   Code   RO          927    i.Hal_KeyStateManage  hal_key.o
    0x08000ba4   0x00000080   Code   RO          865    i.Hal_RtcGetWeek    hal_rtc.o
    0x08000c24   0x0000003c   Code   RO          866    i.Hal_RtcInit       hal_rtc.o
    0x08000c60   0x00000014   Code   RO          867    i.Hal_RtcIsrHandle  hal_rtc.o
    0x08000c74   0x0000003a   Code   RO          868    i.Hal_RtcJudgeLeap  hal_rtc.o
    0x08000cae   0x00000002   PAD
    0x08000cb0   0x000000d0   Code   RO          869    i.Hal_RtcSetTime    hal_rtc.o
    0x08000d80   0x000000f0   Code   RO          870    i.Hal_RtcUpdate     hal_rtc.o
    0x08000e70   0x0000000c   Code   RO          749    i.Hal_RunLedOff     hal_led.o
    0x08000e7c   0x0000000c   Code   RO          750    i.Hal_RunLedOn      hal_led.o
    0x08000e88   0x00000070   Code   RO          805    i.Hal_SysComIsrHandle  hal_uart.o
    0x08000ef8   0x00000020   Code   RO          301    i.Hal_SysISRSet     hal_int.o
    0x08000f18   0x00000030   Code   RO          248    i.Hal_SysInit       hal.o
    0x08000f48   0x0000000c   Code   RO          302    i.Hal_SysIntConfig  hal_int.o
    0x08000f54   0x00000024   Code   RO          303    i.Hal_SysIntHandle  hal_int.o
    0x08000f78   0x00000024   Code   RO          304    i.Hal_SysIntInit    hal_int.o
    0x08000f9c   0x0000006c   Code   RO          806    i.Hal_SysUartInit   hal_uart.o
    0x08001008   0x00000030   Code   RO          807    i.Hal_UartReadByte  hal_uart.o
    0x08001038   0x00000090   Code   RO          808    i.Hal_UartWrite     hal_uart.o
    0x080010c8   0x00000070   Code   RO          809    i.Hal_WifiComIsrHandle  hal_uart.o
    0x08001138   0x00000018   Code   RO          751    i.Hal_WifiLedOff    hal_led.o
    0x08001150   0x00000018   Code   RO          752    i.Hal_WifiLedOn     hal_led.o
    0x08001168   0x0000000a   Code   RO          305    i.HardFault_Handler  hal_int.o
    0x08001172   0x0000000a   Code   RO          306    i.I2C1_ER_IRQHandler  hal_int.o
    0x0800117c   0x0000000a   Code   RO          307    i.I2C1_EV_IRQHandler  hal_int.o
    0x08001186   0x0000000a   Code   RO          308    i.I2C2_ER_IRQHandler  hal_int.o
    0x08001190   0x0000000a   Code   RO          309    i.I2C2_EV_IRQHandler  hal_int.o
    0x0800119a   0x0000000a   Code   RO          310    i.MemManage_Handler  hal_int.o
    0x080011a4   0x0000000a   Code   RO          311    i.NMI_Handler       hal_int.o
    0x080011ae   0x00000002   PAD
    0x080011b0   0x00000070   Code   RO         1819    i.NVIC_Init         misc.o
    0x08001220   0x00000014   Code   RO         1820    i.NVIC_PriorityGroupConfig  misc.o
    0x08001234   0x00000054   Code   RO          229    i.Osal_DiffTsToUsec  osal.o
    0x08001288   0x00000008   Code   RO          230    i.Osal_GetCurTs     osal.o
    0x08001290   0x0000000a   Code   RO          312    i.PVD_IRQHandler    hal_int.o
    0x0800129a   0x00000002   PAD
    0x0800129c   0x0000000c   Code   RO         3357    i.PWR_BackupAccessCmd  stm32f10x_pwr.o
    0x080012a8   0x00000010   Code   RO          313    i.PendSV_Handler    hal_int.o
    0x080012b8   0x00000020   Code   RO         3419    i.RCC_APB1PeriphClockCmd  stm32f10x_rcc.o
    0x080012d8   0x00000020   Code   RO         3420    i.RCC_APB1PeriphResetCmd  stm32f10x_rcc.o
    0x080012f8   0x00000020   Code   RO         3421    i.RCC_APB2PeriphClockCmd  stm32f10x_rcc.o
    0x08001318   0x00000020   Code   RO         3422    i.RCC_APB2PeriphResetCmd  stm32f10x_rcc.o
    0x08001338   0x0000000c   Code   RO         3424    i.RCC_BackupResetCmd  stm32f10x_rcc.o
    0x08001344   0x000000d4   Code   RO         3429    i.RCC_GetClocksFreq  stm32f10x_rcc.o
    0x08001418   0x0000003c   Code   RO         3430    i.RCC_GetFlagStatus  stm32f10x_rcc.o
    0x08001454   0x0000000a   Code   RO          314    i.RCC_IRQHandler    hal_int.o
    0x0800145e   0x00000002   PAD
    0x08001460   0x00000034   Code   RO         3437    i.RCC_LSEConfig     stm32f10x_rcc.o
    0x08001494   0x0000000c   Code   RO         3444    i.RCC_RTCCLKCmd     stm32f10x_rcc.o
    0x080014a0   0x00000010   Code   RO         3445    i.RCC_RTCCLKConfig  stm32f10x_rcc.o
    0x080014b0   0x0000000a   Code   RO          315    i.RTCAlarm_IRQHandler  hal_int.o
    0x080014ba   0x00000002   PAD
    0x080014bc   0x00000010   Code   RO         3618    i.RTC_ClearITPendingBit  stm32f10x_rtc.o
    0x080014cc   0x00000014   Code   RO         3619    i.RTC_EnterConfigMode  stm32f10x_rtc.o
    0x080014e0   0x00000014   Code   RO         3620    i.RTC_ExitConfigMode  stm32f10x_rtc.o
    0x080014f4   0x00000024   Code   RO         3624    i.RTC_GetITStatus   stm32f10x_rtc.o
    0x08001518   0x0000000a   Code   RO          316    i.RTC_IRQHandler    hal_int.o
    0x08001522   0x00000002   PAD
    0x08001524   0x00000020   Code   RO         3625    i.RTC_ITConfig      stm32f10x_rtc.o
    0x08001544   0x0000001c   Code   RO         3627    i.RTC_SetCounter    stm32f10x_rtc.o
    0x08001560   0x00000020   Code   RO         3628    i.RTC_SetPrescaler  stm32f10x_rtc.o
    0x08001580   0x00000014   Code   RO         3629    i.RTC_WaitForLastTask  stm32f10x_rtc.o
    0x08001594   0x00000024   Code   RO         3630    i.RTC_WaitForSynchro  stm32f10x_rtc.o
    0x080015b8   0x0000000a   Code   RO          318    i.SPI1_IRQHandler   hal_int.o
    0x080015c2   0x0000000a   Code   RO          319    i.SPI2_IRQHandler   hal_int.o
    0x080015cc   0x0000000a   Code   RO          321    i.SVC_Handler       hal_int.o
    0x080015d6   0x00000008   Code   RO         1701    i.SetSysClock       system_stm32f10x.o
    0x080015de   0x00000002   PAD
    0x080015e0   0x000000e0   Code   RO         1702    i.SetSysClockTo72   system_stm32f10x.o
    0x080016c0   0x00000032   Code   RO         1035    i.Srv_QueueIn       srv_queue.o
    0x080016f2   0x0000000e   Code   RO         1036    i.Srv_QueueInit     srv_queue.o
    0x08001700   0x0000000c   Code   RO         1037    i.Srv_QueueIsEmpty  srv_queue.o
    0x0800170c   0x00000030   Code   RO         1039    i.Srv_QueueOut      srv_queue.o
    0x0800173c   0x00000018   Code   RO         1040    i.Srv_ReadQueueHead  srv_queue.o
    0x08001754   0x00000002   Code   RO         1011    i.Srv_WifiCommInit  srv_wifi_comm.o
    0x08001756   0x00000012   Code   RO         1012    i.Srv_WifiCommTx    srv_wifi_comm.o
    0x08001768   0x0000000a   Code   RO          322    i.SysTick_Handler   hal_int.o
    0x08001772   0x00000002   PAD
    0x08001774   0x00000060   Code   RO         1704    i.SystemInit        system_stm32f10x.o
    0x080017d4   0x00000044   Code   RO            1    i.SystemLedFlash    app_led.o
    0x08001818   0x00000002   Code   RO            2    i.SystemLedInit     app_led.o
    0x0800181a   0x0000000a   Code   RO          323    i.TAMPER_IRQHandler  hal_int.o
    0x08001824   0x0000000a   Code   RO          324    i.TIM1_BRK_IRQHandler  hal_int.o
    0x0800182e   0x0000000a   Code   RO          325    i.TIM1_CC_IRQHandler  hal_int.o
    0x08001838   0x0000000a   Code   RO          326    i.TIM1_TRG_COM_IRQHandler  hal_int.o
    0x08001842   0x0000000a   Code   RO          327    i.TIM1_UP_IRQHandler  hal_int.o
    0x0800184c   0x0000000a   Code   RO          328    i.TIM2_IRQHandler   hal_int.o
    0x08001856   0x0000000a   Code   RO          329    i.TIM3_IRQHandler   hal_int.o
    0x08001860   0x0000000a   Code   RO          330    i.TIM4_IRQHandler   hal_int.o
    0x0800186a   0x0000000a   Code   RO          340    i.USART1_IRQHandler  hal_int.o
    0x08001874   0x0000000a   Code   RO          341    i.USART2_IRQHandler  hal_int.o
    0x0800187e   0x0000000a   Code   RO          342    i.USART3_IRQHandler  hal_int.o
    0x08001888   0x00000018   Code   RO         4592    i.USART_Cmd         stm32f10x_usart.o
    0x080018a0   0x0000009c   Code   RO         4594    i.USART_DeInit      stm32f10x_usart.o
    0x0800193c   0x00000054   Code   RO         4596    i.USART_GetITStatus  stm32f10x_usart.o
    0x08001990   0x0000004a   Code   RO         4598    i.USART_ITConfig    stm32f10x_usart.o
    0x080019da   0x00000002   PAD
    0x080019dc   0x000000d8   Code   RO         4599    i.USART_Init        stm32f10x_usart.o
    0x08001ab4   0x0000000a   Code   RO         4606    i.USART_ReceiveData  stm32f10x_usart.o
    0x08001abe   0x00000008   Code   RO         4609    i.USART_SendData    stm32f10x_usart.o
    0x08001ac6   0x0000000a   Code   RO          343    i.USBWakeUp_IRQHandler  hal_int.o
    0x08001ad0   0x0000000a   Code   RO          344    i.USB_HP_CAN1_TX_IRQHandler  hal_int.o
    0x08001ada   0x0000000a   Code   RO          345    i.USB_LP_CAN1_RX0_IRQHandler  hal_int.o
    0x08001ae4   0x0000000a   Code   RO          346    i.UsageFault_Handler  hal_int.o
    0x08001aee   0x0000000a   Code   RO          347    i.WWDG_IRQHandler   hal_int.o
    0x08001af8   0x0000003c   Code   RO          148    i.WifiDataHandle    app_wifi.o
    0x08001b34   0x000000d8   Code   RO          149    i.WifiKeyHandle     app_wifi.o
    0x08001c0c   0x00000014   Code   RO          150    i.WifiLedCtrl       app_wifi.o
    0x08001c20   0x00000068   Code   RO          151    i.WifiLedSetFlash   app_wifi.o
    0x08001c88   0x0000004c   Code   RO          152    i.WifiTaskHandle    app_wifi.o
    0x08001cd4   0x0000006c   Code   RO          153    i.WifiTaskInit      app_wifi.o
    0x08001d40   0x00000022   Code   RO          154    i.WifiTmrCallBack   app_wifi.o
    0x08001d62   0x00000002   PAD
    0x08001d64   0x00000030   Code   RO          155    i.WifiUpdateTime    app_wifi.o
    0x08001d94   0x00000054   Code   RO          156    i.WifiWorkManage    app_wifi.o
    0x08001de8   0x0000000c   Code   RO         1078    i.Wifi_GetConnectSta  gizwits_product.o
    0x08001df4   0x00000020   Code   RO         5047    i.__0printf$8       mc_w.l(printf8.o)
    0x08001e14   0x0000000e   Code   RO         5153    i.__scatterload_copy  mc_w.l(handlers.o)
    0x08001e22   0x00000002   Code   RO         5154    i.__scatterload_null  mc_w.l(handlers.o)
    0x08001e24   0x0000000e   Code   RO         5155    i.__scatterload_zeroinit  mc_w.l(handlers.o)
    0x08001e32   0x00000002   PAD
    0x08001e34   0x00000410   Code   RO         5054    i._printf_core      mc_w.l(printf8.o)
    0x08002244   0x00000024   Code   RO         5055    i._printf_post_padding  mc_w.l(printf8.o)
    0x08002268   0x0000002e   Code   RO         5056    i._printf_pre_padding  mc_w.l(printf8.o)
    0x08002296   0x0000001a   Code   RO         1310    i.exchangeBytes     common.o
    0x080022b0   0x0000001a   Code   RO         1311    i.exchangeWord      common.o
    0x080022ca   0x00000012   Code   RO          964    i.fputc             std_lib.o
    0x080022dc   0x0000002a   Code   RO         1382    i.gizAcrossByteJudge  datapointtools.o
    0x08002306   0x00000032   Code   RO         1383    i.gizByteOrderExchange  datapointtools.o
    0x08002338   0x0000008c   Code   RO         1147    i.gizCheckReport    gizwits_protocol.o
    0x080023c4   0x0000007c   Code   RO         1148    i.gizDataPoint2Event  gizwits_protocol.o
    0x08002440   0x00000068   Code   RO         1149    i.gizDataPoints2ReportData  gizwits_protocol.o
    0x080024a8   0x000000bc   Code   RO         1150    i.gizDevReportPolicy  gizwits_protocol.o
    0x08002564   0x0000000c   Code   RO         1079    i.gizGetTimerCount  gizwits_product.o
    0x08002570   0x0000008c   Code   RO         1151    i.gizProtocolAckHandle  gizwits_protocol.o
    0x080025fc   0x000000a0   Code   RO         1152    i.gizProtocolCommonAck  gizwits_protocol.o
    0x0800269c   0x000000a4   Code   RO         1153    i.gizProtocolErrorCmd  gizwits_protocol.o
    0x08002740   0x0000017c   Code   RO         1154    i.gizProtocolGetDeviceInfo  gizwits_protocol.o
    0x080028bc   0x000001a8   Code   RO         1155    i.gizProtocolGetOnePacket  gizwits_protocol.o
    0x08002a64   0x00000050   Code   RO         1156    i.gizProtocolHeadInit  gizwits_protocol.o
    0x08002ab4   0x00000140   Code   RO         1157    i.gizProtocolIssuedDataAck  gizwits_protocol.o
    0x08002bf4   0x00000108   Code   RO         1158    i.gizProtocolIssuedProcess  gizwits_protocol.o
    0x08002cfc   0x0000005c   Code   RO         1159    i.gizProtocolModuleInfoHandle  gizwits_protocol.o
    0x08002d58   0x00000504   Code   RO         1160    i.gizProtocolModuleStatus  gizwits_protocol.o
    0x0800325c   0x00000088   Code   RO         1161    i.gizProtocolNTP    gizwits_protocol.o
    0x080032e4   0x0000001c   Code   RO         1162    i.gizProtocolReboot  gizwits_protocol.o
    0x08003300   0x0000007c   Code   RO         1163    i.gizProtocolResendData  gizwits_protocol.o
    0x0800337c   0x00000026   Code   RO         1313    i.gizProtocolSum    common.o
    0x080033a2   0x00000002   PAD
    0x080033a4   0x00000064   Code   RO         1164    i.gizProtocolWaitAck  gizwits_protocol.o
    0x08003408   0x00000048   Code   RO         1165    i.gizProtocolWaitAckCheck  gizwits_protocol.o
    0x08003450   0x00000074   Code   RO         1166    i.gizPutData        gizwits_protocol.o
    0x080034c4   0x000000d0   Code   RO         1167    i.gizReportData     gizwits_protocol.o
    0x08003594   0x00000080   Code   RO         1384    i.gizStandardCompressValue  datapointtools.o
    0x08003614   0x000000c2   Code   RO         1385    i.gizStandardDecompressionValue  datapointtools.o
    0x080036d6   0x00000002   PAD
    0x080036d8   0x00000010   Code   RO         1080    i.gizTimerMs        gizwits_product.o
    0x080036e8   0x000001c8   Code   RO         1081    i.gizwitsEventProcess  gizwits_product.o
    0x080038b0   0x00000084   Code   RO         1169    i.gizwitsGetNTP     gizwits_protocol.o
    0x08003934   0x0000036c   Code   RO         1170    i.gizwitsHandle     gizwits_protocol.o
    0x08003ca0   0x00000060   Code   RO         1171    i.gizwitsInit       gizwits_protocol.o
    0x08003d00   0x00000288   Code   RO         1173    i.gizwitsSetMode    gizwits_protocol.o
    0x08003f88   0x00000014   Code   RO          111    i.main              uc.o
    0x08003f9c   0x0000000c   Code   RO         1082    i.mcuRestart        gizwits_product.o
    0x08003fa8   0x00000038   Code   RO         1451    i.rbCanRead         ringbuffer.o
    0x08003fe0   0x0000001e   Code   RO         1452    i.rbCanWrite        ringbuffer.o
    0x08003ffe   0x0000000e   Code   RO         1453    i.rbCapacity        ringbuffer.o
    0x0800400c   0x00000016   Code   RO         1454    i.rbCreate          ringbuffer.o
    0x08004022   0x000000a2   Code   RO         1456    i.rbRead            ringbuffer.o
    0x080040c4   0x0000009a   Code   RO         1457    i.rbWrite           ringbuffer.o
    0x0800415e   0x00000002   PAD
    0x08004160   0x0000009c   Code   RO         1083    i.uartWrite         gizwits_product.o
    0x080041fc   0x0000001c   Code   RO         1084    i.userHandle        gizwits_product.o
    0x08004218   0x0000000c   Code   RO         1085    i.userInit          gizwits_product.o
    0x08004224   0x00000020   Data   RO          871    .constdata          hal_rtc.o
    0x08004244   0x0000008c   Data   RO         1549    .constdata          drv_gpio.o
    0x080042d0   0x00000040   Data   RO         1639    .constdata          drv_uart.o
    0x08004310   0x00000020   Data   RO         5151    Region$$Table       anon$$obj.o


    Execution Region RW_IRAM1 (Base: 0x20000000, Size: 0x00000a80, Max: 0x00005000, ABSOLUTE)

    Base Addr    Size         Type   Attr      Idx    E Section Name        Object

    0x20000000   0x00000005   Data   RW            3    .data               app_led.o
    0x20000005   0x00000003   PAD
    0x20000008   0x00000010   Data   RW          158    .data               app_wifi.o
    0x20000018   0x00000001   Data   RW          249    .data               hal.o
    0x20000019   0x00000003   PAD
    0x2000001c   0x00000009   Data   RW          349    .data               hal_int.o
    0x20000025   0x00000001   Data   RW          753    .data               hal_led.o
    0x20000026   0x00000002   PAD
    0x20000028   0x00000008   Data   RW          811    .data               hal_uart.o
    0x20000030   0x0000000a   Data   RW          872    .data               hal_rtc.o
    0x2000003a   0x00000002   Data   RW          929    .data               hal_key.o
    0x2000003c   0x00000006   Data   RW         1086    .data               gizwits_product.o
    0x20000042   0x00000002   PAD
    0x20000044   0x00000010   Data   RW         1175    .data               gizwits_protocol.o
    0x20000054   0x00000001   Data   RW         1514    .data               drv_dwt.o
    0x20000055   0x00000001   Data   RW         1550    .data               drv_gpio.o
    0x20000056   0x00000001   Data   RW         1640    .data               drv_uart.o
    0x20000057   0x00000004   Data   RW         1769    .data               drv_rtc.o
    0x2000005b   0x00000014   Data   RW         3449    .data               stm32f10x_rcc.o
    0x2000006f   0x00000001   PAD
    0x20000070   0x00000004   Data   RW         5125    .data               mc_w.l(stdout.o)
    0x20000074   0x0000000c   Zero   RW          157    .bss                app_wifi.o
    0x20000080   0x00000110   Zero   RW          348    .bss                hal_int.o
    0x20000190   0x000001b0   Zero   RW          810    .bss                hal_uart.o
    0x20000340   0x00000010   Zero   RW          928    .bss                hal_key.o
    0x20000350   0x00000130   Zero   RW         1174    .bss                gizwits_protocol.o
    0x20000480   0x00000600   Zero   RW         1812    STACK               startup_stm32f10x_md.o


==============================================================================

Image component sizes


      Code (inc. data)   RO Data    RW Data    ZI Data      Debug   Object Name

        70         14          0          5          0     238689   app_led.o
       750        228          0         16         12      12040   app_wifi.o
        90          0          0          0          0       3600   common.o
         0          0          0          0          0         32   core_cm3.o
       414          0          0          0          0       3791   datapointtools.o
        84         18          0          1          0       1647   drv_dwt.o
       336         16        140          1          0       3694   drv_gpio.o
       354          8          0          4          0       3575   drv_rtc.o
       528         64         64          1          0       6822   drv_uart.o
       704        252          0          6          0      20570   gizwits_product.o
      6400       2096          0         16        304      19062   gizwits_protocol.o
        48          6          0          1          0       1022   hal.o
       718         46          0          9        272      29016   hal_int.o
       428         52          0          2         16       4113   hal_key.o
        92         18          0          1          0       3037   hal_led.o
       714         50         32         10          0       4187   hal_rtc.o
       524         66          0          8        432       3989   hal_uart.o
       132         22          0          0          0       1615   misc.o
        92          6          0          0          0       1096   osal.o
       438          0          0          0          0       4108   ringbuffer.o
       148          0          0          0          0       3316   srv_queue.o
        20          0          0          0          0       1392   srv_wifi_comm.o
        36          8        236          0       1536        816   startup_stm32f10x_md.o
        18          0          0          0          0        508   std_lib.o
        72         10          0          0          0       2776   stm32f10x_bkp.o
       304          0          0          0          0       3756   stm32f10x_gpio.o
        12          6          0          0          0        530   stm32f10x_pwr.o
       492         70          0         20          0       8520   stm32f10x_rcc.o
       240         44          0          0          0       4791   stm32f10x_rtc.o
       572         28          0          0          0       6270   stm32f10x_usart.o
       328         28          0          0          0       1953   system_stm32f10x.o
        32          0          0          0          0        863   uc.o

    ----------------------------------------------------------------------
     15222       3156        504        112       2572     401196   Object Totals
         0          0         32          0          0          0   (incl. Generated)
        32          0          0         11          0          0   (incl. Padding)

    ----------------------------------------------------------------------

      Code (inc. data)   RO Data    RW Data    ZI Data      Debug   Library Member Name

         0          0          0          0          0          0   entry.o
         0          0          0          0          0          0   entry10a.o
         0          0          0          0          0          0   entry11a.o
         8          4          0          0          0          0   entry2.o
         4          0          0          0          0          0   entry5.o
         0          0          0          0          0          0   entry7b.o
         0          0          0          0          0          0   entry8b.o
         8          4          0          0          0          0   entry9a.o
        30          0          0          0          0          0   handlers.o
        36          8          0          0          0         68   init.o
        30          0          0          0          0         68   llshl.o
        32          0          0          0          0         68   llushr.o
        36          0          0          0          0         68   memcpya.o
        36          0          0          0          0        108   memseta.o
      1154         54          0          0          0        352   printf8.o
         0          0          0          4          0          0   stdout.o
        98          0          0          0          0         92   uldiv.o

    ----------------------------------------------------------------------
      1474         70          0          4          0        824   Library Totals
         2          0          0          0          0          0   (incl. Padding)

    ----------------------------------------------------------------------

      Code (inc. data)   RO Data    RW Data    ZI Data      Debug   Library Name

      1472         70          0          4          0        824   mc_w.l

    ----------------------------------------------------------------------
      1474         70          0          4          0        824   Library Totals

    ----------------------------------------------------------------------

==============================================================================


      Code (inc. data)   RO Data    RW Data    ZI Data      Debug   

     16696       3226        504        116       2572     391044   Grand Totals
     16696       3226        504        116       2572     391044   ELF Image Totals
     16696       3226        504        116          0          0   ROM Totals

==============================================================================

    Total RO  Size (Code + RO Data)                17200 (  16.80kB)
    Total RW  Size (RW Data + ZI Data)              2688 (   2.63kB)
    Total ROM Size (Code + RO Data + RW Data)      17316 (  16.91kB)

==============================================================================

