Component: ARM Compiler 5.05 update 1 (build 106) Tool: armlink [4d0efa]

==============================================================================

Section Cross References

    app_led.o(i.Sys_LedFlash) refers to osal.o(i.Osal_DiffTsToUsec) for Osal_DiffTsToUsec
    app_led.o(i.Sys_LedFlash) refers to osal.o(i.Osal_GetCurTs) for Osal_GetCurTs
    app_led.o(i.Sys_LedFlash) refers to hal_led.o(i.Hal_RunLedOn) for Hal_RunLedOn
    app_led.o(i.Sys_LedFlash) refers to hal_led.o(i.Hal_RunLedOff) for Hal_RunLedOff
    app_led.o(i.Sys_LedFlash) refers to app_led.o(.data) for Ts
    uc.o(i.AppStartTask) refers to app_wifi.o(i.Wifi_TaskInit) for Wifi_TaskInit
    uc.o(i.AppStartTask) refers to app_led.o(i.Sys_LedInit) for Sys_LedInit
    uc.o(i.main) refers to hal.o(i.Hal_SysInit) for Hal_SysInit
    uc.o(i.main) refers to uc.o(i.AppStartTask) for AppStartTask
    uc.o(i.main) refers to app_led.o(i.Sys_LedFlash) for Sys_LedFlash
    uc.o(i.main) refers to app_wifi.o(i.Wifi_TaskHandle) for Wifi_TaskHandle
    app_wifi.o(i.Wifi_DataHandle) refers to osal.o(i.Osal_DiffTsToUsec) for Osal_DiffTsToUsec
    app_wifi.o(i.Wifi_DataHandle) refers to osal.o(i.Osal_GetCurTs) for Osal_GetCurTs
    app_wifi.o(i.Wifi_DataHandle) refers to gizwits_protocol.o(i.gizwitsHandle) for gizwitsHandle
    app_wifi.o(i.Wifi_DataHandle) refers to app_wifi.o(.data) for updateTim
    app_wifi.o(i.Wifi_DataHandle) refers to gizwits_product.o(.data) for currentDataPoint
    app_wifi.o(i.Wifi_KeyHandle) refers to hal_key.o(i.Hal_CheckNewKey) for Hal_CheckNewKey
    app_wifi.o(i.Wifi_KeyHandle) refers to hal_key.o(i.Hal_GetKeySta) for Hal_GetKeySta
    app_wifi.o(i.Wifi_KeyHandle) refers to printf8.o(i.__0printf$8) for __2printf
    app_wifi.o(i.Wifi_KeyHandle) refers to app_wifi.o(i.Wifi_LedCtrl) for Wifi_LedCtrl
    app_wifi.o(i.Wifi_KeyHandle) refers to gizwits_protocol.o(i.gizwitsSetMode) for gizwitsSetMode
    app_wifi.o(i.Wifi_KeyHandle) refers to hal_led.o(i.Hal_GetWifiLedSta) for Hal_GetWifiLedSta
    app_wifi.o(i.Wifi_KeyHandle) refers to osal.o(i.Osal_GetCurTs) for Osal_GetCurTs
    app_wifi.o(i.Wifi_KeyHandle) refers to hal_key.o(i.Hal_ClearNewKeyFlg) for Hal_ClearNewKeyFlg
    app_wifi.o(i.Wifi_KeyHandle) refers to app_wifi.o(.bss) for wifiSetInfo
    app_wifi.o(i.Wifi_LedCtrl) refers to hal_led.o(i.Hal_GetWifiLedSta) for Hal_GetWifiLedSta
    app_wifi.o(i.Wifi_LedCtrl) refers to hal_led.o(i.Hal_WifiLedOn) for Hal_WifiLedOn
    app_wifi.o(i.Wifi_LedCtrl) refers to hal_led.o(i.Hal_WifiLedOff) for Hal_WifiLedOff
    app_wifi.o(i.Wifi_LedSetFlash) refers to app_wifi.o(i.Wifi_LedCtrl) for Wifi_LedCtrl
    app_wifi.o(i.Wifi_LedSetFlash) refers to hal_led.o(i.Hal_WifiLedOff) for Hal_WifiLedOff
    app_wifi.o(i.Wifi_LedSetFlash) refers to hal_led.o(i.Hal_WifiLedOn) for Hal_WifiLedOn
    app_wifi.o(i.Wifi_LedSetFlash) refers to app_wifi.o(.bss) for wifiSetInfo
    app_wifi.o(i.Wifi_LedSetFlash) refers to app_wifi.o(.data) for tick
    app_wifi.o(i.Wifi_TaskHandle) refers to hal_uart.o(i.Hal_UartReadByte) for Hal_UartReadByte
    app_wifi.o(i.Wifi_TaskHandle) refers to gizwits_protocol.o(i.gizPutData) for gizPutData
    app_wifi.o(i.Wifi_TaskHandle) refers to osal.o(i.Osal_DiffTsToUsec) for Osal_DiffTsToUsec
    app_wifi.o(i.Wifi_TaskHandle) refers to osal.o(i.Osal_GetCurTs) for Osal_GetCurTs
    app_wifi.o(i.Wifi_TaskHandle) refers to app_wifi.o(i.Wifi_TmrCallBack) for Wifi_TmrCallBack
    app_wifi.o(i.Wifi_TaskHandle) refers to app_wifi.o(.data) for Ts
    app_wifi.o(i.Wifi_TaskInit) refers to printf8.o(i.__0printf$8) for __2printf
    app_wifi.o(i.Wifi_TaskInit) refers to srv_wifi_comm.o(i.Srv_WifiCommInit) for Srv_WifiCommInit
    app_wifi.o(i.Wifi_TaskInit) refers to gizwits_protocol.o(i.gizwitsInit) for gizwitsInit
    app_wifi.o(i.Wifi_TaskInit) refers to gizwits_product.o(i.userInit) for userInit
    app_wifi.o(i.Wifi_TmrCallBack) refers to gizwits_product.o(i.gizTimerMs) for gizTimerMs
    app_wifi.o(i.Wifi_TmrCallBack) refers to hal_key.o(i.Hal_KeyScan) for Hal_KeyScan
    app_wifi.o(i.Wifi_TmrCallBack) refers to app_wifi.o(i.Wifi_KeyHandle) for Wifi_KeyHandle
    app_wifi.o(i.Wifi_TmrCallBack) refers to app_wifi.o(i.Wifi_WorkManage) for Wifi_WorkManage
    app_wifi.o(i.Wifi_UpdateTime) refers to osal.o(i.Osal_DiffTsToUsec) for Osal_DiffTsToUsec
    app_wifi.o(i.Wifi_UpdateTime) refers to osal.o(i.Osal_GetCurTs) for Osal_GetCurTs
    app_wifi.o(i.Wifi_UpdateTime) refers to gizwits_product.o(i.Wifi_GetConnectSta) for Wifi_GetConnectSta
    app_wifi.o(i.Wifi_UpdateTime) refers to gizwits_protocol.o(i.gizwitsGetNTP) for gizwitsGetNTP
    app_wifi.o(i.Wifi_UpdateTime) refers to app_wifi.o(.data) for reqNtpTim
    app_wifi.o(i.Wifi_WorkManage) refers to gizwits_product.o(i.userHandle) for userHandle
    app_wifi.o(i.Wifi_WorkManage) refers to app_wifi.o(i.Wifi_UpdateTime) for Wifi_UpdateTime
    app_wifi.o(i.Wifi_WorkManage) refers to app_wifi.o(i.Wifi_LedSetFlash) for Wifi_LedSetFlash
[...]
    i.Drv_SysUartInit                        0x080006c4   Section        0  drv_uart.o(i.Drv_SysUartInit)
    i.Drv_UartGetRevData                     0x080007e8   Section        0  drv_uart.o(i.Drv_UartGetRevData)
    i.Drv_UartITRxDisable                    0x08000800   Section        0  drv_uart.o(i.Drv_UartITRxDisable)
    i.Drv_UartITRxEnable                     0x0800081c   Section        0  drv_uart.o(i.Drv_UartITRxEnable)
    i.Drv_UartITTxDisable                    0x08000838   Section        0  drv_uart.o(i.Drv_UartITTxDisable)
    i.Drv_UartITTxEnable                     0x08000854   Section        0  drv_uart.o(i.Drv_UartITTxEnable)
    i.Drv_UartTxByte                         0x08000870   Section        0  drv_uart.o(i.Drv_UartTxByte)
    i.EXTI0_IRQHandler                       0x0800088c   Section        0  hal_int.o(i.EXTI0_IRQHandler)
    i.EXTI15_10_IRQHandler                   0x08000896   Section        0  hal_int.o(i.EXTI15_10_IRQHandler)
    i.EXTI1_IRQHandler                       0x080008a0   Section        0  hal_int.o(i.EXTI1_IRQHandler)
    i.EXTI2_IRQHandler                       0x080008aa   Section        0  hal_int.o(i.EXTI2_IRQHandler)
    i.EXTI3_IRQHandler                       0x080008b4   Section        0  hal_int.o(i.EXTI3_IRQHandler)
    i.EXTI4_IRQHandler                       0x080008be   Section        0  hal_int.o(i.EXTI4_IRQHandler)
    i.EXTI9_5_IRQHandler                     0x080008c8   Section        0  hal_int.o(i.EXTI9_5_IRQHandler)
    i.FLASH_IRQHandler                       0x080008d2   Section        0  hal_int.o(i.FLASH_IRQHandler)
    i.FSMC_IRQHandler                        0x080008dc   Section        0  hal_int.o(i.FSMC_IRQHandler)
    i.GPIO_Init                              0x080008e6   Section        0  stm32f10x_gpio.o(i.GPIO_Init)
    i.GPIO_ReadInputDataBit                  0x080009fc   Section        0  stm32f10x_gpio.o(i.GPIO_ReadInputDataBit)
    i.GPIO_ResetBits                         0x08000a0e   Section        0  stm32f10x_gpio.o(i.GPIO_ResetBits)
    i.GPIO_SetBits                           0x08000a12   Section        0  stm32f10x_gpio.o(i.GPIO_SetBits)
    i.Hal_CheckNewKey                        0x08000a18   Section        0  hal_key.o(i.Hal_CheckNewKey)
    i.Hal_ClearNewKeyFlg                     0x08000a28   Section        0  hal_key.o(i.Hal_ClearNewKeyFlg)
    i.Hal_DisableAllInt                      0x08000a38   Section        0  hal_int.o(i.Hal_DisableAllInt)
    i.Hal_EnableAllInt                       0x08000a4c   Section        0  hal_int.o(i.Hal_EnableAllInt)
    i.Hal_ExcptionHandle                     0x08000a6c   Section        0  hal_int.o(i.Hal_ExcptionHandle)
    Hal_ExcptionHandle                       0x08000a6d   Thumb Code    18  hal_int.o(i.Hal_ExcptionHandle)
    i.Hal_GetKeySta                          0x08000a84   Section        0  hal_key.o(i.Hal_GetKeySta)
    i.Hal_GetWifiLedSta                      0x08000a94   Section        0  hal_led.o(i.Hal_GetWifiLedSta)
    i.Hal_IoInit                             0x08000aa0   Section        0  hal_led.o(i.Hal_IoInit)
    i.Hal_KeyScan                            0x08000aa8   Section        0  hal_key.o(i.Hal_KeyScan)
    i.Hal_KeyStateManage                     0x08000ae8   Section        0  hal_key.o(i.Hal_KeyStateManage)
    Hal_KeyStateManage                       0x08000ae9   Thumb Code   294  hal_key.o(i.Hal_KeyStateManage)
    i.Hal_RtcGetWeek                         0x08000c24   Section        0  hal_rtc.o(i.Hal_RtcGetWeek)
    Hal_RtcGetWeek                           0x08000c25   Thumb Code   122  hal_rtc.o(i.Hal_RtcGetWeek)
    i.Hal_RtcInit                            0x08000ca4   Section        0  hal_rtc.o(i.Hal_RtcInit)
    i.Hal_RtcIsrHandle                       0x08000ce0   Section        0  hal_rtc.o(i.Hal_RtcIsrHandle)
    Hal_RtcIsrHandle                         0x08000ce1   Thumb Code    20  hal_rtc.o(i.Hal_RtcIsrHandle)
    i.Hal_RtcJudgeLeap                       0x08000cf4   Section        0  hal_rtc.o(i.Hal_RtcJudgeLeap)
    Hal_RtcJudgeLeap                         0x08000cf5   Thumb Code    58  hal_rtc.o(i.Hal_RtcJudgeLeap)
    i.Hal_RtcSetTime                         0x08000d30   Section        0  hal_rtc.o(i.Hal_RtcSetTime)
    i.Hal_RtcUpdate                          0x08000e00   Section        0  hal_rtc.o(i.Hal_RtcUpdate)
    Hal_RtcUpdate                            0x08000e01   Thumb Code   224  hal_rtc.o(i.Hal_RtcUpdate)
    i.Hal_RunLedOff                          0x08000ef0   Section        0  hal_led.o(i.Hal_RunLedOff)
    i.Hal_RunLedOn                           0x08000efc   Section        0  hal_led.o(i.Hal_RunLedOn)
    i.Hal_SysComIsrHandle                    0x08000f08   Section        0  hal_uart.o(i.Hal_SysComIsrHandle)
    Hal_SysComIsrHandle                      0x08000f09   Thumb Code    98  hal_uart.o(i.Hal_SysComIsrHandle)
    i.Hal_SysISRSet                          0x08000f78   Section        0  hal_int.o(i.Hal_SysISRSet)
    i.Hal_SysInit                            0x08000f98   Section        0  hal.o(i.Hal_SysInit)
    i.Hal_SysIntConfig                       0x08000fc8   Section        0  hal_int.o(i.Hal_SysIntConfig)
    Hal_SysIntConfig                         0x08000fc9   Thumb Code    12  hal_int.o(i.Hal_SysIntConfig)
    i.Hal_SysIntHandle                       0x08000fd4   Section        0  hal_int.o(i.Hal_SysIntHandle)
    Hal_SysIntHandle                         0x08000fd5   Thumb Code    26  hal_int.o(i.Hal_SysIntHandle)
    i.Hal_SysIntInit                         0x08000ff8   Section        0  hal_int.o(i.Hal_SysIntInit)
    i.Hal_SysUartInit                        0x0800101c   Section        0  hal_uart.o(i.Hal_SysUartInit)
    i.Hal_UartReadByte                       0x0800108c   Section        0  hal_uart.o(i.Hal_UartReadByte)
    i.Hal_UartWrite                          0x080010bc   Section        0  hal_uart.o(i.Hal_UartWrite)
    i.Hal_WifiComIsrHandle                   0x0800114c   Section        0  hal_uart.o(i.Hal_WifiComIsrHandle)
    Hal_WifiComIsrHandle                     0x0800114d   Thumb Code    98  hal_uart.o(i.Hal_WifiComIsrHandle)
    i.Hal_WifiLedOff                         0x080011bc   Section        0  hal_led.o(i.Hal_WifiLedOff)
    i.Hal_WifiLedOn                          0x080011d4   Section        0  hal_led.o(i.Hal_WifiLedOn)
    i.HardFault_Handler                      0x080011ec   Section        0  hal_int.o(i.HardFault_Handler)
    i.I2C1_ER_IRQHandler                     0x080011f6   Section        0  hal_int.o(i.I2C1_ER_IRQHandler)
    i.I2C1_EV_IRQHandler                     0x08001200   Section        0  hal_int.o(i.I2C1_EV_IRQHandler)
    i.I2C2_ER_IRQHandler                     0x0800120a   Section        0  hal_int.o(i.I2C2_ER_IRQHandler)
    i.I2C2_EV_IRQHandler                     0x08001214   Section        0  hal_int.o(i.I2C2_EV_IRQHandler)
    i.MemManage_Handler                      0x0800121e   Section        0  hal_int.o(i.MemManage_Handler)
    i.NMI_Handler                            0x08001228   Section        0  hal_int.o(i.NMI_Handler)
    i.NVIC_Init                              0x08001234   Section        0  misc.o(i.NVIC_Init)
    i.NVIC_PriorityGroupConfig               0x080012a4   Section        0  misc.o(i.NVIC_PriorityGroupConfig)
    i.Osal_DiffTsToUsec                      0x080012b8   Section        0  osal.o(i.Osal_DiffTsToUsec)
    i.Osal_GetCurTs                          0x0800130c   Section        0  osal.o(i.Osal_GetCurTs)
    i.PVD_IRQHandler                         0x08001314   Section        0  hal_int.o(i.PVD_IRQHandler)
    i.PWR_BackupAccessCmd                    0x08001320   Section        0  stm32f10x_pwr.o(i.PWR_BackupAccessCmd)
    i.PendSV_Handler                         0x0800132c   Section        0  hal_int.o(i.PendSV_Handler)
    i.RCC_APB1PeriphClockCmd                 0x0800133c   Section        0  stm32f10x_rcc.o(i.RCC_APB1PeriphClockCmd)
    i.RCC_APB1PeriphResetCmd                 0x0800135c   Section        0  stm32f10x_rcc.o(i.RCC_APB1PeriphResetCmd)
    i.RCC_APB2PeriphClockCmd                 0x0800137c   Section        0  stm32f10x_rcc.o(i.RCC_APB2PeriphClockCmd)
    i.RCC_APB2PeriphResetCmd                 0x0800139c   Section        0  stm32f10x_rcc.o(i.RCC_APB2PeriphResetCmd)
    i.RCC_BackupResetCmd                     0x080013bc   Section        0  stm32f10x_rcc.o(i.RCC_BackupResetCmd)
    i.RCC_GetClocksFreq                      0x080013c8   Section        0  stm32f10x_rcc.o(i.RCC_GetClocksFreq)
    i.RCC_GetFlagStatus                      0x0800149c   Section        0  stm32f10x_rcc.o(i.RCC_GetFlagStatus)
    i.RCC_IRQHandler                         0x080014d8   Section        0  hal_int.o(i.RCC_IRQHandler)
    i.RCC_LSEConfig                          0x080014e4   Section        0  stm32f10x_rcc.o(i.RCC_LSEConfig)
    i.RCC_RTCCLKCmd                          0x08001518   Section        0  stm32f10x_rcc.o(i.RCC_RTCCLKCmd)
    i.RCC_RTCCLKConfig                       0x08001524   Section        0  stm32f10x_rcc.o(i.RCC_RTCCLKConfig)
    i.RTCAlarm_IRQHandler                    0x08001534   Section        0  hal_int.o(i.RTCAlarm_IRQHandler)
    i.RTC_ClearITPendingBit                  0x08001540   Section        0  stm32f10x_rtc.o(i.RTC_ClearITPendingBit)
    i.RTC_EnterConfigMode                    0x08001550   Section        0  stm32f10x_rtc.o(i.RTC_EnterConfigMode)
    i.RTC_ExitConfigMode                     0x08001564   Section        0  stm32f10x_rtc.o(i.RTC_ExitConfigMode)
    i.RTC_GetITStatus                        0x08001578   Section        0  stm32f10x_rtc.o(i.RTC_GetITStatus)
    i.RTC_IRQHandler                         0x0800159c   Section        0  hal_int.o(i.RTC_IRQHandler)
    i.RTC_ITConfig                           0x080015a8   Section        0  stm32f10x_rtc.o(i.RTC_ITConfig)
    i.RTC_SetCounter                         0x080015c8   Section        0  stm32f10x_rtc.o(i.RTC_SetCounter)
    i.RTC_SetPrescaler                       0x080015e4   Section        0  stm32f10x_rtc.o(i.RTC_SetPrescaler)
    i.RTC_WaitForLastTask                    0x08001604   Section        0  stm32f10x_rtc.o(i.RTC_WaitForLastTask)
    i.RTC_WaitForSynchro                     0x08001618   Section        0  stm32f10x_rtc.o(i.RTC_WaitForSynchro)
    i.SDIO_IRQHandler                        0x0800163c   Section        0  hal_int.o(i.SDIO_IRQHandler)
    i.SPI1_IRQHandler                        0x08001646   Section        0  hal_int.o(i.SPI1_IRQHandler)
    i.SPI2_IRQHandler                        0x08001650   Section        0  hal_int.o(i.SPI2_IRQHandler)
    i.SPI3_IRQHandler                        0x0800165a   Section        0  hal_int.o(i.SPI3_IRQHandler)
    i.SVC_Handler                            0x08001664   Section        0  hal_int.o(i.SVC_Handler)
    i.SetSysClock                            0x0800166e   Section        0  system_stm32f10x.o(i.SetSysClock)
    SetSysClock                              0x0800166f   Thumb Code     8  system_stm32f10x.o(i.SetSysClock)
    i.SetSysClockTo72                        0x08001678   Section        0  system_stm32f10x.o(i.SetSysClockTo72)
    SetSysClockTo72                          0x08001679   Thumb Code   214  system_stm32f10x.o(i.SetSysClockTo72)
    i.Srv_QueueIn                            0x08001758   Section        0  srv_queue.o(i.Srv_QueueIn)
    i.Srv_QueueInit                          0x0800178a   Section        0  srv_queue.o(i.Srv_QueueInit)
    i.Srv_QueueIsEmpty                       0x08001798   Section        0  srv_queue.o(i.Srv_QueueIsEmpty)
    i.Srv_QueueOut                           0x080017a4   Section        0  srv_queue.o(i.Srv_QueueOut)
    i.Srv_ReadQueueHead                      0x080017d4   Section        0  srv_queue.o(i.Srv_ReadQueueHead)
    i.Srv_WifiCommInit                       0x080017ec   Section        0  srv_wifi_comm.o(i.Srv_WifiCommInit)
    i.Srv_WifiCommTx                         0x080017ee   Section        0  srv_wifi_comm.o(i.Srv_WifiCommTx)
    i.SysTick_Handler                        0x08001800   Section        0  hal_int.o(i.SysTick_Handler)
    i.Sys_LedFlash                           0x0800180c   Section        0  app_led.o(i.Sys_LedFlash)
    i.Sys_LedInit                            0x08001850   Section        0  app_led.o(i.Sys_LedInit)
    i.SystemInit                             0x08001854   Section        0  system_stm32f10x.o(i.SystemInit)
    i.TAMPER_IRQHandler                      0x080018b4   Section        0  hal_int.o(i.TAMPER_IRQHandler)
    i.TIM1_BRK_IRQHandler                    0x080018be   Section        0  hal_int.o(i.TIM1_BRK_IRQHandler)
    i.TIM1_CC_IRQHandler                     0x080018c8   Section        0  hal_int.o(i.TIM1_CC_IRQHandler)
    i.TIM1_TRG_COM_IRQHandler                0x080018d2   Section        0  hal_int.o(i.TIM1_TRG_COM_IRQHandler)
    i.TIM1_UP_IRQHandler                     0x080018dc   Section        0  hal_int.o(i.TIM1_UP_IRQHandler)
    i.TIM2_IRQHandler                        0x080018e6   Section        0  hal_int.o(i.TIM2_IRQHandler)
    i.TIM3_IRQHandler                        0x080018f0   Section        0  hal_int.o(i.TIM3_IRQHandler)
    i.TIM4_IRQHandler                        0x080018fa   Section        0  hal_int.o(i.TIM4_IRQHandler)
    i.TIM5_IRQHandler                        0x08001904   Section        0  hal_int.o(i.TIM5_IRQHandler)
    i.TIM6_IRQHandler                        0x0800190e   Section        0  hal_int.o(i.TIM6_IRQHandler)
    i.TIM7_IRQHandler                        0x08001918   Section        0  hal_int.o(i.TIM7_IRQHandler)
    i.TIM8_BRK_IRQHandler                    0x08001922   Section        0  hal_int.o(i.TIM8_BRK_IRQHandler)
    i.TIM8_CC_IRQHandler                     0x0800192c   Section        0  hal_int.o(i.TIM8_CC_IRQHandler)
    i.TIM8_TRG_COM_IRQHandler                0x08001936   Section        0  hal_int.o(i.TIM8_TRG_COM_IRQHandler)
    i.TIM8_UP_IRQHandler                     0x08001940   Section        0  hal_int.o(i.TIM8_UP_IRQHandler)
    i.UART4_IRQHandler                       0x0800194a   Section        0  hal_int.o(i.UART4_IRQHandler)
    i.UART5_IRQHandler                       0x08001954   Section        0  hal_int.o(i.UART5_IRQHandler)
    i.USART1_IRQHandler                      0x0800195e   Section        0  hal_int.o(i.USART1_IRQHandler)
    i.USART2_IRQHandler                      0x08001968   Section        0  hal_int.o(i.USART2_IRQHandler)
    i.USART3_IRQHandler                      0x08001972   Section        0  hal_int.o(i.USART3_IRQHandler)
    i.USART_Cmd                              0x0800197c   Section        0  stm32f10x_usart.o(i.USART_Cmd)
    i.USART_DeInit                           0x08001994   Section        0  stm32f10x_usart.o(i.USART_DeInit)
    i.USART_GetITStatus                      0x08001a30   Section        0  stm32f10x_usart.o(i.USART_GetITStatus)
    i.USART_ITConfig                         0x08001a84   Section        0  stm32f10x_usart.o(i.USART_ITConfig)
    i.USART_Init                             0x08001ad0   Section        0  stm32f10x_usart.o(i.USART_Init)
    i.USART_ReceiveData                      0x08001ba8   Section        0  stm32f10x_usart.o(i.USART_ReceiveData)
    i.USART_SendData                         0x08001bb2   Section        0  stm32f10x_usart.o(i.USART_SendData)
    i.USBWakeUp_IRQHandler                   0x08001bba   Section        0  hal_int.o(i.USBWakeUp_IRQHandler)
    i.USB_HP_CAN1_TX_IRQHandler              0x08001bc4   Section        0  hal_int.o(i.USB_HP_CAN1_TX_IRQHandler)
    i.USB_LP_CAN1_RX0_IRQHandler             0x08001bce   Section        0  hal_int.o(i.USB_LP_CAN1_RX0_IRQHandler)
    i.UsageFault_Handler                     0x08001bd8   Section        0  hal_int.o(i.UsageFault_Handler)
    i.WWDG_IRQHandler                        0x08001be2   Section        0  hal_int.o(i.WWDG_IRQHandler)
    i.Wifi_DataHandle                        0x08001bec   Section        0  app_wifi.o(i.Wifi_DataHandle)
    Wifi_DataHandle                          0x08001bed   Thumb Code    32  app_wifi.o(i.Wifi_DataHandle)
    i.Wifi_GetConnectSta                     0x08001c18   Section        0  gizwits_product.o(i.Wifi_GetConnectSta)
    i.Wifi_KeyHandle                         0x08001c24   Section        0  app_wifi.o(i.Wifi_KeyHandle)
    Wifi_KeyHandle                           0x08001c25   Thumb Code   128  app_wifi.o(i.Wifi_KeyHandle)
    i.Wifi_LedCtrl                           0x08001cfc   Section        0  app_wifi.o(i.Wifi_LedCtrl)
    Wifi_LedCtrl                             0x08001cfd   Thumb Code    20  app_wifi.o(i.Wifi_LedCtrl)
    i.Wifi_LedSetFlash                       0x08001d10   Section        0  app_wifi.o(i.Wifi_LedSetFlash)
    Wifi_LedSetFlash                         0x08001d11   Thumb Code    90  app_wifi.o(i.Wifi_LedSetFlash)
    i.Wifi_TaskHandle                        0x08001d78   Section        0  app_wifi.o(i.Wifi_TaskHandle)
    i.Wifi_TaskInit                          0x08001db4   Section        0  app_wifi.o(i.Wifi_TaskInit)
    i.Wifi_TmrCallBack                       0x08001e24   Section        0  app_wifi.o(i.Wifi_TmrCallBack)
    Wifi_TmrCallBack                         0x08001e25   Thumb Code    34  app_wifi.o(i.Wifi_TmrCallBack)
    i.Wifi_UpdateTime                        0x08001e48   Section        0  app_wifi.o(i.Wifi_UpdateTime)
    Wifi_UpdateTime                          0x08001e49   Thumb Code    38  app_wifi.o(i.Wifi_UpdateTime)
    i.Wifi_WorkManage                        0x08001e78   Section        0  app_wifi.o(i.Wifi_WorkManage)
    Wifi_WorkManage                          0x08001e79   Thumb Code    82  app_wifi.o(i.Wifi_WorkManage)
    i.__0printf$8                            0x08001ed0   Section        0  printf8.o(i.__0printf$8)
    i.__scatterload_copy                     0x08001ef0   Section       14  handlers.o(i.__scatterload_copy)
    i.__scatterload_null                     0x08001efe   Section        2  handlers.o(i.__scatterload_null)
    i.__scatterload_zeroinit                 0x08001f00   Section       14  handlers.o(i.__scatterload_zeroinit)
    i._printf_core                           0x08001f10   Section        0  printf8.o(i._printf_core)
    _printf_core                             0x08001f11   Thumb Code   996  printf8.o(i._printf_core)
    i._printf_post_padding                   0x08002320   Section        0  printf8.o(i._printf_post_padding)
    _printf_post_padding                     0x08002321   Thumb Code    36  printf8.o(i._printf_post_padding)
    i._printf_pre_padding                    0x08002344   Section        0  printf8.o(i._printf_pre_padding)
    _printf_pre_padding                      0x08002345   Thumb Code    46  printf8.o(i._printf_pre_padding)
    i.exchangeBytes                          0x08002372   Section        0  common.o(i.exchangeBytes)
    i.exchangeWord                           0x0800238c   Section        0  common.o(i.exchangeWord)
    i.fputc                                  0x080023a6   Section        0  std_lib.o(i.fputc)
    i.gizAcrossByteJudge                     0x080023b8   Section        0  datapointtools.o(i.gizAcrossByteJudge)
    i.gizByteOrderExchange                   0x080023e2   Section        0  datapointtools.o(i.gizByteOrderExchange)
    i.gizCheckReport                         0x08002414   Section        0  gizwits_protocol.o(i.gizCheckReport)
    gizCheckReport                           0x08002415   Thumb Code    68  gizwits_protocol.o(i.gizCheckReport)
    i.gizDataPoint2Event                     0x080024a0   Section        0  gizwits_protocol.o(i.gizDataPoint2Event)
    gizDataPoint2Event                       0x080024a1   Thumb Code    78  gizwits_protocol.o(i.gizDataPoint2Event)
    i.gizDataPoints2ReportData               0x0800251c   Section        0  gizwits_protocol.o(i.gizDataPoints2ReportData)
    gizDataPoints2ReportData                 0x0800251d   Thumb Code    54  gizwits_protocol.o(i.gizDataPoints2ReportData)
    i.gizDevReportPolicy                     0x08002584   Section        0  gizwits_protocol.o(i.gizDevReportPolicy)
    gizDevReportPolicy                       0x08002585   Thumb Code   128  gizwits_protocol.o(i.gizDevReportPolicy)
    i.gizGetTimerCount                       0x08002640   Section        0  gizwits_product.o(i.gizGetTimerCount)
    i.gizProtocolAckHandle                   0x0800264c   Section        0  gizwits_protocol.o(i.gizProtocolAckHandle)
    gizProtocolAckHandle                     0x0800264d   Thumb Code    94  gizwits_protocol.o(i.gizProtocolAckHandle)
    i.gizProtocolCommonAck                   0x080026d8   Section        0  gizwits_protocol.o(i.gizProtocolCommonAck)
    gizProtocolCommonAck                     0x080026d9   Thumb Code    86  gizwits_protocol.o(i.gizProtocolCommonAck)
    i.gizProtocolErrorCmd                    0x08002778   Section        0  gizwits_protocol.o(i.gizProtocolErrorCmd)
    gizProtocolErrorCmd                      0x08002779   Thumb Code    90  gizwits_protocol.o(i.gizProtocolErrorCmd)
    i.gizProtocolGetDeviceInfo               0x0800281c   Section        0  gizwits_protocol.o(i.gizProtocolGetDeviceInfo)
    gizProtocolGetDeviceInfo                 0x0800281d   Thumb Code   182  gizwits_protocol.o(i.gizProtocolGetDeviceInfo)
    i.gizProtocolGetOnePacket                0x08002998   Section        0  gizwits_protocol.o(i.gizProtocolGetOnePacket)
    gizProtocolGetOnePacket                  0x08002999   Thumb Code   358  gizwits_protocol.o(i.gizProtocolGetOnePacket)
    i.gizProtocolHeadInit                    0x08002b40   Section        0  gizwits_protocol.o(i.gizProtocolHeadInit)
    gizProtocolHeadInit                      0x08002b41   Thumb Code    34  gizwits_protocol.o(i.gizProtocolHeadInit)
    i.gizProtocolIssuedDataAck               0x08002b90   Section        0  gizwits_protocol.o(i.gizProtocolIssuedDataAck)
    gizProtocolIssuedDataAck                 0x08002b91   Thumb Code   230  gizwits_protocol.o(i.gizProtocolIssuedDataAck)
    i.gizProtocolIssuedProcess               0x08002cd0   Section        0  gizwits_protocol.o(i.gizProtocolIssuedProcess)
    gizProtocolIssuedProcess                 0x08002cd1   Thumb Code   212  gizwits_protocol.o(i.gizProtocolIssuedProcess)
    i.gizProtocolModuleInfoHandle            0x08002dd8   Section        0  gizwits_protocol.o(i.gizProtocolModuleInfoHandle)
    gizProtocolModuleInfoHandle              0x08002dd9   Thumb Code    70  gizwits_protocol.o(i.gizProtocolModuleInfoHandle)
    i.gizProtocolModuleStatus                0x08002e34   Section        0  gizwits_protocol.o(i.gizProtocolModuleStatus)
    gizProtocolModuleStatus                  0x08002e35   Thumb Code   816  gizwits_protocol.o(i.gizProtocolModuleStatus)
    i.gizProtocolNTP                         0x08003338   Section        0  gizwits_protocol.o(i.gizProtocolNTP)
    gizProtocolNTP                           0x08003339   Thumb Code   112  gizwits_protocol.o(i.gizProtocolNTP)
    i.gizProtocolReboot                      0x080033c0   Section        0  gizwits_protocol.o(i.gizProtocolReboot)
    gizProtocolReboot                        0x080033c1   Thumb Code    28  gizwits_protocol.o(i.gizProtocolReboot)
    i.gizProtocolResendData                  0x080033dc   Section        0  gizwits_protocol.o(i.gizProtocolResendData)
    gizProtocolResendData                    0x080033dd   Thumb Code    64  gizwits_protocol.o(i.gizProtocolResendData)
    i.gizProtocolSum                         0x08003458   Section        0  common.o(i.gizProtocolSum)
    i.gizProtocolWaitAck                     0x08003480   Section        0  gizwits_protocol.o(i.gizProtocolWaitAck)
    gizProtocolWaitAck                       0x08003481   Thumb Code    70  gizwits_protocol.o(i.gizProtocolWaitAck)
    i.gizProtocolWaitAckCheck                0x080034e4   Section        0  gizwits_protocol.o(i.gizProtocolWaitAckCheck)
    gizProtocolWaitAckCheck                  0x080034e5   Thumb Code    44  gizwits_protocol.o(i.gizProtocolWaitAckCheck)
    i.gizPutData                             0x0800352c   Section        0  gizwits_protocol.o(i.gizPutData)
    i.gizReportData                          0x080035a0   Section        0  gizwits_protocol.o(i.gizReportData)
    gizReportData                            0x080035a1   Thumb Code   136  gizwits_protocol.o(i.gizReportData)
    i.gizStandardCompressValue               0x08003670   Section        0  datapointtools.o(i.gizStandardCompressValue)
    i.gizStandardDecompressionValue          0x080036f0   Section        0  datapointtools.o(i.gizStandardDecompressionValue)
    i.gizTimerMs                             0x080037b4   Section        0  gizwits_product.o(i.gizTimerMs)
    i.gizwitsEventProcess                    0x080037c4   Section        0  gizwits_product.o(i.gizwitsEventProcess)
    i.gizwitsGetNTP                          0x0800398c   Section        0  gizwits_protocol.o(i.gizwitsGetNTP)
    i.gizwitsHandle                          0x08003a10   Section        0  gizwits_protocol.o(i.gizwitsHandle)
    i.gizwitsInit                            0x08003d7c   Section        0  gizwits_protocol.o(i.gizwitsInit)
    i.gizwitsSetMode                         0x08003ddc   Section        0  gizwits_protocol.o(i.gizwitsSetMode)
    i.main                                   0x08004064   Section        0  uc.o(i.main)
    i.mcuRestart                             0x08004078   Section        0  gizwits_product.o(i.mcuRestart)
    i.rbCanRead                              0x08004084   Section        0  ringbuffer.o(i.rbCanRead)
    i.rbCanWrite                             0x080040bc   Section        0  ringbuffer.o(i.rbCanWrite)
    i.rbCapacity                             0x080040da   Section        0  ringbuffer.o(i.rbCapacity)
    i.rbCreate                               0x080040e8   Section        0  ringbuffer.o(i.rbCreate)
    i.rbRead                                 0x080040fe   Section        0  ringbuffer.o(i.rbRead)
    i.rbWrite                                0x080041a0   Section        0  ringbuffer.o(i.rbWrite)
    i.uartWrite                              0x0800423c   Section        0  gizwits_product.o(i.uartWrite)
    i.userHandle                             0x080042d8   Section        0  gizwits_product.o(i.userHandle)
    i.userInit                               0x080042f4   Section        0  gizwits_product.o(i.userInit)
    .constdata                               0x08004300   Section       32  hal_rtc.o(.constdata)
    rtcMonTbl                                0x08004300   Data          12  hal_rtc.o(.constdata)
    rtcWeekTbl                               0x0800430c   Data          12  hal_rtc.o(.constdata)
    .constdata                               0x08004320   Section      140  drv_gpio.o(.constdata)
    gpioConfigArry                           0x08004320   Data         140  drv_gpio.o(.constdata)
    .constdata                               0x080043ac   Section       64  drv_uart.o(.constdata)
    uartConfigTbl                            0x080043ac   Data          64  drv_uart.o(.constdata)
    .data                                    0x20000000   Section        5  app_led.o(.data)
    Ts                                       0x20000000   Data           4  app_led.o(.data)
    runFlag                                  0x20000004   Data           1  app_led.o(.data)
    .data                                    0x20000008   Section       16  app_wifi.o(.data)
    Ts                                       0x20000008   Data           4  app_wifi.o(.data)
    reqNtpTim                                0x2000000c   Data           4  app_wifi.o(.data)
    updateTim                                0x20000010   Data           4  app_wifi.o(.data)
    tick                                     0x20000014   Data           2  app_wifi.o(.data)
    times                                    0x20000016   Data           2  app_wifi.o(.data)
    .data                                    0x20000018   Section        1  hal.o(.data)
    halInitSta                               0x20000018   Data           1  hal.o(.data)
    .data                                    0x2000001c   Section        9  hal_int.o(.data)
    intCount                                 0x2000001c   Data           4  hal_int.o(.data)
    sysFaultFunc                             0x20000020   Data           4  hal_int.o(.data)
    sysIntId                                 0x20000024   Data           1  hal_int.o(.data)
    .data                                    0x20000025   Section        1  hal_led.o(.data)
    wifiLedSta                               0x20000025   Data           1  hal_led.o(.data)
    .data                                    0x20000028   Section        8  hal_uart.o(.data)
    SysRxSemPostFunc                         0x20000028   Data           4  hal_uart.o(.data)
    WifiRxSemPostFunc                        0x2000002c   Data           4  hal_uart.o(.data)
    .data                                    0x20000030   Section       10  hal_rtc.o(.data)
    sysTime                                  0x20000030   Data           8  hal_rtc.o(.data)
    dayCnt                                   0x20000038   Data           2  hal_rtc.o(.data)
    .data                                    0x2000003a   Section        2  hal_key.o(.data)
    keyManage                                0x2000003a   Data           2  hal_key.o(.data)
    .data                                    0x2000003c   Section        6  gizwits_product.o(.data)
    timerMsCount                             0x2000003c   Data           4  gizwits_product.o(.data)
    wifiConnectSta                           0x20000040   Data           1  gizwits_product.o(.data)
    .data                                    0x20000044   Section       16  gizwits_protocol.o(.data)
    lastReportTime                           0x20000044   Data           4  gizwits_protocol.o(.data)
    lastRepTime                              0x20000048   Data           4  gizwits_protocol.o(.data)
    protocolFlag                             0x2000004c   Data           1  gizwits_protocol.o(.data)
    protocolCount                            0x2000004e   Data           2  gizwits_protocol.o(.data)
    lastData                                 0x20000050   Data           1  gizwits_protocol.o(.data)
    debugCount                               0x20000051   Data           1  gizwits_protocol.o(.data)
    lastStatus                               0x20000052   Data           2  gizwits_protocol.o(.data)
    .data                                    0x20000054   Section        1  drv_dwt.o(.data)
    dwtInitFinished                          0x20000054   Data           1  drv_dwt.o(.data)
    .data                                    0x20000055   Section        1  drv_gpio.o(.data)
    gpioInitFinish                           0x20000055   Data           1  drv_gpio.o(.data)
    .data                                    0x20000056   Section        1  drv_uart.o(.data)
    uartInitFinished                         0x20000056   Data           1  drv_uart.o(.data)
    .data                                    0x20000057   Section        4  drv_rtc.o(.data)
    <Data1>                                  0x20000057   Data           4  drv_rtc.o(.data)
    .data                                    0x2000005b   Section       20  stm32f10x_rcc.o(.data)
    APBAHBPrescTable                         0x2000005b   Data          16  stm32f10x_rcc.o(.data)
    ADCPrescTable                            0x2000006b   Data           4  stm32f10x_rcc.o(.data)
    .data                                    0x20000070   Section        4  stdout.o(.data)
    .bss                                     0x20000074   Section       12  app_wifi.o(.bss)
    wifiSetInfo                              0x20000074   Data          12  app_wifi.o(.bss)
    .bss                                     0x20000080   Section      272  hal_int.o(.bss)
    sysIntVectTbl                            0x20000080   Data         272  hal_int.o(.bss)
    .bss                                     0x20000190   Section      688  hal_uart.o(.bss)
    sysUartTxBuf                             0x20000190   Data         384  hal_uart.o(.bss)
    sysUartRxBuf                             0x20000310   Data         256  hal_uart.o(.bss)
    sysUartTxQueue                           0x20000410   Data          24  hal_uart.o(.bss)
    sysUartRxQueue                           0x20000428   Data          24  hal_uart.o(.bss)
    .bss                                     0x20000440   Section       16  hal_key.o(.bss)
    keyShake                                 0x20000440   Data          16  hal_key.o(.bss)
    .bss                                     0x20000450   Section      304  gizwits_protocol.o(.bss)
    rbBuf                                    0x20000554   Data          44  gizwits_protocol.o(.bss)
    STACK                                    0x20000580   Section     2048  startup_stm32f10x_hd.o(STACK)

    Global Symbols

    Symbol Name                              Value     Ov Type        Size  Object(Section)

    BuildAttributes$$THM_ISAv4$P$D$K$B$S$PE$A:L22UL41UL21$X:L11$S22US41US21$IEEE1$IW$USESV6$~STKCKD$USESV7$~SHL$OTIME$ROPI$EBA8$MICROLIB$REQ8$PRES8$EABIv2 0x00000000   Number         0  anon$$obj.o ABSOLUTE
    __ARM_use_no_argv                        0x00000000   Number         0  uc.o ABSOLUTE
    _printf_a                                0x00000000   Number         0  stubs.o ABSOLUTE
    _printf_c                                0x00000000   Number         0  stubs.o ABSOLUTE
    _printf_charcount                        0x00000000   Number         0  stubs.o ABSOLUTE
    _printf_d                                0x00000000   Number         0  stubs.o ABSOLUTE
    _printf_e                                0x00000000   Number         0  stubs.o ABSOLUTE
    _printf_f                                0x00000000   Number         0  stubs.o ABSOLUTE
    _printf_flags                            0x00000000   Number         0  stubs.o ABSOLUTE
    _printf_fp_dec                           0x00000000   Number         0  stubs.o ABSOLUTE
    _printf_fp_hex                           0x00000000   Number         0  stubs.o ABSOLUTE
    _printf_g                                0x00000000   Number         0  stubs.o ABSOLUTE
    _printf_i                                0x00000000   Number         0  stubs.o ABSOLUTE
    _printf_int_dec                          0x00000000   Number         0  stubs.o ABSOLUTE
    _printf_l                                0x00000000   Number         0  stubs.o ABSOLUTE
    _printf_lc                               0x00000000   Number         0  stubs.o ABSOLUTE
    _printf_ll                               0x00000000   Number         0  stubs.o ABSOLUTE
    _printf_lld                              0x00000000   Number         0  stubs.o ABSOLUTE
    _printf_lli                              0x00000000   Number         0  stubs.o ABSOLUTE
    _printf_llo                              0x00000000   Number         0  stubs.o ABSOLUTE
    _printf_llu                              0x00000000   Number         0  stubs.o ABSOLUTE
    _printf_llx                              0x00000000   Number         0  stubs.o ABSOLUTE
    _printf_longlong_dec                     0x00000000   Number         0  stubs.o ABSOLUTE
    _printf_longlong_hex                     0x00000000   Number         0  stubs.o ABSOLUTE
    _printf_longlong_oct                     0x00000000   Number         0  stubs.o ABSOLUTE
    _printf_ls                               0x00000000   Number         0  stubs.o ABSOLUTE
    _printf_mbtowc                           0x00000000   Number         0  stubs.o ABSOLUTE
    _printf_n                                0x00000000   Number         0  stubs.o ABSOLUTE
    _printf_o                                0x00000000   Number         0  stubs.o ABSOLUTE
    _printf_p                                0x00000000   Number         0  stubs.o ABSOLUTE
    _printf_percent                          0x00000000   Number         0  stubs.o ABSOLUTE
    _printf_pre_padding                      0x00000000   Number         0  stubs.o ABSOLUTE
    _printf_return_value                     0x00000000   Number         0  stubs.o ABSOLUTE
    _printf_s                                0x00000000   Number         0  stubs.o ABSOLUTE
    _printf_sizespec                         0x00000000   Number         0  stubs.o ABSOLUTE
    _printf_str                              0x00000000   Number         0  stubs.o ABSOLUTE
    _printf_truncate_signed                  0x00000000   Number         0  stubs.o ABSOLUTE
    _printf_truncate_unsigned                0x00000000   Number         0  stubs.o ABSOLUTE
    _printf_u                                0x00000000   Number         0  stubs.o ABSOLUTE
    _printf_wc                               0x00000000   Number         0  stubs.o ABSOLUTE
    _printf_wctomb                           0x00000000   Number         0  stubs.o ABSOLUTE
    _printf_widthprec                        0x00000000   Number         0  stubs.o ABSOLUTE
    _printf_x                                0x00000000   Number         0  stubs.o ABSOLUTE
    __cpp_initialize__aeabi_                  - Undefined Weak Reference
    __cxa_finalize                            - Undefined Weak Reference
    __decompress                              - Undefined Weak Reference
    _clock_init                               - Undefined Weak Reference
    _microlib_exit                            - Undefined Weak Reference
    __Vectors_Size                           0x00000130   Number         0  startup_stm32f10x_hd.o ABSOLUTE
    __Vectors                                0x08000000   Data           4  startup_stm32f10x_hd.o(RESET)
    __Vectors_End                            0x08000130   Data           0  startup_stm32f10x_hd.o(RESET)
    __main                                   0x08000131   Thumb Code     0  entry.o(.ARM.Collect$$$$00000000)
    _main_stk                                0x08000131   Thumb Code     0  entry2.o(.ARM.Collect$$$$00000001)
    _main_scatterload                        0x08000135   Thumb Code     0  entry5.o(.ARM.Collect$$$$00000004)
    __main_after_scatterload                 0x08000139   Thumb Code     0  entry5.o(.ARM.Collect$$$$00000004)
    _main_clock                              0x08000139   Thumb Code     0  entry7b.o(.ARM.Collect$$$$00000008)
    _main_cpp_init                           0x08000139   Thumb Code     0  entry8b.o(.ARM.Collect$$$$0000000A)
    _main_init                               0x08000139   Thumb Code     0  entry9a.o(.ARM.Collect$$$$0000000B)
    __rt_final_cpp                           0x08000141   Thumb Code     0  entry10a.o(.ARM.Collect$$$$0000000D)
    __rt_final_exit                          0x08000141   Thumb Code     0  entry11a.o(.ARM.Collect$$$$0000000F)
    Reset_Handler                            0x08000145   Thumb Code     8  startup_stm32f10x_hd.o(.text)
    __aeabi_uldivmod                         0x08000169   Thumb Code    98  uldiv.o(.text)
    __aeabi_memcpy                           0x080001cb   Thumb Code    36  memcpya.o(.text)
    __aeabi_memcpy4                          0x080001cb   Thumb Code     0  memcpya.o(.text)
    __aeabi_memcpy8                          0x080001cb   Thumb Code     0  memcpya.o(.text)
    __aeabi_memset                           0x080001ef   Thumb Code    14  memseta.o(.text)
    __aeabi_memset4                          0x080001ef   Thumb Code     0  memseta.o(.text)
    __aeabi_memset8                          0x080001ef   Thumb Code     0  memseta.o(.text)
    __aeabi_memclr                           0x080001fd   Thumb Code     4  memseta.o(.text)
    __aeabi_memclr4                          0x080001fd   Thumb Code     0  memseta.o(.text)
    __aeabi_memclr8                          0x080001fd   Thumb Code     0  memseta.o(.text)
    _memset$wrapper                          0x08000201   Thumb Code    18  memseta.o(.text)
    __aeabi_llsl                             0x08000213   Thumb Code    30  llshl.o(.text)
    _ll_shift_l                              0x08000213   Thumb Code     0  llshl.o(.text)
    __aeabi_llsr                             0x08000231   Thumb Code    32  llushr.o(.text)
    _ll_ushift_r                             0x08000231   Thumb Code     0  llushr.o(.text)
    __scatterload                            0x08000251   Thumb Code    28  init.o(.text)
    __scatterload_rt2                        0x08000251   Thumb Code     0  init.o(.text)
    ADC1_2_IRQHandler                        0x08000275   Thumb Code    10  hal_int.o(i.ADC1_2_IRQHandler)
    ADC3_IRQHandler                          0x0800027f   Thumb Code    10  hal_int.o(i.ADC3_IRQHandler)
    BKP_DeInit                               0x08000295   Thumb Code    16  stm32f10x_bkp.o(i.BKP_DeInit)
    BKP_ReadBackupRegister                   0x080002a5   Thumb Code    24  stm32f10x_bkp.o(i.BKP_ReadBackupRegister)
    BKP_WriteBackupRegister                  0x080002c1   Thumb Code    22  stm32f10x_bkp.o(i.BKP_WriteBackupRegister)
    BusFault_Handler                         0x080002dd   Thumb Code    10  hal_int.o(i.BusFault_Handler)
    CAN1_RX1_IRQHandler                      0x080002e7   Thumb Code    10  hal_int.o(i.CAN1_RX1_IRQHandler)
    CAN1_SCE_IRQHandler                      0x080002f1   Thumb Code    10  hal_int.o(i.CAN1_SCE_IRQHandler)
    DMA1_Channel1_IRQHandler                 0x080002fb   Thumb Code    10  hal_int.o(i.DMA1_Channel1_IRQHandler)
    DMA1_Channel2_IRQHandler                 0x08000305   Thumb Code    10  hal_int.o(i.DMA1_Channel2_IRQHandler)
    DMA1_Channel3_IRQHandler                 0x0800030f   Thumb Code    10  hal_int.o(i.DMA1_Channel3_IRQHandler)
    DMA1_Channel4_IRQHandler                 0x08000319   Thumb Code    10  hal_int.o(i.DMA1_Channel4_IRQHandler)
    DMA1_Channel5_IRQHandler                 0x08000323   Thumb Code    10  hal_int.o(i.DMA1_Channel5_IRQHandler)
    DMA1_Channel6_IRQHandler                 0x0800032d   Thumb Code    10  hal_int.o(i.DMA1_Channel6_IRQHandler)
    DMA1_Channel7_IRQHandler                 0x08000337   Thumb Code    10  hal_int.o(i.DMA1_Channel7_IRQHandler)
    DMA2_Channel1_IRQHandler                 0x08000341   Thumb Code    10  hal_int.o(i.DMA2_Channel1_IRQHandler)
    DMA2_Channel2_IRQHandler                 0x0800034b   Thumb Code    10  hal_int.o(i.DMA2_Channel2_IRQHandler)
    DMA2_Channel3_IRQHandler                 0x08000355   Thumb Code    10  hal_int.o(i.DMA2_Channel3_IRQHandler)
    DMA2_Channel4_5_IRQHandler               0x0800035f   Thumb Code    10  hal_int.o(i.DMA2_Channel4_5_IRQHandler)
    DebugMon_Handler                         0x08000369   Thumb Code    10  hal_int.o(i.DebugMon_Handler)
    Drv_DwtInit                              0x08000375   Thumb Code    36  drv_dwt.o(i.Drv_DwtInit)
    Drv_GetCpuFreq                           0x080003a5   Thumb Code    24  drv_dwt.o(i.Drv_GetCpuFreq)
    Drv_GetDwtCnt                            0x080003bd   Thumb Code     6  drv_dwt.o(i.Drv_GetDwtCnt)
    Drv_GpioInit                             0x080003c9   Thumb Code   180  drv_gpio.o(i.Drv_GpioInit)
    Drv_GpioNameIn                           0x08000485   Thumb Code    56  drv_gpio.o(i.Drv_GpioNameIn)
    Drv_GpioNameOut                          0x080004c1   Thumb Code    84  drv_gpio.o(i.Drv_GpioNameOut)
    Drv_IsUartRxInt                          0x08000519   Thumb Code    30  drv_uart.o(i.Drv_IsUartRxInt)
    Drv_IsUartTxInt                          0x0800053d   Thumb Code    30  drv_uart.o(i.Drv_IsUartTxInt)
    Drv_RtcGetCount                          0x0800057d   Thumb Code    16  drv_rtc.o(i.Drv_RtcGetCount)
    Drv_RtcInit                              0x08000591   Thumb Code   196  drv_rtc.o(i.Drv_RtcInit)
    Drv_RtcIsSecInt                          0x08000655   Thumb Code    18  drv_rtc.o(i.Drv_RtcIsSecInt)
    Drv_RtcIsrHandle                         0x08000667   Thumb Code    14  drv_rtc.o(i.Drv_RtcIsrHandle)
    Drv_RtcSetCount                          0x080006a5   Thumb Code    32  drv_rtc.o(i.Drv_RtcSetCount)
    Drv_SysUartInit                          0x080006c5   Thumb Code   266  drv_uart.o(i.Drv_SysUartInit)
    Drv_UartGetRevData                       0x080007e9   Thumb Code    20  drv_uart.o(i.Drv_UartGetRevData)
    Drv_UartITRxDisable                      0x08000801   Thumb Code    24  drv_uart.o(i.Drv_UartITRxDisable)
    Drv_UartITRxEnable                       0x0800081d   Thumb Code    24  drv_uart.o(i.Drv_UartITRxEnable)
    Drv_UartITTxDisable                      0x08000839   Thumb Code    24  drv_uart.o(i.Drv_UartITTxDisable)
    Drv_UartITTxEnable                       0x08000855   Thumb Code    24  drv_uart.o(i.Drv_UartITTxEnable)
    Drv_UartTxByte                           0x08000871   Thumb Code    22  drv_uart.o(i.Drv_UartTxByte)
    EXTI0_IRQHandler                         0x0800088d   Thumb Code    10  hal_int.o(i.EXTI0_IRQHandler)
    EXTI15_10_IRQHandler                     0x08000897   Thumb Code    10  hal_int.o(i.EXTI15_10_IRQHandler)
    EXTI1_IRQHandler                         0x080008a1   Thumb Code    10  hal_int.o(i.EXTI1_IRQHandler)
    EXTI2_IRQHandler                         0x080008ab   Thumb Code    10  hal_int.o(i.EXTI2_IRQHandler)
    EXTI3_IRQHandler                         0x080008b5   Thumb Code    10  hal_int.o(i.EXTI3_IRQHandler)
    EXTI4_IRQHandler                         0x080008bf   Thumb Code    10  hal_int.o(i.EXTI4_IRQHandler)
    EXTI9_5_IRQHandler                       0x080008c9   Thumb Code    10  hal_int.o(i.EXTI9_5_IRQHandler)
    FLASH_IRQHandler                         0x080008d3   Thumb Code    10  hal_int.o(i.FLASH_IRQHandler)
    FSMC_IRQHandler                          0x080008dd   Thumb Code    10  hal_int.o(i.FSMC_IRQHandler)
    GPIO_Init                                0x080008e7   Thumb Code   278  stm32f10x_gpio.o(i.GPIO_Init)
    GPIO_ReadInputDataBit                    0x080009fd   Thumb Code    18  stm32f10x_gpio.o(i.GPIO_ReadInputDataBit)
    GPIO_ResetBits                           0x08000a0f   Thumb Code     4  stm32f10x_gpio.o(i.GPIO_ResetBits)
    GPIO_SetBits                             0x08000a13   Thumb Code     4  stm32f10x_gpio.o(i.GPIO_SetBits)
    Hal_CheckNewKey                          0x08000a19   Thumb Code    10  hal_key.o(i.Hal_CheckNewKey)
    Hal_ClearNewKeyFlg                       0x08000a29   Thumb Code    10  hal_key.o(i.Hal_ClearNewKeyFlg)
    Hal_DisableAllInt                        0x08000a39   Thumb Code    14  hal_int.o(i.Hal_DisableAllInt)
    Hal_EnableAllInt                         0x08000a4d   Thumb Code    26  hal_int.o(i.Hal_EnableAllInt)
    Hal_GetKeySta                            0x08000a85   Thumb Code    12  hal_key.o(i.Hal_GetKeySta)
    Hal_GetWifiLedSta                        0x08000a95   Thumb Code     6  hal_led.o(i.Hal_GetWifiLedSta)
    Hal_IoInit                               0x08000aa1   Thumb Code     8  hal_led.o(i.Hal_IoInit)
    Hal_KeyScan                              0x08000aa9   Thumb Code    58  hal_key.o(i.Hal_KeyScan)
    Hal_RtcInit                              0x08000ca5   Thumb Code    48  hal_rtc.o(i.Hal_RtcInit)
    Hal_RtcSetTime                           0x08000d31   Thumb Code   192  hal_rtc.o(i.Hal_RtcSetTime)
    Hal_RunLedOff                            0x08000ef1   Thumb Code    12  hal_led.o(i.Hal_RunLedOff)
    Hal_RunLedOn                             0x08000efd   Thumb Code    12  hal_led.o(i.Hal_RunLedOn)
    Hal_SysISRSet                            0x08000f79   Thumb Code    26  hal_int.o(i.Hal_SysISRSet)
    Hal_SysInit                              0x08000f99   Thumb Code    42  hal.o(i.Hal_SysInit)
    Hal_SysIntInit                           0x08000ff9   Thumb Code    30  hal_int.o(i.Hal_SysIntInit)
    Hal_SysUartInit                          0x0800101d   Thumb Code    86  hal_uart.o(i.Hal_SysUartInit)
    Hal_UartReadByte                         0x0800108d   Thumb Code    42  hal_uart.o(i.Hal_UartReadByte)
    Hal_UartWrite                            0x080010bd   Thumb Code   138  hal_uart.o(i.Hal_UartWrite)
    Hal_WifiLedOff                           0x080011bd   Thumb Code    18  hal_led.o(i.Hal_WifiLedOff)
    Hal_WifiLedOn                            0x080011d5   Thumb Code    18  hal_led.o(i.Hal_WifiLedOn)
    HardFault_Handler                        0x080011ed   Thumb Code    10  hal_int.o(i.HardFault_Handler)
    I2C1_ER_IRQHandler                       0x080011f7   Thumb Code    10  hal_int.o(i.I2C1_ER_IRQHandler)
    I2C1_EV_IRQHandler                       0x08001201   Thumb Code    10  hal_int.o(i.I2C1_EV_IRQHandler)
    I2C2_ER_IRQHandler                       0x0800120b   Thumb Code    10  hal_int.o(i.I2C2_ER_IRQHandler)
    I2C2_EV_IRQHandler                       0x08001215   Thumb Code    10  hal_int.o(i.I2C2_EV_IRQHandler)
    MemManage_Handler                        0x0800121f   Thumb Code    10  hal_int.o(i.MemManage_Handler)
    NMI_Handler                              0x08001229   Thumb Code    10  hal_int.o(i.NMI_Handler)
    NVIC_Init                                0x08001235   Thumb Code   100  misc.o(i.NVIC_Init)
    NVIC_PriorityGroupConfig                 0x080012a5   Thumb Code    10  misc.o(i.NVIC_PriorityGroupConfig)
    Osal_DiffTsToUsec                        0x080012b9   Thumb Code    78  osal.o(i.Osal_DiffTsToUsec)
    Osal_GetCurTs                            0x0800130d   Thumb Code     8  osal.o(i.Osal_GetCurTs)
    PVD_IRQHandler                           0x08001315   Thumb Code    10  hal_int.o(i.PVD_IRQHandler)
    PWR_BackupAccessCmd                      0x08001321   Thumb Code     6  stm32f10x_pwr.o(i.PWR_BackupAccessCmd)
    PendSV_Handler                           0x0800132d   Thumb Code    10  hal_int.o(i.PendSV_Handler)
    RCC_APB1PeriphClockCmd                   0x0800133d   Thumb Code    26  stm32f10x_rcc.o(i.RCC_APB1PeriphClockCmd)
    RCC_APB1PeriphResetCmd                   0x0800135d   Thumb Code    26  stm32f10x_rcc.o(i.RCC_APB1PeriphResetCmd)
    RCC_APB2PeriphClockCmd                   0x0800137d   Thumb Code    26  stm32f10x_rcc.o(i.RCC_APB2PeriphClockCmd)
    RCC_APB2PeriphResetCmd                   0x0800139d   Thumb Code    26  stm32f10x_rcc.o(i.RCC_APB2PeriphResetCmd)
    RCC_BackupResetCmd                       0x080013bd   Thumb Code     6  stm32f10x_rcc.o(i.RCC_BackupResetCmd)
    RCC_GetClocksFreq                        0x080013c9   Thumb Code   192  stm32f10x_rcc.o(i.RCC_GetClocksFreq)
    RCC_GetFlagStatus                        0x0800149d   Thumb Code    56  stm32f10x_rcc.o(i.RCC_GetFlagStatus)
    RCC_IRQHandler                           0x080014d9   Thumb Code    10  hal_int.o(i.RCC_IRQHandler)
    RCC_LSEConfig                            0x080014e5   Thumb Code    46  stm32f10x_rcc.o(i.RCC_LSEConfig)
    RCC_RTCCLKCmd                            0x08001519   Thumb Code     6  stm32f10x_rcc.o(i.RCC_RTCCLKCmd)
    RCC_RTCCLKConfig                         0x08001525   Thumb Code    12  stm32f10x_rcc.o(i.RCC_RTCCLKConfig)
    RTCAlarm_IRQHandler                      0x08001535   Thumb Code    10  hal_int.o(i.RTCAlarm_IRQHandler)
    RTC_ClearITPendingBit                    0x08001541   Thumb Code    12  stm32f10x_rtc.o(i.RTC_ClearITPendingBit)
    RTC_EnterConfigMode                      0x08001551   Thumb Code    14  stm32f10x_rtc.o(i.RTC_EnterConfigMode)
    RTC_ExitConfigMode                       0x08001565   Thumb Code    16  stm32f10x_rtc.o(i.RTC_ExitConfigMode)
    RTC_GetITStatus                          0x08001579   Thumb Code    32  stm32f10x_rtc.o(i.RTC_GetITStatus)
    RTC_IRQHandler                           0x0800159d   Thumb Code    10  hal_int.o(i.RTC_IRQHandler)
    RTC_ITConfig                             0x080015a9   Thumb Code    26  stm32f10x_rtc.o(i.RTC_ITConfig)
    RTC_SetCounter                           0x080015c9   Thumb Code    24  stm32f10x_rtc.o(i.RTC_SetCounter)
    RTC_SetPrescaler                         0x080015e5   Thumb Code    26  stm32f10x_rtc.o(i.RTC_SetPrescaler)
    RTC_WaitForLastTask                      0x08001605   Thumb Code    16  stm32f10x_rtc.o(i.RTC_WaitForLastTask)
    RTC_WaitForSynchro                       0x08001619   Thumb Code    30  stm32f10x_rtc.o(i.RTC_WaitForSynchro)
    SDIO_IRQHandler                          0x0800163d   Thumb Code    10  hal_int.o(i.SDIO_IRQHandler)
    SPI1_IRQHandler                          0x08001647   Thumb Code    10  hal_int.o(i.SPI1_IRQHandler)
    SPI2_IRQHandler                          0x08001651   Thumb Code    10  hal_int.o(i.SPI2_IRQHandler)
    SPI3_IRQHandler                          0x0800165b   Thumb Code    10  hal_int.o(i.SPI3_IRQHandler)
    SVC_Handler                              0x08001665   Thumb Code    10  hal_int.o(i.SVC_Handler)
    Srv_QueueIn                              0x08001759   Thumb Code    50  srv_queue.o(i.Srv_QueueIn)
    Srv_QueueInit                            0x0800178b   Thumb Code    14  srv_queue.o(i.Srv_QueueInit)
    Srv_QueueIsEmpty                         0x08001799   Thumb Code    12  srv_queue.o(i.Srv_QueueIsEmpty)
    Srv_QueueOut                             0x080017a5   Thumb Code    48  srv_queue.o(i.Srv_QueueOut)
    Srv_ReadQueueHead                        0x080017d5   Thumb Code    24  srv_queue.o(i.Srv_ReadQueueHead)
    Srv_WifiCommInit                         0x080017ed   Thumb Code     2  srv_wifi_comm.o(i.Srv_WifiCommInit)
    Srv_WifiCommTx                           0x080017ef   Thumb Code    18  srv_wifi_comm.o(i.Srv_WifiCommTx)
    SysTick_Handler                          0x08001801   Thumb Code    10  hal_int.o(i.SysTick_Handler)
    Sys_LedFlash                             0x0800180d   Thumb Code    54  app_led.o(i.Sys_LedFlash)
    Sys_LedInit                              0x08001851   Thumb Code     2  app_led.o(i.Sys_LedInit)
    SystemInit                               0x08001855   Thumb Code    78  system_stm32f10x.o(i.SystemInit)
    TAMPER_IRQHandler                        0x080018b5   Thumb Code    10  hal_int.o(i.TAMPER_IRQHandler)
    TIM1_BRK_IRQHandler                      0x080018bf   Thumb Code    10  hal_int.o(i.TIM1_BRK_IRQHandler)
    TIM1_CC_IRQHandler                       0x080018c9   Thumb Code    10  hal_int.o(i.TIM1_CC_IRQHandler)
    TIM1_TRG_COM_IRQHandler                  0x080018d3   Thumb Code    10  hal_int.o(i.TIM1_TRG_COM_IRQHandler)
    TIM1_UP_IRQHandler                       0x080018dd   Thumb Code    10  hal_int.o(i.TIM1_UP_IRQHandler)
    TIM2_IRQHandler                          0x080018e7   Thumb Code    10  hal_int.o(i.TIM2_IRQHandler)
    TIM3_IRQHandler                          0x080018f1   Thumb Code    10  hal_int.o(i.TIM3_IRQHandler)
    TIM4_IRQHandler                          0x080018fb   Thumb Code    10  hal_int.o(i.TIM4_IRQHandler)
    TIM5_IRQHandler                          0x08001905   Thumb Code    10  hal_int.o(i.TIM5_IRQHandler)
    TIM6_IRQHandler                          0x0800190f   Thumb Code    10  hal_int.o(i.TIM6_IRQHandler)
    TIM7_IRQHandler                          0x08001919   Thumb Code    10  hal_int.o(i.TIM7_IRQHandler)
    TIM8_BRK_IRQHandler                      0x08001923   Thumb Code    10  hal_int.o(i.TIM8_BRK_IRQHandler)
    TIM8_CC_IRQHandler                       0x0800192d   Thumb Code    10  hal_int.o(i.TIM8_CC_IRQHandler)
    TIM8_TRG_COM_IRQHandler                  0x08001937   Thumb Code    10  hal_int.o(i.TIM8_TRG_COM_IRQHandler)
    TIM8_UP_IRQHandler                       0x08001941   Thumb Code    10  hal_int.o(i.TIM8_UP_IRQHandler)
    UART4_IRQHandler                         0x0800194b   Thumb Code    10  hal_int.o(i.UART4_IRQHandler)
    UART5_IRQHandler                         0x08001955   Thumb Code    10  hal_int.o(i.UART5_IRQHandler)
    USART1_IRQHandler                        0x0800195f   Thumb Code    10  hal_int.o(i.USART1_IRQHandler)
    USART2_IRQHandler                        0x08001969   Thumb Code    10  hal_int.o(i.USART2_IRQHandler)
    USART3_IRQHandler                        0x08001973   Thumb Code    10  hal_int.o(i.USART3_IRQHandler)
    USART_Cmd                                0x0800197d   Thumb Code    24  stm32f10x_usart.o(i.USART_Cmd)
    USART_DeInit                             0x08001995   Thumb Code   134  stm32f10x_usart.o(i.USART_DeInit)
    USART_GetITStatus                        0x08001a31   Thumb Code    84  stm32f10x_usart.o(i.USART_GetITStatus)
    USART_ITConfig                           0x08001a85   Thumb Code    74  stm32f10x_usart.o(i.USART_ITConfig)
    USART_Init                               0x08001ad1   Thumb Code   210  stm32f10x_usart.o(i.USART_Init)
    USART_ReceiveData                        0x08001ba9   Thumb Code    10  stm32f10x_usart.o(i.USART_ReceiveData)
    USART_SendData                           0x08001bb3   Thumb Code     8  stm32f10x_usart.o(i.USART_SendData)
    USBWakeUp_IRQHandler                     0x08001bbb   Thumb Code    10  hal_int.o(i.USBWakeUp_IRQHandler)
    USB_HP_CAN1_TX_IRQHandler                0x08001bc5   Thumb Code    10  hal_int.o(i.USB_HP_CAN1_TX_IRQHandler)
    USB_LP_CAN1_RX0_IRQHandler               0x08001bcf   Thumb Code    10  hal_int.o(i.USB_LP_CAN1_RX0_IRQHandler)
    UsageFault_Handler                       0x08001bd9   Thumb Code    10  hal_int.o(i.UsageFault_Handler)
    WWDG_IRQHandler                          0x08001be3   Thumb Code    10  hal_int.o(i.WWDG_IRQHandler)
    Wifi_GetConnectSta                       0x08001c19   Thumb Code     6  gizwits_product.o(i.Wifi_GetConnectSta)
    Wifi_TaskHandle                          0x08001d79   Thumb Code    54  app_wifi.o(i.Wifi_TaskHandle)
    Wifi_TaskInit                            0x08001db5   Thumb Code    28  app_wifi.o(i.Wifi_TaskInit)
    __0printf$8                              0x08001ed1   Thumb Code    22  printf8.o(i.__0printf$8)
    __1printf$8                              0x08001ed1   Thumb Code     0  printf8.o(i.__0printf$8)
    __2printf                                0x08001ed1   Thumb Code     0  printf8.o(i.__0printf$8)
    __scatterload_copy                       0x08001ef1   Thumb Code    14  handlers.o(i.__scatterload_copy)
    __scatterload_null                       0x08001eff   Thumb Code     2  handlers.o(i.__scatterload_null)
    __scatterload_zeroinit                   0x08001f01   Thumb Code    14  handlers.o(i.__scatterload_zeroinit)
    exchangeBytes                            0x08002373   Thumb Code    26  common.o(i.exchangeBytes)
    exchangeWord                             0x0800238d   Thumb Code    26  common.o(i.exchangeWord)
    fputc                                    0x080023a7   Thumb Code    18  std_lib.o(i.fputc)
    gizAcrossByteJudge                       0x080023b9   Thumb Code    42  datapointtools.o(i.gizAcrossByteJudge)
    gizByteOrderExchange                     0x080023e3   Thumb Code    50  datapointtools.o(i.gizByteOrderExchange)
    gizGetTimerCount                         0x08002641   Thumb Code     6  gizwits_product.o(i.gizGetTimerCount)
    gizProtocolSum                           0x08003459   Thumb Code    38  common.o(i.gizProtocolSum)
    gizPutData                               0x0800352d   Thumb Code    52  gizwits_protocol.o(i.gizPutData)
    gizStandardCompressValue                 0x08003671   Thumb Code   128  datapointtools.o(i.gizStandardCompressValue)
    gizStandardDecompressionValue            0x080036f1   Thumb Code   194  datapointtools.o(i.gizStandardDecompressionValue)
    gizTimerMs                               0x080037b5   Thumb Code    12  gizwits_product.o(i.gizTimerMs)
    gizwitsEventProcess                      0x080037c5   Thumb Code   284  gizwits_product.o(i.gizwitsEventProcess)
    gizwitsGetNTP                            0x0800398d   Thumb Code    94  gizwits_protocol.o(i.gizwitsGetNTP)
    gizwitsHandle                            0x08003a11   Thumb Code   596  gizwits_protocol.o(i.gizwitsHandle)
    gizwitsInit                              0x08003d7d   Thumb Code    44  gizwits_protocol.o(i.gizwitsInit)
    gizwitsSetMode                           0x08003ddd   Thumb Code   590  gizwits_protocol.o(i.gizwitsSetMode)
    main                                     0x08004065   Thumb Code    20  uc.o(i.main)
    mcuRestart                               0x08004079   Thumb Code    12  gizwits_product.o(i.mcuRestart)
    rbCanRead                                0x08004085   Thumb Code    56  ringbuffer.o(i.rbCanRead)
    rbCanWrite                               0x080040bd   Thumb Code    30  ringbuffer.o(i.rbCanWrite)
    rbCapacity                               0x080040db   Thumb Code    14  ringbuffer.o(i.rbCapacity)
    rbCreate                                 0x080040e9   Thumb Code    22  ringbuffer.o(i.rbCreate)
    rbRead                                   0x080040ff   Thumb Code   162  ringbuffer.o(i.rbRead)
    rbWrite                                  0x080041a1   Thumb Code   154  ringbuffer.o(i.rbWrite)
    uartWrite                                0x0800423d   Thumb Code   118  gizwits_product.o(i.uartWrite)
    userHandle                               0x080042d9   Thumb Code    24  gizwits_product.o(i.userHandle)
    userInit                                 0x080042f5   Thumb Code     8  gizwits_product.o(i.userInit)
    Region$$Table$$Base                      0x080043ec   Number         0  anon$$obj.o(Region$$Table)
    Region$$Table$$Limit                     0x0800440c   Number         0  anon$$obj.o(Region$$Table)
    currentDataPoint                         0x20000041   Data           1  gizwits_product.o(.data)
    __stdout                                 0x20000070   Data           4  stdout.o(.data)
    gizwitsProtocol                          0x20000450   Data         244  gizwits_protocol.o(.bss)
    pRb                                      0x20000544   Data          16  gizwits_protocol.o(.bss)
    __initial_sp                             0x20000d80   Data           0  startup_stm32f10x_hd.o(STACK)



==============================================================================

Memory Map of the image

  Image Entry point : 0x08000131

  Load Region LR_IROM1 (Base: 0x08000000, Size: 0x00004480, Max: 0x00080000, ABSOLUTE)

    Execution Region ER_IROM1 (Base: 0x08000000, Size: 0x0000440c, Max: 0x00080000, ABSOLUTE)

    Base Addr    Size         Type   Attr      Idx    E Section Name        Object

    0x08000000   0x00000130   Data   RO         1796    RESET               startup_stm32f10x_hd.o
    0x08000130   0x00000000   Code   RO         4807  * .ARM.Collect$$$$00000000  mc_w.l(entry.o)
    0x08000130   0x00000004   Code   RO         5093    .ARM.Collect$$$$00000001  mc_w.l(entry2.o)
    0x08000134   0x00000004   Code   RO         5096    .ARM.Collect$$$$00000004  mc_w.l(entry5.o)
    0x08000138   0x00000000   Code   RO         5098    .ARM.Collect$$$$00000008  mc_w.l(entry7b.o)
    0x08000138   0x00000000   Code   RO         5100    .ARM.Collect$$$$0000000A  mc_w.l(entry8b.o)
    0x08000138   0x00000008   Code   RO         5101    .ARM.Collect$$$$0000000B  mc_w.l(entry9a.o)
    0x08000140   0x00000000   Code   RO         5103    .ARM.Collect$$$$0000000D  mc_w.l(entry10a.o)
    0x08000140   0x00000000   Code   RO         5105    .ARM.Collect$$$$0000000F  mc_w.l(entry11a.o)
    0x08000140   0x00000004   Code   RO         5094    .ARM.Collect$$$$00002712  mc_w.l(entry2.o)
    0x08000144   0x00000024   Code   RO         1797    .text               startup_stm32f10x_hd.o
    0x08000168   0x00000062   Code   RO         4810    .text               mc_w.l(uldiv.o)
    0x080001ca   0x00000024   Code   RO         4814    .text               mc_w.l(memcpya.o)
    0x080001ee   0x00000024   Code   RO         4816    .text               mc_w.l(memseta.o)
    0x08000212   0x0000001e   Code   RO         5110    .text               mc_w.l(llshl.o)
    0x08000230   0x00000020   Code   RO         5112    .text               mc_w.l(llushr.o)
    0x08000250   0x00000024   Code   RO         5127    .text               mc_w.l(init.o)
    0x08000274   0x0000000a   Code   RO          252    i.ADC1_2_IRQHandler  hal_int.o
    0x0800027e   0x0000000a   Code   RO          253    i.ADC3_IRQHandler   hal_int.o
    0x08000288   0x0000000c   Code   RO          110    i.AppStartTask      uc.o
    0x08000294   0x00000010   Code   RO         2064    i.BKP_DeInit        stm32f10x_bkp.o
    0x080002a4   0x0000001c   Code   RO         2069    i.BKP_ReadBackupRegister  stm32f10x_bkp.o
    0x080002c0   0x0000001c   Code   RO         2073    i.BKP_WriteBackupRegister  stm32f10x_bkp.o
    0x080002dc   0x0000000a   Code   RO          254    i.BusFault_Handler  hal_int.o
    0x080002e6   0x0000000a   Code   RO          255    i.CAN1_RX1_IRQHandler  hal_int.o
    0x080002f0   0x0000000a   Code   RO          256    i.CAN1_SCE_IRQHandler  hal_int.o
    0x080002fa   0x0000000a   Code   RO          257    i.DMA1_Channel1_IRQHandler  hal_int.o
    0x08000304   0x0000000a   Code   RO          258    i.DMA1_Channel2_IRQHandler  hal_int.o
    0x0800030e   0x0000000a   Code   RO          259    i.DMA1_Channel3_IRQHandler  hal_int.o
    0x08000318   0x0000000a   Code   RO          260    i.DMA1_Channel4_IRQHandler  hal_int.o
    0x08000322   0x0000000a   Code   RO          261    i.DMA1_Channel5_IRQHandler  hal_int.o
    0x0800032c   0x0000000a   Code   RO          262    i.DMA1_Channel6_IRQHandler  hal_int.o
    0x08000336   0x0000000a   Code   RO          263    i.DMA1_Channel7_IRQHandler  hal_int.o
    0x08000340   0x0000000a   Code   RO          264    i.DMA2_Channel1_IRQHandler  hal_int.o
    0x0800034a   0x0000000a   Code   RO          265    i.DMA2_Channel2_IRQHandler  hal_int.o
    0x08000354   0x0000000a   Code   RO          266    i.DMA2_Channel3_IRQHandler  hal_int.o
    0x0800035e   0x0000000a   Code   RO          267    i.DMA2_Channel4_5_IRQHandler  hal_int.o
    0x08000368   0x0000000a   Code   RO          268    i.DebugMon_Handler  hal_int.o
    0x08000372   0x00000002   PAD
    0x08000374   0x00000030   Code   RO         1492    i.Drv_DwtInit       drv_dwt.o
    0x080003a4   0x00000018   Code   RO         1493    i.Drv_GetCpuFreq    drv_dwt.o
    0x080003bc   0x0000000c   Code   RO         1494    i.Drv_GetDwtCnt     drv_dwt.o
    0x080003c8   0x000000bc   Code   RO         1528    i.Drv_GpioInit      drv_gpio.o
    0x08000484   0x0000003c   Code   RO         1529    i.Drv_GpioNameIn    drv_gpio.o
    0x080004c0   0x00000058   Code   RO         1530    i.Drv_GpioNameOut   drv_gpio.o
    0x08000518   0x00000024   Code   RO         1612    i.Drv_IsUartRxInt   drv_uart.o
    0x0800053c   0x00000024   Code   RO         1613    i.Drv_IsUartTxInt   drv_uart.o
    0x08000560   0x0000001a   Code   RO         1744    i.Drv_RtcDelay      drv_rtc.o
    0x0800057a   0x00000002   PAD
    0x0800057c   0x00000014   Code   RO         1745    i.Drv_RtcGetCount   drv_rtc.o
    0x08000590   0x000000c4   Code   RO         1746    i.Drv_RtcInit       drv_rtc.o
    0x08000654   0x00000012   Code   RO         1747    i.Drv_RtcIsSecInt   drv_rtc.o
    0x08000666   0x0000000e   Code   RO         1748    i.Drv_RtcIsrHandle  drv_rtc.o
    0x08000674   0x00000030   Code   RO         1749    i.Drv_RtcNvicInit   drv_rtc.o
    0x080006a4   0x00000020   Code   RO         1750    i.Drv_RtcSetCount   drv_rtc.o
    0x080006c4   0x00000124   Code   RO         1614    i.Drv_SysUartInit   drv_uart.o
    0x080007e8   0x00000018   Code   RO         1615    i.Drv_UartGetRevData  drv_uart.o
    0x08000800   0x0000001c   Code   RO         1616    i.Drv_UartITRxDisable  drv_uart.o
    0x0800081c   0x0000001c   Code   RO         1617    i.Drv_UartITRxEnable  drv_uart.o
    0x08000838   0x0000001c   Code   RO         1618    i.Drv_UartITTxDisable  drv_uart.o
    0x08000854   0x0000001c   Code   RO         1619    i.Drv_UartITTxEnable  drv_uart.o
    0x08000870   0x0000001c   Code   RO         1620    i.Drv_UartTxByte    drv_uart.o
    0x0800088c   0x0000000a   Code   RO          269    i.EXTI0_IRQHandler  hal_int.o
    0x08000896   0x0000000a   Code   RO          270    i.EXTI15_10_IRQHandler  hal_int.o
    0x080008a0   0x0000000a   Code   RO          271    i.EXTI1_IRQHandler  hal_int.o
    0x080008aa   0x0000000a   Code   RO          272    i.EXTI2_IRQHandler  hal_int.o
    0x080008b4   0x0000000a   Code   RO          273    i.EXTI3_IRQHandler  hal_int.o
    0x080008be   0x0000000a   Code   RO          274    i.EXTI4_IRQHandler  hal_int.o
    0x080008c8   0x0000000a   Code   RO          275    i.EXTI9_5_IRQHandler  hal_int.o
    0x080008d2   0x0000000a   Code   RO          276    i.FLASH_IRQHandler  hal_int.o
    0x080008dc   0x0000000a   Code   RO          277    i.FSMC_IRQHandler   hal_int.o
    0x080008e6   0x00000116   Code   RO         2979    i.GPIO_Init         stm32f10x_gpio.o
    0x080009fc   0x00000012   Code   RO         2983    i.GPIO_ReadInputDataBit  stm32f10x_gpio.o
    0x08000a0e   0x00000004   Code   RO         2986    i.GPIO_ResetBits    stm32f10x_gpio.o
    0x08000a12   0x00000004   Code   RO         2987    i.GPIO_SetBits      stm32f10x_gpio.o
    0x08000a16   0x00000002   PAD
    0x08000a18   0x00000010   Code   RO          905    i.Hal_CheckNewKey   hal_key.o
    0x08000a28   0x00000010   Code   RO          906    i.Hal_ClearNewKeyFlg  hal_key.o
    0x08000a38   0x00000014   Code   RO          278    i.Hal_DisableAllInt  hal_int.o
    0x08000a4c   0x00000020   Code   RO          279    i.Hal_EnableAllInt  hal_int.o
    0x08000a6c   0x00000018   Code   RO          280    i.Hal_ExcptionHandle  hal_int.o
    0x08000a84   0x00000010   Code   RO          907    i.Hal_GetKeySta     hal_key.o
    0x08000a94   0x0000000c   Code   RO          729    i.Hal_GetWifiLedSta  hal_led.o
    0x08000aa0   0x00000008   Code   RO          730    i.Hal_IoInit        hal_led.o
    0x08000aa8   0x00000040   Code   RO          908    i.Hal_KeyScan       hal_key.o
    0x08000ae8   0x0000013c   Code   RO          909    i.Hal_KeyStateManage  hal_key.o
    0x08000c24   0x00000080   Code   RO          847    i.Hal_RtcGetWeek    hal_rtc.o
    0x08000ca4   0x0000003c   Code   RO          848    i.Hal_RtcInit       hal_rtc.o
    0x08000ce0   0x00000014   Code   RO          849    i.Hal_RtcIsrHandle  hal_rtc.o
    0x08000cf4   0x0000003a   Code   RO          850    i.Hal_RtcJudgeLeap  hal_rtc.o
    0x08000d2e   0x00000002   PAD
    0x08000d30   0x000000d0   Code   RO          851    i.Hal_RtcSetTime    hal_rtc.o
    0x08000e00   0x000000f0   Code   RO          852    i.Hal_RtcUpdate     hal_rtc.o
    0x08000ef0   0x0000000c   Code   RO          731    i.Hal_RunLedOff     hal_led.o
    0x08000efc   0x0000000c   Code   RO          732    i.Hal_RunLedOn      hal_led.o
    0x08000f08   0x00000070   Code   RO          787    i.Hal_SysComIsrHandle  hal_uart.o
    0x08000f78   0x00000020   Code   RO          283    i.Hal_SysISRSet     hal_int.o
    0x08000f98   0x00000030   Code   RO          230    i.Hal_SysInit       hal.o
    0x08000fc8   0x0000000c   Code   RO          284    i.Hal_SysIntConfig  hal_int.o
    0x08000fd4   0x00000024   Code   RO          285    i.Hal_SysIntHandle  hal_int.o
    0x08000ff8   0x00000024   Code   RO          286    i.Hal_SysIntInit    hal_int.o
    0x0800101c   0x00000070   Code   RO          788    i.Hal_SysUartInit   hal_uart.o
    0x0800108c   0x00000030   Code   RO          789    i.Hal_UartReadByte  hal_uart.o
    0x080010bc   0x00000090   Code   RO          790    i.Hal_UartWrite     hal_uart.o
    0x0800114c   0x00000070   Code   RO          791    i.Hal_WifiComIsrHandle  hal_uart.o
    0x080011bc   0x00000018   Code   RO          733    i.Hal_WifiLedOff    hal_led.o
    0x080011d4   0x00000018   Code   RO          734    i.Hal_WifiLedOn     hal_led.o
    0x080011ec   0x0000000a   Code   RO          287    i.HardFault_Handler  hal_int.o
    0x080011f6   0x0000000a   Code   RO          288    i.I2C1_ER_IRQHandler  hal_int.o
    0x08001200   0x0000000a   Code   RO          289    i.I2C1_EV_IRQHandler  hal_int.o
    0x0800120a   0x0000000a   Code   RO          290    i.I2C2_ER_IRQHandler  hal_int.o
    0x08001214   0x0000000a   Code   RO          291    i.I2C2_EV_IRQHandler  hal_int.o
    0x0800121e   0x0000000a   Code   RO          292    i.MemManage_Handler  hal_int.o
    0x08001228   0x0000000a   Code   RO          293    i.NMI_Handler       hal_int.o
    0x08001232   0x00000002   PAD
    0x08001234   0x00000070   Code   RO         1801    i.NVIC_Init         misc.o
    0x080012a4   0x00000014   Code   RO         1802    i.NVIC_PriorityGroupConfig  misc.o
    0x080012b8   0x00000054   Code   RO          211    i.Osal_DiffTsToUsec  osal.o
    0x0800130c   0x00000008   Code   RO          212    i.Osal_GetCurTs     osal.o
    0x08001314   0x0000000a   Code   RO          294    i.PVD_IRQHandler    hal_int.o
    0x0800131e   0x00000002   PAD
    0x08001320   0x0000000c   Code   RO         3339    i.PWR_BackupAccessCmd  stm32f10x_pwr.o
    0x0800132c   0x00000010   Code   RO          295    i.PendSV_Handler    hal_int.o
    0x0800133c   0x00000020   Code   RO         3401    i.RCC_APB1PeriphClockCmd  stm32f10x_rcc.o
    0x0800135c   0x00000020   Code   RO         3402    i.RCC_APB1PeriphResetCmd  stm32f10x_rcc.o
    0x0800137c   0x00000020   Code   RO         3403    i.RCC_APB2PeriphClockCmd  stm32f10x_rcc.o
    0x0800139c   0x00000020   Code   RO         3404    i.RCC_APB2PeriphResetCmd  stm32f10x_rcc.o
    0x080013bc   0x0000000c   Code   RO         3406    i.RCC_BackupResetCmd  stm32f10x_rcc.o
    0x080013c8   0x000000d4   Code   RO         3411    i.RCC_GetClocksFreq  stm32f10x_rcc.o
    0x0800149c   0x0000003c   Code   RO         3412    i.RCC_GetFlagStatus  stm32f10x_rcc.o
    0x080014d8   0x0000000a   Code   RO          296    i.RCC_IRQHandler    hal_int.o
    0x080014e2   0x00000002   PAD
    0x080014e4   0x00000034   Code   RO         3419    i.RCC_LSEConfig     stm32f10x_rcc.o
    0x08001518   0x0000000c   Code   RO         3426    i.RCC_RTCCLKCmd     stm32f10x_rcc.o
    0x08001524   0x00000010   Code   RO         3427    i.RCC_RTCCLKConfig  stm32f10x_rcc.o
    0x08001534   0x0000000a   Code   RO          297    i.RTCAlarm_IRQHandler  hal_int.o
    0x0800153e   0x00000002   PAD
    0x08001540   0x00000010   Code   RO         3600    i.RTC_ClearITPendingBit  stm32f10x_rtc.o
    0x08001550   0x00000014   Code   RO         3601    i.RTC_EnterConfigMode  stm32f10x_rtc.o
    0x08001564   0x00000014   Code   RO         3602    i.RTC_ExitConfigMode  stm32f10x_rtc.o
    0x08001578   0x00000024   Code   RO         3606    i.RTC_GetITStatus   stm32f10x_rtc.o
    0x0800159c   0x0000000a   Code   RO          298    i.RTC_IRQHandler    hal_int.o
    0x080015a6   0x00000002   PAD
    0x080015a8   0x00000020   Code   RO         3607    i.RTC_ITConfig      stm32f10x_rtc.o
    0x080015c8   0x0000001c   Code   RO         3609    i.RTC_SetCounter    stm32f10x_rtc.o
    0x080015e4   0x00000020   Code   RO         3610    i.RTC_SetPrescaler  stm32f10x_rtc.o
    0x08001604   0x00000014   Code   RO         3611    i.RTC_WaitForLastTask  stm32f10x_rtc.o
    0x08001618   0x00000024   Code   RO         3612    i.RTC_WaitForSynchro  stm32f10x_rtc.o
    0x0800163c   0x0000000a   Code   RO          299    i.SDIO_IRQHandler   hal_int.o
    0x08001646   0x0000000a   Code   RO          300    i.SPI1_IRQHandler   hal_int.o
    0x08001650   0x0000000a   Code   RO          301    i.SPI2_IRQHandler   hal_int.o
    0x0800165a   0x0000000a   Code   RO          302    i.SPI3_IRQHandler   hal_int.o
    0x08001664   0x0000000a   Code   RO          303    i.SVC_Handler       hal_int.o
    0x0800166e   0x00000008   Code   RO         1683    i.SetSysClock       system_stm32f10x.o
    0x08001676   0x00000002   PAD
    0x08001678   0x000000e0   Code   RO         1684    i.SetSysClockTo72   system_stm32f10x.o
    0x08001758   0x00000032   Code   RO         1017    i.Srv_QueueIn       srv_queue.o
    0x0800178a   0x0000000e   Code   RO         1018    i.Srv_QueueInit     srv_queue.o
    0x08001798   0x0000000c   Code   RO         1019    i.Srv_QueueIsEmpty  srv_queue.o
    0x080017a4   0x00000030   Code   RO         1021    i.Srv_QueueOut      srv_queue.o
    0x080017d4   0x00000018   Code   RO         1022    i.Srv_ReadQueueHead  srv_queue.o
    0x080017ec   0x00000002   Code   RO          993    i.Srv_WifiCommInit  srv_wifi_comm.o
    0x080017ee   0x00000012   Code   RO          994    i.Srv_WifiCommTx    srv_wifi_comm.o
    0x08001800   0x0000000a   Code   RO          304    i.SysTick_Handler   hal_int.o
    0x0800180a   0x00000002   PAD
    0x0800180c   0x00000044   Code   RO            1    i.Sys_LedFlash      app_led.o
    0x08001850   0x00000002   Code   RO            2    i.Sys_LedInit       app_led.o
    0x08001852   0x00000002   PAD
    0x08001854   0x00000060   Code   RO         1686    i.SystemInit        system_stm32f10x.o
    0x080018b4   0x0000000a   Code   RO          305    i.TAMPER_IRQHandler  hal_int.o
    0x080018be   0x0000000a   Code   RO          306    i.TIM1_BRK_IRQHandler  hal_int.o
    0x080018c8   0x0000000a   Code   RO          307    i.TIM1_CC_IRQHandler  hal_int.o
    0x080018d2   0x0000000a   Code   RO          308    i.TIM1_TRG_COM_IRQHandler  hal_int.o
    0x080018dc   0x0000000a   Code   RO          309    i.TIM1_UP_IRQHandler  hal_int.o
    0x080018e6   0x0000000a   Code   RO          310    i.TIM2_IRQHandler   hal_int.o
    0x080018f0   0x0000000a   Code   RO          311    i.TIM3_IRQHandler   hal_int.o
    0x080018fa   0x0000000a   Code   RO          312    i.TIM4_IRQHandler   hal_int.o
    0x08001904   0x0000000a   Code   RO          313    i.TIM5_IRQHandler   hal_int.o
    0x0800190e   0x0000000a   Code   RO          314    i.TIM6_IRQHandler   hal_int.o
    0x08001918   0x0000000a   Code   RO          315    i.TIM7_IRQHandler   hal_int.o
    0x08001922   0x0000000a   Code   RO          316    i.TIM8_BRK_IRQHandler  hal_int.o
    0x0800192c   0x0000000a   Code   RO          317    i.TIM8_CC_IRQHandler  hal_int.o
    0x08001936   0x0000000a   Code   RO          318    i.TIM8_TRG_COM_IRQHandler  hal_int.o
    0x08001940   0x0000000a   Code   RO          319    i.TIM8_UP_IRQHandler  hal_int.o
    0x0800194a   0x0000000a   Code   RO          320    i.UART4_IRQHandler  hal_int.o
    0x08001954   0x0000000a   Code   RO          321    i.UART5_IRQHandler  hal_int.o
    0x0800195e   0x0000000a   Code   RO          322    i.USART1_IRQHandler  hal_int.o
    0x08001968   0x0000000a   Code   RO          323    i.USART2_IRQHandler  hal_int.o
    0x08001972   0x0000000a   Code   RO          324    i.USART3_IRQHandler  hal_int.o
    0x0800197c   0x00000018   Code   RO         4574    i.USART_Cmd         stm32f10x_usart.o
    0x08001994   0x0000009c   Code   RO         4576    i.USART_DeInit      stm32f10x_usart.o
    0x08001a30   0x00000054   Code   RO         4578    i.USART_GetITStatus  stm32f10x_usart.o
    0x08001a84   0x0000004a   Code   RO         4580    i.USART_ITConfig    stm32f10x_usart.o
    0x08001ace   0x00000002   PAD
    0x08001ad0   0x000000d8   Code   RO         4581    i.USART_Init        stm32f10x_usart.o
    0x08001ba8   0x0000000a   Code   RO         4588    i.USART_ReceiveData  stm32f10x_usart.o
    0x08001bb2   0x00000008   Code   RO         4591    i.USART_SendData    stm32f10x_usart.o
    0x08001bba   0x0000000a   Code   RO          325    i.USBWakeUp_IRQHandler  hal_int.o
    0x08001bc4   0x0000000a   Code   RO          326    i.USB_HP_CAN1_TX_IRQHandler  hal_int.o
    0x08001bce   0x0000000a   Code   RO          327    i.USB_LP_CAN1_RX0_IRQHandler  hal_int.o
    0x08001bd8   0x0000000a   Code   RO          328    i.UsageFault_Handler  hal_int.o
    0x08001be2   0x0000000a   Code   RO          329    i.WWDG_IRQHandler   hal_int.o
    0x08001bec   0x0000002c   Code   RO          130    i.Wifi_DataHandle   app_wifi.o
    0x08001c18   0x0000000c   Code   RO         1060    i.Wifi_GetConnectSta  gizwits_product.o
    0x08001c24   0x000000d8   Code   RO          131    i.Wifi_KeyHandle    app_wifi.o
    0x08001cfc   0x00000014   Code   RO          132    i.Wifi_LedCtrl      app_wifi.o
    0x08001d10   0x00000068   Code   RO          133    i.Wifi_LedSetFlash  app_wifi.o
    0x08001d78   0x0000003c   Code   RO          134    i.Wifi_TaskHandle   app_wifi.o
    0x08001db4   0x00000070   Code   RO          135    i.Wifi_TaskInit     app_wifi.o
    0x08001e24   0x00000022   Code   RO          136    i.Wifi_TmrCallBack  app_wifi.o
    0x08001e46   0x00000002   PAD
    0x08001e48   0x00000030   Code   RO          137    i.Wifi_UpdateTime   app_wifi.o
    0x08001e78   0x00000058   Code   RO          138    i.Wifi_WorkManage   app_wifi.o
    0x08001ed0   0x00000020   Code   RO         5029    i.__0printf$8       mc_w.l(printf8.o)
    0x08001ef0   0x0000000e   Code   RO         5135    i.__scatterload_copy  mc_w.l(handlers.o)
    0x08001efe   0x00000002   Code   RO         5136    i.__scatterload_null  mc_w.l(handlers.o)
    0x08001f00   0x0000000e   Code   RO         5137    i.__scatterload_zeroinit  mc_w.l(handlers.o)
    0x08001f0e   0x00000002   PAD
    0x08001f10   0x00000410   Code   RO         5036    i._printf_core      mc_w.l(printf8.o)
    0x08002320   0x00000024   Code   RO         5037    i._printf_post_padding  mc_w.l(printf8.o)
    0x08002344   0x0000002e   Code   RO         5038    i._printf_pre_padding  mc_w.l(printf8.o)
    0x08002372   0x0000001a   Code   RO         1292    i.exchangeBytes     common.o
    0x0800238c   0x0000001a   Code   RO         1293    i.exchangeWord      common.o
    0x080023a6   0x00000012   Code   RO          946    i.fputc             std_lib.o
    0x080023b8   0x0000002a   Code   RO         1364    i.gizAcrossByteJudge  datapointtools.o
    0x080023e2   0x00000032   Code   RO         1365    i.gizByteOrderExchange  datapointtools.o
    0x08002414   0x0000008c   Code   RO         1129    i.gizCheckReport    gizwits_protocol.o
    0x080024a0   0x0000007c   Code   RO         1130    i.gizDataPoint2Event  gizwits_protocol.o
    0x0800251c   0x00000068   Code   RO         1131    i.gizDataPoints2ReportData  gizwits_protocol.o
    0x08002584   0x000000bc   Code   RO         1132    i.gizDevReportPolicy  gizwits_protocol.o
    0x08002640   0x0000000c   Code   RO         1061    i.gizGetTimerCount  gizwits_product.o
    0x0800264c   0x0000008c   Code   RO         1133    i.gizProtocolAckHandle  gizwits_protocol.o
    0x080026d8   0x000000a0   Code   RO         1134    i.gizProtocolCommonAck  gizwits_protocol.o
    0x08002778   0x000000a4   Code   RO         1135    i.gizProtocolErrorCmd  gizwits_protocol.o
    0x0800281c   0x0000017c   Code   RO         1136    i.gizProtocolGetDeviceInfo  gizwits_protocol.o
    0x08002998   0x000001a8   Code   RO         1137    i.gizProtocolGetOnePacket  gizwits_protocol.o
    0x08002b40   0x00000050   Code   RO         1138    i.gizProtocolHeadInit  gizwits_protocol.o
    0x08002b90   0x00000140   Code   RO         1139    i.gizProtocolIssuedDataAck  gizwits_protocol.o
    0x08002cd0   0x00000108   Code   RO         1140    i.gizProtocolIssuedProcess  gizwits_protocol.o
    0x08002dd8   0x0000005c   Code   RO         1141    i.gizProtocolModuleInfoHandle  gizwits_protocol.o
    0x08002e34   0x00000504   Code   RO         1142    i.gizProtocolModuleStatus  gizwits_protocol.o
    0x08003338   0x00000088   Code   RO         1143    i.gizProtocolNTP    gizwits_protocol.o
    0x080033c0   0x0000001c   Code   RO         1144    i.gizProtocolReboot  gizwits_protocol.o
    0x080033dc   0x0000007c   Code   RO         1145    i.gizProtocolResendData  gizwits_protocol.o
    0x08003458   0x00000026   Code   RO         1295    i.gizProtocolSum    common.o
    0x0800347e   0x00000002   PAD
    0x08003480   0x00000064   Code   RO         1146    i.gizProtocolWaitAck  gizwits_protocol.o
    0x080034e4   0x00000048   Code   RO         1147    i.gizProtocolWaitAckCheck  gizwits_protocol.o
    0x0800352c   0x00000074   Code   RO         1148    i.gizPutData        gizwits_protocol.o
    0x080035a0   0x000000d0   Code   RO         1149    i.gizReportData     gizwits_protocol.o
    0x08003670   0x00000080   Code   RO         1366    i.gizStandardCompressValue  datapointtools.o
    0x080036f0   0x000000c2   Code   RO         1367    i.gizStandardDecompressionValue  datapointtools.o
    0x080037b2   0x00000002   PAD
    0x080037b4   0x00000010   Code   RO         1062    i.gizTimerMs        gizwits_product.o
    0x080037c4   0x000001c8   Code   RO         1063    i.gizwitsEventProcess  gizwits_product.o
    0x0800398c   0x00000084   Code   RO         1151    i.gizwitsGetNTP     gizwits_protocol.o
    0x08003a10   0x0000036c   Code   RO         1152    i.gizwitsHandle     gizwits_protocol.o
    0x08003d7c   0x00000060   Code   RO         1153    i.gizwitsInit       gizwits_protocol.o
    0x08003ddc   0x00000288   Code   RO         1155    i.gizwitsSetMode    gizwits_protocol.o
    0x08004064   0x00000014   Code   RO          111    i.main              uc.o
    0x08004078   0x0000000c   Code   RO         1064    i.mcuRestart        gizwits_product.o
    0x08004084   0x00000038   Code   RO         1433    i.rbCanRead         ringbuffer.o
    0x080040bc   0x0000001e   Code   RO         1434    i.rbCanWrite        ringbuffer.o
    0x080040da   0x0000000e   Code   RO         1435    i.rbCapacity        ringbuffer.o
    0x080040e8   0x00000016   Code   RO         1436    i.rbCreate          ringbuffer.o
    0x080040fe   0x000000a2   Code   RO         1438    i.rbRead            ringbuffer.o
    0x080041a0   0x0000009a   Code   RO         1439    i.rbWrite           ringbuffer.o
    0x0800423a   0x00000002   PAD
    0x0800423c   0x0000009c   Code   RO         1065    i.uartWrite         gizwits_product.o
    0x080042d8   0x0000001c   Code   RO         1066    i.userHandle        gizwits_product.o
    0x080042f4   0x0000000c   Code   RO         1067    i.userInit          gizwits_product.o
    0x08004300   0x00000020   Data   RO          853    .constdata          hal_rtc.o
    0x08004320   0x0000008c   Data   RO         1531    .constdata          drv_gpio.o
    0x080043ac   0x00000040   Data   RO         1621    .constdata          drv_uart.o
    0x080043ec   0x00000020   Data   RO         5133    Region$$Table       anon$$obj.o


    Execution Region RW_IRAM1 (Base: 0x20000000, Size: 0x00000d80, Max: 0x00010000, ABSOLUTE)

    Base Addr    Size         Type   Attr      Idx    E Section Name        Object

    0x20000000   0x00000005   Data   RW            3    .data               app_led.o
    0x20000005   0x00000003   PAD
    0x20000008   0x00000010   Data   RW          140    .data               app_wifi.o
    0x20000018   0x00000001   Data   RW          231    .data               hal.o
    0x20000019   0x00000003   PAD
    0x2000001c   0x00000009   Data   RW          331    .data               hal_int.o
    0x20000025   0x00000001   Data   RW          735    .data               hal_led.o
    0x20000026   0x00000002   PAD
    0x20000028   0x00000008   Data   RW          793    .data               hal_uart.o
    0x20000030   0x0000000a   Data   RW          854    .data               hal_rtc.o
    0x2000003a   0x00000002   Data   RW          911    .data               hal_key.o
    0x2000003c   0x00000006   Data   RW         1068    .data               gizwits_product.o
    0x20000042   0x00000002   PAD
    0x20000044   0x00000010   Data   RW         1157    .data               gizwits_protocol.o
    0x20000054   0x00000001   Data   RW         1496    .data               drv_dwt.o
    0x20000055   0x00000001   Data   RW         1532    .data               drv_gpio.o
    0x20000056   0x00000001   Data   RW         1622    .data               drv_uart.o
    0x20000057   0x00000004   Data   RW         1751    .data               drv_rtc.o
    0x2000005b   0x00000014   Data   RW         3431    .data               stm32f10x_rcc.o
    0x2000006f   0x00000001   PAD
    0x20000070   0x00000004   Data   RW         5107    .data               mc_w.l(stdout.o)
    0x20000074   0x0000000c   Zero   RW          139    .bss                app_wifi.o
    0x20000080   0x00000110   Zero   RW          330    .bss                hal_int.o
    0x20000190   0x000002b0   Zero   RW          792    .bss                hal_uart.o
    0x20000440   0x00000010   Zero   RW          910    .bss                hal_key.o
    0x20000450   0x00000130   Zero   RW         1156    .bss                gizwits_protocol.o
    0x20000580   0x00000800   Zero   RW         1794    STACK               startup_stm32f10x_hd.o


==============================================================================

Image component sizes


      Code (inc. data)   RO Data    RW Data    ZI Data      Debug   Object Name

        70         14          0          5          0     240345   app_led.o
       726        220          0         16         12      12290   app_wifi.o
        90          0          0          0          0       3712   common.o
         0          0          0          0          0         32   core_cm3.o
       414          0          0          0          0       3907   datapointtools.o
        84         18          0          1          0       1735   drv_dwt.o
       336         16        140          1          0       3826   drv_gpio.o
       354          8          0          4          0       3735   drv_rtc.o
       528         64         64          1          0       7078   drv_uart.o
       704        252          0          6          0      20810   gizwits_product.o
      6400       2096          0         16        304      19674   gizwits_protocol.o
        48          6          0          1          0       1082   hal.o
       888         46          0          9        272      38952   hal_int.o
       428         52          0          2         16       4281   hal_key.o
        92         18          0          1          0       3181   hal_led.o
       714         50         32         10          0       4367   hal_rtc.o
       528         66          0          8        688       4153   hal_uart.o
       132         22          0          0          0       1679   misc.o
        92          6          0          0          0       1136   osal.o
       438          0          0          0          0       4256   ringbuffer.o
       148          0          0          0          0       3440   srv_queue.o
        20          0          0          0          0       1456   srv_wifi_comm.o
        36          8        304          0       2048        840   startup_stm32f10x_hd.o
        18          0          0          0          0        532   std_lib.o
        72         10          0          0          0       2860   stm32f10x_bkp.o
       304          0          0          0          0       3864   stm32f10x_gpio.o
        12          6          0          0          0        554   stm32f10x_pwr.o
       492         70          0         20          0       8792   stm32f10x_rcc.o
       240         44          0          0          0       4995   stm32f10x_rtc.o
       572         28          0          0          0       6434   stm32f10x_usart.o
       328         28          0          0          0       2049   system_stm32f10x.o
        32          0          0          0          0        907   uc.o

    ----------------------------------------------------------------------
     15374       3148        572        112       3340     416954   Object Totals
         0          0         32          0          0          0   (incl. Generated)
        34          0          0         11          0          0   (incl. Padding)

    ----------------------------------------------------------------------

      Code (inc. data)   RO Data    RW Data    ZI Data      Debug   Library Member Name

         0          0          0          0          0          0   entry.o
         0          0          0          0          0          0   entry10a.o
         0          0          0          0          0          0   entry11a.o
         8          4          0          0          0          0   entry2.o
         4          0          0          0          0          0   entry5.o
         0          0          0          0          0          0   entry7b.o
         0          0          0          0          0          0   entry8b.o
         8          4          0          0          0          0   entry9a.o
        30          0          0          0          0          0   handlers.o
        36          8          0          0          0         68   init.o
        30          0          0          0          0         68   llshl.o
        32          0          0          0          0         68   llushr.o
        36          0          0          0          0         68   memcpya.o
        36          0          0          0          0        108   memseta.o
      1154         54          0          0          0        352   printf8.o
         0          0          0          4          0          0   stdout.o
        98          0          0          0          0         92   uldiv.o

    ----------------------------------------------------------------------
      1474         70          0          4          0        824   Library Totals
         2          0          0          0          0          0   (incl. Padding)

    ----------------------------------------------------------------------

      Code (inc. data)   RO Data    RW Data    ZI Data      Debug   Library Name

      1472         70          0          4          0        824   mc_w.l

    ----------------------------------------------------------------------
      1474         70          0          4          0        824   Library Totals

    ----------------------------------------------------------------------

==============================================================================


      Code (inc. data)   RO Data    RW Data    ZI Data      Debug   

     16848       3218        572        116       3340     405918   Grand Totals
     16848       3218        572        116       3340     405918   ELF Image Totals
     16848       3218        572        116          0          0   ROM Totals

==============================================================================

    Total RO  Size (Code + RO Data)                17420 (  17.01kB)
    Total RW  Size (RW Data + ZI Data)              3456 (   3.38kB)
    Total ROM Size (Code + RO Data + RW Data)      17536 (  17.13kB)

==============================================================================

