Component: ARM Compiler 5.05 update 1 (build 106) Tool: armlink [4d0efa]

==============================================================================

Section Cross References

    app_led.o(i.Sys_LedFlash) refers to osal.o(i.Osal_DiffTsToUsec) for Osal_DiffTsToUsec
    app_led.o(i.Sys_LedFlash) refers to osal.o(i.Osal_GetCurTs) for Osal_GetCurTs
    app_led.o(i.Sys_LedFlash) refers to hal_led.o(i.Hal_RunLedOn) for Hal_RunLedOn
    app_led.o(i.Sys_LedFlash) refers to hal_led.o(i.Hal_RunLedOff) for Hal_RunLedOff
    app_led.o(i.Sys_LedFlash) refers to app_led.o(.data) for Ts
    uc.o(i.AppStartTask) refers to app_wifi.o(i.Wifi_TaskInit) for Wifi_TaskInit
    uc.o(i.AppStartTask) refers to app_led_ctrl.o(i.Led_CtrlInit) for Led_CtrlInit
    uc.o(i.main) refers to hal.o(i.Hal_SysInit) for Hal_SysInit
    uc.o(i.main) refers to uc.o(i.AppStartTask) for AppStartTask
    uc.o(i.main) refers to drv_wdg.o(i.Drv_WdgFeed) for Drv_WdgFeed
    uc.o(i.main) refers to app_wifi.o(i.Wifi_TaskHandle) for Wifi_TaskHandle
    uc.o(i.main) refers to app_shock.o(i.Shk_PeriodHandle) for Shk_PeriodHandle
    uc.o(i.main) refers to app_led_ctrl.o(i.Led_PeriodProc) for Led_PeriodProc
    app_wifi.o(i.Wifi_DataHandle) refers to osal.o(i.Osal_DiffTsToUsec) for Osal_DiffTsToUsec
    app_wifi.o(i.Wifi_DataHandle) refers to osal.o(i.Osal_GetCurTs) for Osal_GetCurTs
    app_wifi.o(i.Wifi_DataHandle) refers to gizwits_protocol.o(i.gizwitsHandle) for gizwitsHandle
    app_wifi.o(i.Wifi_DataHandle) refers to app_wifi.o(.data) for updateTim
    app_wifi.o(i.Wifi_DataHandle) refers to gizwits_product.o(.data) for currentDataPoint
    app_wifi.o(i.Wifi_KeyHandle) refers to hal_key.o(i.Hal_CheckNewKey) for Hal_CheckNewKey
    app_wifi.o(i.Wifi_KeyHandle) refers to hal_key.o(i.Hal_GetKeySta) for Hal_GetKeySta
    app_wifi.o(i.Wifi_KeyHandle) refers to printf8.o(i.__0printf$8) for __2printf
    app_wifi.o(i.Wifi_KeyHandle) refers to app_wifi.o(i.Wifi_LedCtrl) for Wifi_LedCtrl
    app_wifi.o(i.Wifi_KeyHandle) refers to gizwits_protocol.o(i.gizwitsSetMode) for gizwitsSetMode
    app_wifi.o(i.Wifi_KeyHandle) refers to hal_led.o(i.Hal_GetWifiLedSta) for Hal_GetWifiLedSta
    app_wifi.o(i.Wifi_KeyHandle) refers to osal.o(i.Osal_GetCurTs) for Osal_GetCurTs
    app_wifi.o(i.Wifi_KeyHandle) refers to hal_key.o(i.Hal_ClearNewKeyFlg) for Hal_ClearNewKeyFlg
    app_wifi.o(i.Wifi_KeyHandle) refers to app_wifi.o(.bss) for wifiSetInfo
    app_wifi.o(i.Wifi_LedCtrl) refers to hal_led.o(i.Hal_GetWifiLedSta) for Hal_GetWifiLedSta
    app_wifi.o(i.Wifi_LedCtrl) refers to hal_led.o(i.Hal_WifiLedOn) for Hal_WifiLedOn
    app_wifi.o(i.Wifi_LedCtrl) refers to hal_led.o(i.Hal_WifiLedOff) for Hal_WifiLedOff
    app_wifi.o(i.Wifi_LedSetFlash) refers to app_wifi.o(i.Wifi_LedCtrl) for Wifi_LedCtrl
    app_wifi.o(i.Wifi_LedSetFlash) refers to hal_led.o(i.Hal_WifiLedOff) for Hal_WifiLedOff
    app_wifi.o(i.Wifi_LedSetFlash) refers to hal_led.o(i.Hal_WifiLedOn) for Hal_WifiLedOn
    app_wifi.o(i.Wifi_LedSetFlash) refers to app_wifi.o(.bss) for wifiSetInfo
    app_wifi.o(i.Wifi_LedSetFlash) refers to app_wifi.o(.data) for tick
    app_wifi.o(i.Wifi_ShockHandle) refers to app_shock.o(i.Shk_GetSnsSta) for Shk_GetSnsSta
    app_wifi.o(i.Wifi_ShockHandle) refers to printf8.o(i.__0printf$8) for __2printf
    app_wifi.o(i.Wifi_ShockHandle) refers to app_shock.o(i.Shk_ClrSnsSta) for Shk_ClrSnsSta
    app_wifi.o(i.Wifi_ShockHandle) refers to app_led_ctrl.o(i.Led_ModeCycling) for Led_ModeCycling
    app_wifi.o(i.Wifi_TaskHandle) refers to hal_uart.o(i.Hal_UartReadByte) for Hal_UartReadByte
    app_wifi.o(i.Wifi_TaskHandle) refers to gizwits_protocol.o(i.gizPutData) for gizPutData
    app_wifi.o(i.Wifi_TaskHandle) refers to osal.o(i.Osal_DiffTsToUsec) for Osal_DiffTsToUsec
    app_wifi.o(i.Wifi_TaskHandle) refers to osal.o(i.Osal_GetCurTs) for Osal_GetCurTs
    app_wifi.o(i.Wifi_TaskHandle) refers to app_wifi.o(i.Wifi_TmrCallBack) for Wifi_TmrCallBack
    app_wifi.o(i.Wifi_TaskHandle) refers to app_wifi.o(.data) for Ts
    app_wifi.o(i.Wifi_TaskInit) refers to printf8.o(i.__0printf$8) for __2printf
    app_wifi.o(i.Wifi_TaskInit) refers to srv_wifi_comm.o(i.Srv_WifiCommInit) for Srv_WifiCommInit
    app_wifi.o(i.Wifi_TaskInit) refers to gizwits_protocol.o(i.gizwitsInit) for gizwitsInit
    app_wifi.o(i.Wifi_TaskInit) refers to gizwits_product.o(i.userInit) for userInit
    app_wifi.o(i.Wifi_TmrCallBack) refers to gizwits_product.o(i.gizTimerMs) for gizTimerMs
    app_wifi.o(i.Wifi_TmrCallBack) refers to hal_key.o(i.Hal_KeyScan) for Hal_KeyScan
    app_wifi.o(i.Wifi_TmrCallBack) refers to app_wifi.o(i.Wifi_KeyHandle) for Wifi_KeyHandle
    app_wifi.o(i.Wifi_TmrCallBack) refers to app_wifi.o(i.Wifi_WorkManage) for Wifi_WorkManage
    app_wifi.o(i.Wifi_TmrCallBack) refers to app_wifi.o(i.Wifi_ShockHandle) for Wifi_ShockHandle
    app_wifi.o(i.Wifi_UpdateTime) refers to gizwits_product.o(i.Wifi_GetConnectSta) for Wifi_GetConnectSta
[...]
    i.SetSysClock                            0x08001d7a   Section        0  system_stm32f10x.o(i.SetSysClock)
    SetSysClock                              0x08001d7b   Thumb Code     8  system_stm32f10x.o(i.SetSysClock)
    i.SetSysClockTo72                        0x08001d84   Section        0  system_stm32f10x.o(i.SetSysClockTo72)
    SetSysClockTo72                          0x08001d85   Thumb Code   214  system_stm32f10x.o(i.SetSysClockTo72)
    i.Shk_ClrSnsSta                          0x08001e64   Section        0  app_shock.o(i.Shk_ClrSnsSta)
    i.Shk_GetSnsSta                          0x08001e70   Section        0  app_shock.o(i.Shk_GetSnsSta)
    i.Shk_PeriodHandle                       0x08001e7c   Section        0  app_shock.o(i.Shk_PeriodHandle)
    i.Shk_Scan                               0x08001e84   Section        0  app_shock.o(i.Shk_Scan)
    Shk_Scan                                 0x08001e85   Thumb Code   110  app_shock.o(i.Shk_Scan)
    i.Srv_QueueIn                            0x08001f04   Section        0  srv_queue.o(i.Srv_QueueIn)
    i.Srv_QueueInit                          0x08001f36   Section        0  srv_queue.o(i.Srv_QueueInit)
    i.Srv_QueueIsEmpty                       0x08001f44   Section        0  srv_queue.o(i.Srv_QueueIsEmpty)
    i.Srv_QueueOut                           0x08001f50   Section        0  srv_queue.o(i.Srv_QueueOut)
    i.Srv_ReadQueueHead                      0x08001f80   Section        0  srv_queue.o(i.Srv_ReadQueueHead)
    i.Srv_WifiCommInit                       0x08001f98   Section        0  srv_wifi_comm.o(i.Srv_WifiCommInit)
    i.Srv_WifiCommTx                         0x08001f9a   Section        0  srv_wifi_comm.o(i.Srv_WifiCommTx)
    i.SysTick_Handler                        0x08001fac   Section        0  hal_int.o(i.SysTick_Handler)
    i.SystemInit                             0x08001fb8   Section        0  system_stm32f10x.o(i.SystemInit)
    i.TAMPER_IRQHandler                      0x08002018   Section        0  hal_int.o(i.TAMPER_IRQHandler)
    i.TIM1_BRK_IRQHandler                    0x08002022   Section        0  hal_int.o(i.TIM1_BRK_IRQHandler)
    i.TIM1_CC_IRQHandler                     0x0800202c   Section        0  hal_int.o(i.TIM1_CC_IRQHandler)
    i.TIM1_TRG_COM_IRQHandler                0x08002036   Section        0  hal_int.o(i.TIM1_TRG_COM_IRQHandler)
    i.TIM1_UP_IRQHandler                     0x08002040   Section        0  hal_int.o(i.TIM1_UP_IRQHandler)
    i.TIM2_IRQHandler                        0x0800204a   Section        0  hal_int.o(i.TIM2_IRQHandler)
    i.TIM3_IRQHandler                        0x08002054   Section        0  hal_int.o(i.TIM3_IRQHandler)
    i.TIM4_IRQHandler                        0x0800205e   Section        0  hal_int.o(i.TIM4_IRQHandler)
    i.TIM_Cmd                                0x08002068   Section        0  stm32f10x_tim.o(i.TIM_Cmd)
    i.TIM_OC1Init                            0x08002080   Section        0  stm32f10x_tim.o(i.TIM_OC1Init)
    i.TIM_OC1PreloadConfig                   0x08002118   Section        0  stm32f10x_tim.o(i.TIM_OC1PreloadConfig)
    i.TIM_OC2Init                            0x0800212c   Section        0  stm32f10x_tim.o(i.TIM_OC2Init)
    i.TIM_OC2PreloadConfig                   0x080021d0   Section        0  stm32f10x_tim.o(i.TIM_OC2PreloadConfig)
    i.TIM_OC3Init                            0x080021ec   Section        0  stm32f10x_tim.o(i.TIM_OC3Init)
    i.TIM_OC3PreloadConfig                   0x0800228c   Section        0  stm32f10x_tim.o(i.TIM_OC3PreloadConfig)
    i.TIM_OC4Init                            0x080022a0   Section        0  stm32f10x_tim.o(i.TIM_OC4Init)
    i.TIM_OC4PreloadConfig                   0x0800231c   Section        0  stm32f10x_tim.o(i.TIM_OC4PreloadConfig)
    i.TIM_SetCompare1                        0x08002336   Section        0  stm32f10x_tim.o(i.TIM_SetCompare1)
    i.TIM_SetCompare2                        0x0800233a   Section        0  stm32f10x_tim.o(i.TIM_SetCompare2)
    i.TIM_SetCompare3                        0x0800233e   Section        0  stm32f10x_tim.o(i.TIM_SetCompare3)
    i.TIM_SetCompare4                        0x08002342   Section        0  stm32f10x_tim.o(i.TIM_SetCompare4)
    i.TIM_TimeBaseInit                       0x08002348   Section        0  stm32f10x_tim.o(i.TIM_TimeBaseInit)
    i.USART1_IRQHandler                      0x080023ec   Section        0  hal_int.o(i.USART1_IRQHandler)
    i.USART2_IRQHandler                      0x080023f6   Section        0  hal_int.o(i.USART2_IRQHandler)
    i.USART3_IRQHandler                      0x08002400   Section        0  hal_int.o(i.USART3_IRQHandler)
    i.USART_Cmd                              0x0800240a   Section        0  stm32f10x_usart.o(i.USART_Cmd)
    i.USART_DeInit                           0x08002424   Section        0  stm32f10x_usart.o(i.USART_DeInit)
    i.USART_GetITStatus                      0x080024c0   Section        0  stm32f10x_usart.o(i.USART_GetITStatus)
    i.USART_ITConfig                         0x08002514   Section        0  stm32f10x_usart.o(i.USART_ITConfig)
    i.USART_Init                             0x08002560   Section        0  stm32f10x_usart.o(i.USART_Init)
    i.USART_ReceiveData                      0x08002638   Section        0  stm32f10x_usart.o(i.USART_ReceiveData)
    i.USART_SendData                         0x08002642   Section        0  stm32f10x_usart.o(i.USART_SendData)
    i.USBWakeUp_IRQHandler                   0x0800264a   Section        0  hal_int.o(i.USBWakeUp_IRQHandler)
    i.USB_HP_CAN1_TX_IRQHandler              0x08002654   Section        0  hal_int.o(i.USB_HP_CAN1_TX_IRQHandler)
    i.USB_LP_CAN1_RX0_IRQHandler             0x0800265e   Section        0  hal_int.o(i.USB_LP_CAN1_RX0_IRQHandler)
    i.UsageFault_Handler                     0x08002668   Section        0  hal_int.o(i.UsageFault_Handler)
    i.WWDG_IRQHandler                        0x08002672   Section        0  hal_int.o(i.WWDG_IRQHandler)
    i.Wifi_DataHandle                        0x0800267c   Section        0  app_wifi.o(i.Wifi_DataHandle)
    Wifi_DataHandle                          0x0800267d   Thumb Code    32  app_wifi.o(i.Wifi_DataHandle)
    i.Wifi_GetConnectSta                     0x080026a8   Section        0  gizwits_product.o(i.Wifi_GetConnectSta)
    i.Wifi_KeyHandle                         0x080026b4   Section        0  app_wifi.o(i.Wifi_KeyHandle)
    Wifi_KeyHandle                           0x080026b5   Thumb Code   128  app_wifi.o(i.Wifi_KeyHandle)
    i.Wifi_LedCtrl                           0x0800278c   Section        0  app_wifi.o(i.Wifi_LedCtrl)
    Wifi_LedCtrl                             0x0800278d   Thumb Code    20  app_wifi.o(i.Wifi_LedCtrl)
    i.Wifi_LedSetFlash                       0x080027a0   Section        0  app_wifi.o(i.Wifi_LedSetFlash)
    Wifi_LedSetFlash                         0x080027a1   Thumb Code    90  app_wifi.o(i.Wifi_LedSetFlash)
    i.Wifi_ShockHandle                       0x08002808   Section        0  app_wifi.o(i.Wifi_ShockHandle)
    Wifi_ShockHandle                         0x08002809   Thumb Code    26  app_wifi.o(i.Wifi_ShockHandle)
    i.Wifi_TaskHandle                        0x08002834   Section        0  app_wifi.o(i.Wifi_TaskHandle)
    i.Wifi_TaskInit                          0x08002870   Section        0  app_wifi.o(i.Wifi_TaskInit)
    i.Wifi_TmrCallBack                       0x080028e0   Section        0  app_wifi.o(i.Wifi_TmrCallBack)
    Wifi_TmrCallBack                         0x080028e1   Thumb Code    38  app_wifi.o(i.Wifi_TmrCallBack)
    i.Wifi_UpdateTime                        0x08002908   Section        0  app_wifi.o(i.Wifi_UpdateTime)
    Wifi_UpdateTime                          0x08002909   Thumb Code    38  app_wifi.o(i.Wifi_UpdateTime)
    i.Wifi_WorkManage                        0x08002938   Section        0  app_wifi.o(i.Wifi_WorkManage)
    Wifi_WorkManage                          0x08002939   Thumb Code    82  app_wifi.o(i.Wifi_WorkManage)
    i.__0printf$8                            0x08002990   Section        0  printf8.o(i.__0printf$8)
    i.__scatterload_copy                     0x080029b0   Section       14  handlers.o(i.__scatterload_copy)
    i.__scatterload_null                     0x080029be   Section        2  handlers.o(i.__scatterload_null)
    i.__scatterload_zeroinit                 0x080029c0   Section       14  handlers.o(i.__scatterload_zeroinit)
    i._printf_core                           0x080029d0   Section        0  printf8.o(i._printf_core)
    _printf_core                             0x080029d1   Thumb Code   996  printf8.o(i._printf_core)
    i._printf_post_padding                   0x08002de0   Section        0  printf8.o(i._printf_post_padding)
    _printf_post_padding                     0x08002de1   Thumb Code    36  printf8.o(i._printf_post_padding)
    i._printf_pre_padding                    0x08002e04   Section        0  printf8.o(i._printf_pre_padding)
    _printf_pre_padding                      0x08002e05   Thumb Code    46  printf8.o(i._printf_pre_padding)
    i.exchangeBytes                          0x08002e32   Section        0  common.o(i.exchangeBytes)
    i.exchangeWord                           0x08002e4c   Section        0  common.o(i.exchangeWord)
    i.fputc                                  0x08002e66   Section        0  std_lib.o(i.fputc)
    i.gizAcrossByteJudge                     0x08002e78   Section        0  datapointtools.o(i.gizAcrossByteJudge)
    i.gizByteOrderExchange                   0x08002ea2   Section        0  datapointtools.o(i.gizByteOrderExchange)
    i.gizCheckReport                         0x08002ed4   Section        0  gizwits_protocol.o(i.gizCheckReport)
    gizCheckReport                           0x08002ed5   Thumb Code    68  gizwits_protocol.o(i.gizCheckReport)
    i.gizDataPoint2Event                     0x08002f60   Section        0  gizwits_protocol.o(i.gizDataPoint2Event)
    gizDataPoint2Event                       0x08002f61   Thumb Code    78  gizwits_protocol.o(i.gizDataPoint2Event)
    i.gizDataPoints2ReportData               0x08002fdc   Section        0  gizwits_protocol.o(i.gizDataPoints2ReportData)
    gizDataPoints2ReportData                 0x08002fdd   Thumb Code    54  gizwits_protocol.o(i.gizDataPoints2ReportData)
    i.gizDevReportPolicy                     0x08003044   Section        0  gizwits_protocol.o(i.gizDevReportPolicy)
    gizDevReportPolicy                       0x08003045   Thumb Code   128  gizwits_protocol.o(i.gizDevReportPolicy)
    i.gizGetTimerCount                       0x08003100   Section        0  gizwits_product.o(i.gizGetTimerCount)
    i.gizProtocolAckHandle                   0x0800310c   Section        0  gizwits_protocol.o(i.gizProtocolAckHandle)
    gizProtocolAckHandle                     0x0800310d   Thumb Code    94  gizwits_protocol.o(i.gizProtocolAckHandle)
    i.gizProtocolCommonAck                   0x08003198   Section        0  gizwits_protocol.o(i.gizProtocolCommonAck)
    gizProtocolCommonAck                     0x08003199   Thumb Code    86  gizwits_protocol.o(i.gizProtocolCommonAck)
    i.gizProtocolErrorCmd                    0x08003238   Section        0  gizwits_protocol.o(i.gizProtocolErrorCmd)
    gizProtocolErrorCmd                      0x08003239   Thumb Code    90  gizwits_protocol.o(i.gizProtocolErrorCmd)
    i.gizProtocolGetDeviceInfo               0x080032dc   Section        0  gizwits_protocol.o(i.gizProtocolGetDeviceInfo)
    gizProtocolGetDeviceInfo                 0x080032dd   Thumb Code   182  gizwits_protocol.o(i.gizProtocolGetDeviceInfo)
    i.gizProtocolGetOnePacket                0x08003458   Section        0  gizwits_protocol.o(i.gizProtocolGetOnePacket)
    gizProtocolGetOnePacket                  0x08003459   Thumb Code   358  gizwits_protocol.o(i.gizProtocolGetOnePacket)
    i.gizProtocolHeadInit                    0x08003600   Section        0  gizwits_protocol.o(i.gizProtocolHeadInit)
    gizProtocolHeadInit                      0x08003601   Thumb Code    34  gizwits_protocol.o(i.gizProtocolHeadInit)
    i.gizProtocolIssuedDataAck               0x08003650   Section        0  gizwits_protocol.o(i.gizProtocolIssuedDataAck)
    gizProtocolIssuedDataAck                 0x08003651   Thumb Code   230  gizwits_protocol.o(i.gizProtocolIssuedDataAck)
    i.gizProtocolIssuedProcess               0x08003790   Section        0  gizwits_protocol.o(i.gizProtocolIssuedProcess)
    gizProtocolIssuedProcess                 0x08003791   Thumb Code   212  gizwits_protocol.o(i.gizProtocolIssuedProcess)
    i.gizProtocolModuleInfoHandle            0x08003898   Section        0  gizwits_protocol.o(i.gizProtocolModuleInfoHandle)
    gizProtocolModuleInfoHandle              0x08003899   Thumb Code    70  gizwits_protocol.o(i.gizProtocolModuleInfoHandle)
    i.gizProtocolModuleStatus                0x080038f4   Section        0  gizwits_protocol.o(i.gizProtocolModuleStatus)
    gizProtocolModuleStatus                  0x080038f5   Thumb Code   816  gizwits_protocol.o(i.gizProtocolModuleStatus)
    i.gizProtocolNTP                         0x08003df8   Section        0  gizwits_protocol.o(i.gizProtocolNTP)
    gizProtocolNTP                           0x08003df9   Thumb Code   112  gizwits_protocol.o(i.gizProtocolNTP)
    i.gizProtocolReboot                      0x08003e80   Section        0  gizwits_protocol.o(i.gizProtocolReboot)
    gizProtocolReboot                        0x08003e81   Thumb Code    28  gizwits_protocol.o(i.gizProtocolReboot)
    i.gizProtocolResendData                  0x08003e9c   Section        0  gizwits_protocol.o(i.gizProtocolResendData)
    gizProtocolResendData                    0x08003e9d   Thumb Code    64  gizwits_protocol.o(i.gizProtocolResendData)
    i.gizProtocolSum                         0x08003f18   Section        0  common.o(i.gizProtocolSum)
    i.gizProtocolWaitAck                     0x08003f40   Section        0  gizwits_protocol.o(i.gizProtocolWaitAck)
    gizProtocolWaitAck                       0x08003f41   Thumb Code    70  gizwits_protocol.o(i.gizProtocolWaitAck)
    i.gizProtocolWaitAckCheck                0x08003fa4   Section        0  gizwits_protocol.o(i.gizProtocolWaitAckCheck)
    gizProtocolWaitAckCheck                  0x08003fa5   Thumb Code    44  gizwits_protocol.o(i.gizProtocolWaitAckCheck)
    i.gizPutData                             0x08003fec   Section        0  gizwits_protocol.o(i.gizPutData)
    i.gizReportData                          0x08004060   Section        0  gizwits_protocol.o(i.gizReportData)
    gizReportData                            0x08004061   Thumb Code   136  gizwits_protocol.o(i.gizReportData)
    i.gizStandardCompressValue               0x08004130   Section        0  datapointtools.o(i.gizStandardCompressValue)
    i.gizStandardDecompressionValue          0x080041b0   Section        0  datapointtools.o(i.gizStandardDecompressionValue)
    i.gizTimerMs                             0x08004274   Section        0  gizwits_product.o(i.gizTimerMs)
    i.gizwitsEventProcess                    0x08004284   Section        0  gizwits_product.o(i.gizwitsEventProcess)
    i.gizwitsGetNTP                          0x0800444c   Section        0  gizwits_protocol.o(i.gizwitsGetNTP)
    i.gizwitsHandle                          0x080044d0   Section        0  gizwits_protocol.o(i.gizwitsHandle)
    i.gizwitsInit                            0x0800483c   Section        0  gizwits_protocol.o(i.gizwitsInit)
    i.gizwitsSetMode                         0x0800489c   Section        0  gizwits_protocol.o(i.gizwitsSetMode)
    i.main                                   0x08004b24   Section        0  uc.o(i.main)
    i.mcuRestart                             0x08004b40   Section        0  gizwits_product.o(i.mcuRestart)
    i.rbCanRead                              0x08004b4c   Section        0  ringbuffer.o(i.rbCanRead)
    i.rbCanWrite                             0x08004b84   Section        0  ringbuffer.o(i.rbCanWrite)
    i.rbCapacity                             0x08004ba2   Section        0  ringbuffer.o(i.rbCapacity)
    i.rbCreate                               0x08004bb0   Section        0  ringbuffer.o(i.rbCreate)
    i.rbRead                                 0x08004bc6   Section        0  ringbuffer.o(i.rbRead)
    i.rbWrite                                0x08004c68   Section        0  ringbuffer.o(i.rbWrite)
    i.uartWrite                              0x08004d04   Section        0  gizwits_product.o(i.uartWrite)
    i.userHandle                             0x08004da0   Section        0  gizwits_product.o(i.userHandle)
    i.userInit                               0x08004dbc   Section        0  gizwits_product.o(i.userInit)
    .constdata                               0x08004dc8   Section       32  hal_rtc.o(.constdata)
    rtcMonTbl                                0x08004dc8   Data          12  hal_rtc.o(.constdata)
    rtcWeekTbl                               0x08004dd4   Data          12  hal_rtc.o(.constdata)
    .constdata                               0x08004de8   Section      288  drv_gpio.o(.constdata)
    gpioConfigArry                           0x08004de8   Data         288  drv_gpio.o(.constdata)
    .constdata                               0x08004f08   Section      160  drv_timer.o(.constdata)
    timerConfig                              0x08004f08   Data         160  drv_timer.o(.constdata)
    .constdata                               0x08004fa8   Section       64  drv_uart.o(.constdata)
    uartConfigTbl                            0x08004fa8   Data          64  drv_uart.o(.constdata)
    .constdata                               0x08004fe8   Section       36  drv_adc.o(.constdata)
    adcConfig                                0x08004fe8   Data          36  drv_adc.o(.constdata)
    .data                                    0x20000000   Section       16  app_wifi.o(.data)
    Ts                                       0x20000000   Data           4  app_wifi.o(.data)
    reqNtpTim                                0x20000004   Data           4  app_wifi.o(.data)
    updateTim                                0x20000008   Data           4  app_wifi.o(.data)
    tick                                     0x2000000c   Data           2  app_wifi.o(.data)
    times                                    0x2000000e   Data           2  app_wifi.o(.data)
    .data                                    0x20000010   Section        9  app_shock.o(.data)
    shockSta                                 0x20000010   Data           1  app_shock.o(.data)
    shockShake                               0x20000011   Data           1  app_shock.o(.data)
    dlyTs                                    0x20000014   Data           4  app_shock.o(.data)
    updateFlag                               0x20000018   Data           1  app_shock.o(.data)
    .data                                    0x2000001a   Section        4  app_led_ctrl.o(.data)
    ledMode                                  0x2000001a   Data           1  app_led_ctrl.o(.data)
    ledDutyBak                               0x2000001c   Data           2  app_led_ctrl.o(.data)
    .data                                    0x20000020   Section        9  hal_int.o(.data)
    intCount                                 0x20000020   Data           4  hal_int.o(.data)
    sysFaultFunc                             0x20000024   Data           4  hal_int.o(.data)
    sysIntId                                 0x20000028   Data           1  hal_int.o(.data)
    .data                                    0x20000029   Section        1  hal_led.o(.data)
    wifiLedSta                               0x20000029   Data           1  hal_led.o(.data)
    .data                                    0x2000002c   Section        8  hal_uart.o(.data)
    SysRxSemPostFunc                         0x2000002c   Data           4  hal_uart.o(.data)
    WifiRxSemPostFunc                        0x20000030   Data           4  hal_uart.o(.data)
    .data                                    0x20000034   Section       10  hal_rtc.o(.data)
    sysTime                                  0x20000034   Data           8  hal_rtc.o(.data)
    dayCnt                                   0x2000003c   Data           2  hal_rtc.o(.data)
    .data                                    0x2000003e   Section        2  hal_key.o(.data)
    keyManage                                0x2000003e   Data           2  hal_key.o(.data)
    .data                                    0x20000040   Section        6  gizwits_product.o(.data)
    timerMsCount                             0x20000040   Data           4  gizwits_product.o(.data)
    wifiConnectSta                           0x20000044   Data           1  gizwits_product.o(.data)
    .data                                    0x20000048   Section       16  gizwits_protocol.o(.data)
    lastReportTime                           0x20000048   Data           4  gizwits_protocol.o(.data)
    lastRepTime                              0x2000004c   Data           4  gizwits_protocol.o(.data)
    protocolFlag                             0x20000050   Data           1  gizwits_protocol.o(.data)
    protocolCount                            0x20000052   Data           2  gizwits_protocol.o(.data)
    lastData                                 0x20000054   Data           1  gizwits_protocol.o(.data)
    debugCount                               0x20000055   Data           1  gizwits_protocol.o(.data)
    lastStatus                               0x20000056   Data           2  gizwits_protocol.o(.data)
    .data                                    0x20000058   Section        1  drv_dwt.o(.data)
    dwtInitFinished                          0x20000058   Data           1  drv_dwt.o(.data)
    .data                                    0x20000059   Section        1  drv_gpio.o(.data)
    gpioInitFinish                           0x20000059   Data           1  drv_gpio.o(.data)
    .data                                    0x2000005a   Section        1  drv_uart.o(.data)
    uartInitFinished                         0x2000005a   Data           1  drv_uart.o(.data)
    .data                                    0x2000005c   Section       20  system_stm32f10x.o(.data)
    .data                                    0x20000070   Section        1  drv_wdg.o(.data)
    wdgInitFinished                          0x20000070   Data           1  drv_wdg.o(.data)
    .data                                    0x20000071   Section        4  drv_rtc.o(.data)
    <Data1>                                  0x20000071   Data           4  drv_rtc.o(.data)
    .data                                    0x20000075   Section       20  stm32f10x_rcc.o(.data)
    APBAHBPrescTable                         0x20000075   Data          16  stm32f10x_rcc.o(.data)
    ADCPrescTable                            0x20000085   Data           4  stm32f10x_rcc.o(.data)
    .data                                    0x2000008c   Section        4  stdout.o(.data)
    .bss                                     0x20000090   Section       12  app_wifi.o(.bss)
    wifiSetInfo                              0x20000090   Data          12  app_wifi.o(.bss)
    .bss                                     0x2000009c   Section       20  app_led_ctrl.o(.bss)
    ledData                                  0x2000009c   Data          10  app_led_ctrl.o(.bss)
    setLedDat                                0x200000a6   Data          10  app_led_ctrl.o(.bss)
    .bss                                     0x200000b0   Section      272  hal_int.o(.bss)
    sysIntVectTbl                            0x200000b0   Data         272  hal_int.o(.bss)
    .bss                                     0x200001c0   Section      816  hal_uart.o(.bss)
    sysUartTxBuf                             0x200001c0   Data         512  hal_uart.o(.bss)
    sysUartRxBuf                             0x200003c0   Data         256  hal_uart.o(.bss)
    sysUartTxQueue                           0x200004c0   Data          24  hal_uart.o(.bss)
    sysUartRxQueue                           0x200004d8   Data          24  hal_uart.o(.bss)
    .bss                                     0x200004f0   Section       16  hal_key.o(.bss)
    keyShake                                 0x200004f0   Data          16  hal_key.o(.bss)
    .bss                                     0x20000500   Section      304  gizwits_protocol.o(.bss)
    rbBuf                                    0x20000604   Data          44  gizwits_protocol.o(.bss)
    STACK                                    0x20000630   Section     2048  startup_stm32f10x_md.o(STACK)

    Global Symbols

    Symbol Name                              Value     Ov Type        Size  Object(Section)

    BuildAttributes$$THM_ISAv4$P$D$K$B$S$PE$A:L22UL41UL21$X:L11$S22US41US21$IEEE1$IW$USESV6$~STKCKD$USESV7$~SHL$OTIME$ROPI$EBA8$MICROLIB$REQ8$PRES8$EABIv2 0x00000000   Number         0  anon$$obj.o ABSOLUTE
    __ARM_use_no_argv                        0x00000000   Number         0  uc.o ABSOLUTE
    _printf_a                                0x00000000   Number         0  stubs.o ABSOLUTE
    _printf_c                                0x00000000   Number         0  stubs.o ABSOLUTE
    _printf_charcount                        0x00000000   Number         0  stubs.o ABSOLUTE
    _printf_d                                0x00000000   Number         0  stubs.o ABSOLUTE
    _printf_e                                0x00000000   Number         0  stubs.o ABSOLUTE
    _printf_f                                0x00000000   Number         0  stubs.o ABSOLUTE
    _printf_flags                            0x00000000   Number         0  stubs.o ABSOLUTE
    _printf_fp_dec                           0x00000000   Number         0  stubs.o ABSOLUTE
    _printf_fp_hex                           0x00000000   Number         0  stubs.o ABSOLUTE
    _printf_g                                0x00000000   Number         0  stubs.o ABSOLUTE
    _printf_i                                0x00000000   Number         0  stubs.o ABSOLUTE
    _printf_int_dec                          0x00000000   Number         0  stubs.o ABSOLUTE
    _printf_l                                0x00000000   Number         0  stubs.o ABSOLUTE
    _printf_lc                               0x00000000   Number         0  stubs.o ABSOLUTE
    _printf_ll                               0x00000000   Number         0  stubs.o ABSOLUTE
    _printf_lld                              0x00000000   Number         0  stubs.o ABSOLUTE
    _printf_lli                              0x00000000   Number         0  stubs.o ABSOLUTE
    _printf_llo                              0x00000000   Number         0  stubs.o ABSOLUTE
    _printf_llu                              0x00000000   Number         0  stubs.o ABSOLUTE
    _printf_llx                              0x00000000   Number         0  stubs.o ABSOLUTE
    _printf_longlong_dec                     0x00000000   Number         0  stubs.o ABSOLUTE
    _printf_longlong_hex                     0x00000000   Number         0  stubs.o ABSOLUTE
    _printf_longlong_oct                     0x00000000   Number         0  stubs.o ABSOLUTE
    _printf_ls                               0x00000000   Number         0  stubs.o ABSOLUTE
    _printf_mbtowc                           0x00000000   Number         0  stubs.o ABSOLUTE
    _printf_n                                0x00000000   Number         0  stubs.o ABSOLUTE
    _printf_o                                0x00000000   Number         0  stubs.o ABSOLUTE
    _printf_p                                0x00000000   Number         0  stubs.o ABSOLUTE
    _printf_percent                          0x00000000   Number         0  stubs.o ABSOLUTE
    _printf_pre_padding                      0x00000000   Number         0  stubs.o ABSOLUTE
    _printf_return_value                     0x00000000   Number         0  stubs.o ABSOLUTE
    _printf_s                                0x00000000   Number         0  stubs.o ABSOLUTE
    _printf_sizespec                         0x00000000   Number         0  stubs.o ABSOLUTE
    _printf_str                              0x00000000   Number         0  stubs.o ABSOLUTE
    _printf_truncate_signed                  0x00000000   Number         0  stubs.o ABSOLUTE
    _printf_truncate_unsigned                0x00000000   Number         0  stubs.o ABSOLUTE
    _printf_u                                0x00000000   Number         0  stubs.o ABSOLUTE
    _printf_wc                               0x00000000   Number         0  stubs.o ABSOLUTE
    _printf_wctomb                           0x00000000   Number         0  stubs.o ABSOLUTE
    _printf_widthprec                        0x00000000   Number         0  stubs.o ABSOLUTE
    _printf_x                                0x00000000   Number         0  stubs.o ABSOLUTE
    __cpp_initialize__aeabi_                  - Undefined Weak Reference
    __cxa_finalize                            - Undefined Weak Reference
    __decompress                              - Undefined Weak Reference
    _clock_init                               - Undefined Weak Reference
    _microlib_exit                            - Undefined Weak Reference
    __Vectors_Size                           0x000000ec   Number         0  startup_stm32f10x_md.o ABSOLUTE
    __Vectors                                0x08000000   Data           4  startup_stm32f10x_md.o(RESET)
    __Vectors_End                            0x080000ec   Data           0  startup_stm32f10x_md.o(RESET)
    __main                                   0x080000ed   Thumb Code     0  entry.o(.ARM.Collect$$$$00000000)
    _main_stk                                0x080000ed   Thumb Code     0  entry2.o(.ARM.Collect$$$$00000001)
    _main_scatterload                        0x080000f1   Thumb Code     0  entry5.o(.ARM.Collect$$$$00000004)
    __main_after_scatterload                 0x080000f5   Thumb Code     0  entry5.o(.ARM.Collect$$$$00000004)
    _main_clock                              0x080000f5   Thumb Code     0  entry7b.o(.ARM.Collect$$$$00000008)
    _main_cpp_init                           0x080000f5   Thumb Code     0  entry8b.o(.ARM.Collect$$$$0000000A)
    _main_init                               0x080000f5   Thumb Code     0  entry9a.o(.ARM.Collect$$$$0000000B)
    __rt_final_cpp                           0x080000fd   Thumb Code     0  entry10a.o(.ARM.Collect$$$$0000000D)
    __rt_final_exit                          0x080000fd   Thumb Code     0  entry11a.o(.ARM.Collect$$$$0000000F)
    Reset_Handler                            0x08000101   Thumb Code     8  startup_stm32f10x_md.o(.text)
    __aeabi_uldivmod                         0x08000125   Thumb Code    98  uldiv.o(.text)
    __aeabi_memcpy                           0x08000187   Thumb Code    36  memcpya.o(.text)
    __aeabi_memcpy4                          0x08000187   Thumb Code     0  memcpya.o(.text)
    __aeabi_memcpy8                          0x08000187   Thumb Code     0  memcpya.o(.text)
    __aeabi_memset                           0x080001ab   Thumb Code    14  memseta.o(.text)
    __aeabi_memset4                          0x080001ab   Thumb Code     0  memseta.o(.text)
    __aeabi_memset8                          0x080001ab   Thumb Code     0  memseta.o(.text)
    __aeabi_memclr                           0x080001b9   Thumb Code     4  memseta.o(.text)
    __aeabi_memclr4                          0x080001b9   Thumb Code     0  memseta.o(.text)
    __aeabi_memclr8                          0x080001b9   Thumb Code     0  memseta.o(.text)
    _memset$wrapper                          0x080001bd   Thumb Code    18  memseta.o(.text)
    __aeabi_llsl                             0x080001cf   Thumb Code    30  llshl.o(.text)
    _ll_shift_l                              0x080001cf   Thumb Code     0  llshl.o(.text)
    __aeabi_llsr                             0x080001ed   Thumb Code    32  llushr.o(.text)
    _ll_ushift_r                             0x080001ed   Thumb Code     0  llushr.o(.text)
    __scatterload                            0x0800020d   Thumb Code    28  init.o(.text)
    __scatterload_rt2                        0x0800020d   Thumb Code     0  init.o(.text)
    ADC1_2_IRQHandler                        0x08000231   Thumb Code    10  hal_int.o(i.ADC1_2_IRQHandler)
    ADC_Cmd                                  0x0800023b   Thumb Code    22  stm32f10x_adc.o(i.ADC_Cmd)
    ADC_DeInit                               0x08000251   Thumb Code    78  stm32f10x_adc.o(i.ADC_DeInit)
    ADC_GetCalibrationStatus                 0x080002ad   Thumb Code    20  stm32f10x_adc.o(i.ADC_GetCalibrationStatus)
    ADC_GetConversionValue                   0x080002c1   Thumb Code     8  stm32f10x_adc.o(i.ADC_GetConversionValue)
    ADC_GetFlagStatus                        0x080002c9   Thumb Code    18  stm32f10x_adc.o(i.ADC_GetFlagStatus)
    ADC_GetResetCalibrationStatus            0x080002db   Thumb Code    20  stm32f10x_adc.o(i.ADC_GetResetCalibrationStatus)
    ADC_Init                                 0x080002f1   Thumb Code    70  stm32f10x_adc.o(i.ADC_Init)
    ADC_RegularChannelConfig                 0x08000341   Thumb Code   184  stm32f10x_adc.o(i.ADC_RegularChannelConfig)
    ADC_ResetCalibration                     0x080003f9   Thumb Code    10  stm32f10x_adc.o(i.ADC_ResetCalibration)
    ADC_SoftwareStartConvCmd                 0x08000403   Thumb Code    22  stm32f10x_adc.o(i.ADC_SoftwareStartConvCmd)
    ADC_StartCalibration                     0x08000419   Thumb Code    10  stm32f10x_adc.o(i.ADC_StartCalibration)
    BKP_DeInit                               0x0800042f   Thumb Code    16  stm32f10x_bkp.o(i.BKP_DeInit)
    BKP_ReadBackupRegister                   0x08000441   Thumb Code    24  stm32f10x_bkp.o(i.BKP_ReadBackupRegister)
    BKP_WriteBackupRegister                  0x0800045d   Thumb Code    22  stm32f10x_bkp.o(i.BKP_WriteBackupRegister)
    BusFault_Handler                         0x08000479   Thumb Code    10  hal_int.o(i.BusFault_Handler)
    CAN1_RX1_IRQHandler                      0x08000483   Thumb Code    10  hal_int.o(i.CAN1_RX1_IRQHandler)
    CAN1_SCE_IRQHandler                      0x0800048d   Thumb Code    10  hal_int.o(i.CAN1_SCE_IRQHandler)
    DMA1_Channel1_IRQHandler                 0x08000497   Thumb Code    10  hal_int.o(i.DMA1_Channel1_IRQHandler)
    DMA1_Channel2_IRQHandler                 0x080004a1   Thumb Code    10  hal_int.o(i.DMA1_Channel2_IRQHandler)
    DMA1_Channel3_IRQHandler                 0x080004ab   Thumb Code    10  hal_int.o(i.DMA1_Channel3_IRQHandler)
    DMA1_Channel4_IRQHandler                 0x080004b5   Thumb Code    10  hal_int.o(i.DMA1_Channel4_IRQHandler)
    DMA1_Channel5_IRQHandler                 0x080004bf   Thumb Code    10  hal_int.o(i.DMA1_Channel5_IRQHandler)
    DMA1_Channel6_IRQHandler                 0x080004c9   Thumb Code    10  hal_int.o(i.DMA1_Channel6_IRQHandler)
    DMA1_Channel7_IRQHandler                 0x080004d3   Thumb Code    10  hal_int.o(i.DMA1_Channel7_IRQHandler)
    DebugMon_Handler                         0x080004dd   Thumb Code    10  hal_int.o(i.DebugMon_Handler)
    Drv_AdcInit                              0x080004e9   Thumb Code   240  drv_adc.o(i.Drv_AdcInit)
    Drv_AdcScanCh                            0x080005dd   Thumb Code   128  drv_adc.o(i.Drv_AdcScanCh)
    Drv_DwtInit                              0x08000661   Thumb Code    36  drv_dwt.o(i.Drv_DwtInit)
    Drv_GetCpuFreq                           0x08000691   Thumb Code    24  drv_dwt.o(i.Drv_GetCpuFreq)
    Drv_GetDwtCnt                            0x080006a9   Thumb Code     6  drv_dwt.o(i.Drv_GetDwtCnt)
    Drv_GpioInit                             0x080006b5   Thumb Code   194  drv_gpio.o(i.Drv_GpioInit)
    Drv_GpioNameIn                           0x08000781   Thumb Code    56  drv_gpio.o(i.Drv_GpioNameIn)
    Drv_IsUartRxInt                          0x080007bd   Thumb Code    30  drv_uart.o(i.Drv_IsUartRxInt)
    Drv_IsUartTxInt                          0x080007e1   Thumb Code    30  drv_uart.o(i.Drv_IsUartTxInt)
    Drv_PwmInit                              0x08000805   Thumb Code   276  drv_timer.o(i.Drv_PwmInit)
    Drv_PwmSetDuty                           0x0800091d   Thumb Code   100  drv_timer.o(i.Drv_PwmSetDuty)
    Drv_RtcGetCount                          0x080009a1   Thumb Code    16  drv_rtc.o(i.Drv_RtcGetCount)
    Drv_RtcInit                              0x080009b5   Thumb Code   196  drv_rtc.o(i.Drv_RtcInit)
    Drv_RtcIsSecInt                          0x08000a79   Thumb Code    18  drv_rtc.o(i.Drv_RtcIsSecInt)
    Drv_RtcIsrHandle                         0x08000a8b   Thumb Code    14  drv_rtc.o(i.Drv_RtcIsrHandle)
    Drv_RtcSetCount                          0x08000ac9   Thumb Code    32  drv_rtc.o(i.Drv_RtcSetCount)
    Drv_SysTickIntDisable                    0x08000ae9   Thumb Code    18  drv_timer.o(i.Drv_SysTickIntDisable)
    Drv_SysTickIntEnable                     0x08000afb   Thumb Code    18  drv_timer.o(i.Drv_SysTickIntEnable)
    Drv_SysTickOpen                          0x08000b0d   Thumb Code    18  drv_timer.o(i.Drv_SysTickOpen)
    Drv_SysTickSetReload                     0x08000b1f   Thumb Code     8  drv_timer.o(i.Drv_SysTickSetReload)
    Drv_SysUartInit                          0x08000b29   Thumb Code   266  drv_uart.o(i.Drv_SysUartInit)
    Drv_UartGetRevData                       0x08000c4d   Thumb Code    20  drv_uart.o(i.Drv_UartGetRevData)
    Drv_UartITRxDisable                      0x08000c65   Thumb Code    24  drv_uart.o(i.Drv_UartITRxDisable)
    Drv_UartITRxEnable                       0x08000c81   Thumb Code    24  drv_uart.o(i.Drv_UartITRxEnable)
    Drv_UartITTxDisable                      0x08000c9d   Thumb Code    24  drv_uart.o(i.Drv_UartITTxDisable)
    Drv_UartITTxEnable                       0x08000cb9   Thumb Code    24  drv_uart.o(i.Drv_UartITTxEnable)
    Drv_UartTxByte                           0x08000cd5   Thumb Code    22  drv_uart.o(i.Drv_UartTxByte)
    Drv_WdgFeed                              0x08000cf1   Thumb Code     8  drv_wdg.o(i.Drv_WdgFeed)
    Drv_WdgInit                              0x08000cf9   Thumb Code    38  drv_wdg.o(i.Drv_WdgInit)
    EXTI0_IRQHandler                         0x08000d25   Thumb Code    10  hal_int.o(i.EXTI0_IRQHandler)
    EXTI15_10_IRQHandler                     0x08000d2f   Thumb Code    10  hal_int.o(i.EXTI15_10_IRQHandler)
    EXTI1_IRQHandler                         0x08000d39   Thumb Code    10  hal_int.o(i.EXTI1_IRQHandler)
    EXTI2_IRQHandler                         0x08000d43   Thumb Code    10  hal_int.o(i.EXTI2_IRQHandler)
    EXTI3_IRQHandler                         0x08000d4d   Thumb Code    10  hal_int.o(i.EXTI3_IRQHandler)
    EXTI4_IRQHandler                         0x08000d57   Thumb Code    10  hal_int.o(i.EXTI4_IRQHandler)
    EXTI9_5_IRQHandler                       0x08000d61   Thumb Code    10  hal_int.o(i.EXTI9_5_IRQHandler)
    FLASH_IRQHandler                         0x08000d6b   Thumb Code    10  hal_int.o(i.FLASH_IRQHandler)
    GPIO_Init                                0x08000d75   Thumb Code   278  stm32f10x_gpio.o(i.GPIO_Init)
    GPIO_ReadInputDataBit                    0x08000e8b   Thumb Code    18  stm32f10x_gpio.o(i.GPIO_ReadInputDataBit)
    GPIO_ResetBits                           0x08000e9d   Thumb Code     4  stm32f10x_gpio.o(i.GPIO_ResetBits)
    GPIO_SetBits                             0x08000ea1   Thumb Code     4  stm32f10x_gpio.o(i.GPIO_SetBits)
    Hal_AdcInit                              0x08000ea5   Thumb Code     8  hal_adc.o(i.Hal_AdcInit)
    Hal_CheckNewKey                          0x08000ead   Thumb Code    10  hal_key.o(i.Hal_CheckNewKey)
    Hal_ClearNewKeyFlg                       0x08000ebd   Thumb Code    10  hal_key.o(i.Hal_ClearNewKeyFlg)
    Hal_DisableAllInt                        0x08000ecd   Thumb Code    14  hal_int.o(i.Hal_DisableAllInt)
    Hal_EnableAllInt                         0x08000ee1   Thumb Code    26  hal_int.o(i.Hal_EnableAllInt)
    Hal_GetKeySta                            0x08000f19   Thumb Code    12  hal_key.o(i.Hal_GetKeySta)
    Hal_GetWifiLedSta                        0x08000f29   Thumb Code     6  hal_led.o(i.Hal_GetWifiLedSta)
    Hal_IoInit                               0x08000f35   Thumb Code    12  hal_led.o(i.Hal_IoInit)
    Hal_KeyScan                              0x08000f41   Thumb Code    58  hal_key.o(i.Hal_KeyScan)
    Hal_RtcInit                              0x0800113d   Thumb Code    48  hal_rtc.o(i.Hal_RtcInit)
    Hal_RtcSetTime                           0x080011c9   Thumb Code   192  hal_rtc.o(i.Hal_RtcSetTime)
    Hal_ScanShock                            0x08001389   Thumb Code    10  hal_adc.o(i.Hal_ScanShock)
    Hal_SysISRSet                            0x08001405   Thumb Code    26  hal_int.o(i.Hal_SysISRSet)
    Hal_SysInit                              0x08001425   Thumb Code    32  hal.o(i.Hal_SysInit)
    Hal_SysIntInit                           0x08001475   Thumb Code    30  hal_int.o(i.Hal_SysIntInit)
    Hal_SysTickInit                          0x08001499   Thumb Code    44  hal_timer.o(i.Hal_SysTickInit)
    Hal_SysUartInit                          0x080014cd   Thumb Code    84  hal_uart.o(i.Hal_SysUartInit)
    Hal_UartReadByte                         0x08001539   Thumb Code    42  hal_uart.o(i.Hal_UartReadByte)
    Hal_UartWrite                            0x08001569   Thumb Code   140  hal_uart.o(i.Hal_UartWrite)
    Hal_WifiLedOff                           0x08001669   Thumb Code    18  hal_led.o(i.Hal_WifiLedOff)
    Hal_WifiLedOn                            0x08001681   Thumb Code    20  hal_led.o(i.Hal_WifiLedOn)
    HardFault_Handler                        0x08001699   Thumb Code    10  hal_int.o(i.HardFault_Handler)
    I2C1_ER_IRQHandler                       0x080016a3   Thumb Code    10  hal_int.o(i.I2C1_ER_IRQHandler)
    I2C1_EV_IRQHandler                       0x080016ad   Thumb Code    10  hal_int.o(i.I2C1_EV_IRQHandler)
    I2C2_ER_IRQHandler                       0x080016b7   Thumb Code    10  hal_int.o(i.I2C2_ER_IRQHandler)
    I2C2_EV_IRQHandler                       0x080016c1   Thumb Code    10  hal_int.o(i.I2C2_EV_IRQHandler)
    IWDG_Enable                              0x080016cd   Thumb Code    10  stm32f10x_iwdg.o(i.IWDG_Enable)
    IWDG_ReloadCounter                       0x080016dd   Thumb Code    10  stm32f10x_iwdg.o(i.IWDG_ReloadCounter)
    IWDG_SetPrescaler                        0x080016ed   Thumb Code     6  stm32f10x_iwdg.o(i.IWDG_SetPrescaler)
    IWDG_SetReload                           0x080016f9   Thumb Code     6  stm32f10x_iwdg.o(i.IWDG_SetReload)
    IWDG_WriteAccessCmd                      0x08001705   Thumb Code     6  stm32f10x_iwdg.o(i.IWDG_WriteAccessCmd)
    Led_AllOff                               0x08001711   Thumb Code    16  app_led_ctrl.o(i.Led_AllOff)
    Led_CtrlInit                             0x0800172d   Thumb Code    28  app_led_ctrl.o(i.Led_CtrlInit)
    Led_ModeCycling                          0x080018d9   Thumb Code    64  app_led_ctrl.o(i.Led_ModeCycling)
    Led_PeriodProc                           0x0800191d   Thumb Code    12  app_led_ctrl.o(i.Led_PeriodProc)
    MemManage_Handler                        0x08001929   Thumb Code    10  hal_int.o(i.MemManage_Handler)
    NMI_Handler                              0x08001933   Thumb Code    10  hal_int.o(i.NMI_Handler)
    NVIC_Init                                0x0800193d   Thumb Code   100  misc.o(i.NVIC_Init)
    NVIC_PriorityGroupConfig                 0x080019ad   Thumb Code    10  misc.o(i.NVIC_PriorityGroupConfig)
    Osal_DiffTsToUsec                        0x080019c1   Thumb Code    78  osal.o(i.Osal_DiffTsToUsec)
    Osal_GetCurTs                            0x08001a15   Thumb Code     8  osal.o(i.Osal_GetCurTs)
    PVD_IRQHandler                           0x08001a1d   Thumb Code    10  hal_int.o(i.PVD_IRQHandler)
    PWR_BackupAccessCmd                      0x08001a29   Thumb Code     6  stm32f10x_pwr.o(i.PWR_BackupAccessCmd)
    PendSV_Handler                           0x08001a35   Thumb Code    10  hal_int.o(i.PendSV_Handler)
    RCC_ADCCLKConfig                         0x08001a45   Thumb Code    18  stm32f10x_rcc.o(i.RCC_ADCCLKConfig)
    RCC_APB1PeriphClockCmd                   0x08001a5d   Thumb Code    26  stm32f10x_rcc.o(i.RCC_APB1PeriphClockCmd)
    RCC_APB1PeriphResetCmd                   0x08001a7d   Thumb Code    26  stm32f10x_rcc.o(i.RCC_APB1PeriphResetCmd)
    RCC_APB2PeriphClockCmd                   0x08001a9d   Thumb Code    26  stm32f10x_rcc.o(i.RCC_APB2PeriphClockCmd)
    RCC_APB2PeriphResetCmd                   0x08001abd   Thumb Code    26  stm32f10x_rcc.o(i.RCC_APB2PeriphResetCmd)
    RCC_BackupResetCmd                       0x08001add   Thumb Code     6  stm32f10x_rcc.o(i.RCC_BackupResetCmd)
    RCC_GetClocksFreq                        0x08001ae9   Thumb Code   192  stm32f10x_rcc.o(i.RCC_GetClocksFreq)
    RCC_GetFlagStatus                        0x08001bbd   Thumb Code    56  stm32f10x_rcc.o(i.RCC_GetFlagStatus)
    RCC_IRQHandler                           0x08001bf9   Thumb Code    10  hal_int.o(i.RCC_IRQHandler)
    RCC_LSEConfig                            0x08001c05   Thumb Code    46  stm32f10x_rcc.o(i.RCC_LSEConfig)
    RCC_RTCCLKCmd                            0x08001c39   Thumb Code     6  stm32f10x_rcc.o(i.RCC_RTCCLKCmd)
    RCC_RTCCLKConfig                         0x08001c45   Thumb Code    12  stm32f10x_rcc.o(i.RCC_RTCCLKConfig)
    RTCAlarm_IRQHandler                      0x08001c55   Thumb Code    10  hal_int.o(i.RTCAlarm_IRQHandler)
    RTC_ClearITPendingBit                    0x08001c61   Thumb Code    12  stm32f10x_rtc.o(i.RTC_ClearITPendingBit)
    RTC_EnterConfigMode                      0x08001c71   Thumb Code    14  stm32f10x_rtc.o(i.RTC_EnterConfigMode)
    RTC_ExitConfigMode                       0x08001c85   Thumb Code    16  stm32f10x_rtc.o(i.RTC_ExitConfigMode)
    RTC_GetITStatus                          0x08001c99   Thumb Code    32  stm32f10x_rtc.o(i.RTC_GetITStatus)
    RTC_IRQHandler                           0x08001cbd   Thumb Code    10  hal_int.o(i.RTC_IRQHandler)
    RTC_ITConfig                             0x08001cc9   Thumb Code    26  stm32f10x_rtc.o(i.RTC_ITConfig)
    RTC_SetCounter                           0x08001ce9   Thumb Code    24  stm32f10x_rtc.o(i.RTC_SetCounter)
    RTC_SetPrescaler                         0x08001d05   Thumb Code    26  stm32f10x_rtc.o(i.RTC_SetPrescaler)
    RTC_WaitForLastTask                      0x08001d25   Thumb Code    16  stm32f10x_rtc.o(i.RTC_WaitForLastTask)
    RTC_WaitForSynchro                       0x08001d39   Thumb Code    30  stm32f10x_rtc.o(i.RTC_WaitForSynchro)
    SPI1_IRQHandler                          0x08001d5d   Thumb Code    10  hal_int.o(i.SPI1_IRQHandler)
    SPI2_IRQHandler                          0x08001d67   Thumb Code    10  hal_int.o(i.SPI2_IRQHandler)
    SVC_Handler                              0x08001d71   Thumb Code    10  hal_int.o(i.SVC_Handler)
    Shk_ClrSnsSta                            0x08001e65   Thumb Code     8  app_shock.o(i.Shk_ClrSnsSta)
    Shk_GetSnsSta                            0x08001e71   Thumb Code     6  app_shock.o(i.Shk_GetSnsSta)
    Shk_PeriodHandle                         0x08001e7d   Thumb Code     8  app_shock.o(i.Shk_PeriodHandle)
    Srv_QueueIn                              0x08001f05   Thumb Code    50  srv_queue.o(i.Srv_QueueIn)
    Srv_QueueInit                            0x08001f37   Thumb Code    14  srv_queue.o(i.Srv_QueueInit)
    Srv_QueueIsEmpty                         0x08001f45   Thumb Code    12  srv_queue.o(i.Srv_QueueIsEmpty)
    Srv_QueueOut                             0x08001f51   Thumb Code    48  srv_queue.o(i.Srv_QueueOut)
    Srv_ReadQueueHead                        0x08001f81   Thumb Code    24  srv_queue.o(i.Srv_ReadQueueHead)
    Srv_WifiCommInit                         0x08001f99   Thumb Code     2  srv_wifi_comm.o(i.Srv_WifiCommInit)
    Srv_WifiCommTx                           0x08001f9b   Thumb Code    18  srv_wifi_comm.o(i.Srv_WifiCommTx)
    SysTick_Handler                          0x08001fad   Thumb Code    10  hal_int.o(i.SysTick_Handler)
    SystemInit                               0x08001fb9   Thumb Code    78  system_stm32f10x.o(i.SystemInit)
    TAMPER_IRQHandler                        0x08002019   Thumb Code    10  hal_int.o(i.TAMPER_IRQHandler)
    TIM1_BRK_IRQHandler                      0x08002023   Thumb Code    10  hal_int.o(i.TIM1_BRK_IRQHandler)
    TIM1_CC_IRQHandler                       0x0800202d   Thumb Code    10  hal_int.o(i.TIM1_CC_IRQHandler)
    TIM1_TRG_COM_IRQHandler                  0x08002037   Thumb Code    10  hal_int.o(i.TIM1_TRG_COM_IRQHandler)
    TIM1_UP_IRQHandler                       0x08002041   Thumb Code    10  hal_int.o(i.TIM1_UP_IRQHandler)
    TIM2_IRQHandler                          0x0800204b   Thumb Code    10  hal_int.o(i.TIM2_IRQHandler)
    TIM3_IRQHandler                          0x08002055   Thumb Code    10  hal_int.o(i.TIM3_IRQHandler)
    TIM4_IRQHandler                          0x0800205f   Thumb Code    10  hal_int.o(i.TIM4_IRQHandler)
    TIM_Cmd                                  0x08002069   Thumb Code    24  stm32f10x_tim.o(i.TIM_Cmd)
    TIM_OC1Init                              0x08002081   Thumb Code   132  stm32f10x_tim.o(i.TIM_OC1Init)
    TIM_OC1PreloadConfig                     0x08002119   Thumb Code    18  stm32f10x_tim.o(i.TIM_OC1PreloadConfig)
    TIM_OC2Init                              0x0800212d   Thumb Code   154  stm32f10x_tim.o(i.TIM_OC2Init)
    TIM_OC2PreloadConfig                     0x080021d1   Thumb Code    26  stm32f10x_tim.o(i.TIM_OC2PreloadConfig)
    TIM_OC3Init                              0x080021ed   Thumb Code   150  stm32f10x_tim.o(i.TIM_OC3Init)
    TIM_OC3PreloadConfig                     0x0800228d   Thumb Code    18  stm32f10x_tim.o(i.TIM_OC3PreloadConfig)
    TIM_OC4Init                              0x080022a1   Thumb Code   114  stm32f10x_tim.o(i.TIM_OC4Init)
    TIM_OC4PreloadConfig                     0x0800231d   Thumb Code    26  stm32f10x_tim.o(i.TIM_OC4PreloadConfig)
    TIM_SetCompare1                          0x08002337   Thumb Code     4  stm32f10x_tim.o(i.TIM_SetCompare1)
    TIM_SetCompare2                          0x0800233b   Thumb Code     4  stm32f10x_tim.o(i.TIM_SetCompare2)
    TIM_SetCompare3                          0x0800233f   Thumb Code     4  stm32f10x_tim.o(i.TIM_SetCompare3)
    TIM_SetCompare4                          0x08002343   Thumb Code     6  stm32f10x_tim.o(i.TIM_SetCompare4)
    TIM_TimeBaseInit                         0x08002349   Thumb Code   122  stm32f10x_tim.o(i.TIM_TimeBaseInit)
    USART1_IRQHandler                        0x080023ed   Thumb Code    10  hal_int.o(i.USART1_IRQHandler)
    USART2_IRQHandler                        0x080023f7   Thumb Code    10  hal_int.o(i.USART2_IRQHandler)
    USART3_IRQHandler                        0x08002401   Thumb Code    10  hal_int.o(i.USART3_IRQHandler)
    USART_Cmd                                0x0800240b   Thumb Code    24  stm32f10x_usart.o(i.USART_Cmd)
    USART_DeInit                             0x08002425   Thumb Code   134  stm32f10x_usart.o(i.USART_DeInit)
    USART_GetITStatus                        0x080024c1   Thumb Code    84  stm32f10x_usart.o(i.USART_GetITStatus)
    USART_ITConfig                           0x08002515   Thumb Code    74  stm32f10x_usart.o(i.USART_ITConfig)
    USART_Init                               0x08002561   Thumb Code   210  stm32f10x_usart.o(i.USART_Init)
    USART_ReceiveData                        0x08002639   Thumb Code    10  stm32f10x_usart.o(i.USART_ReceiveData)
    USART_SendData                           0x08002643   Thumb Code     8  stm32f10x_usart.o(i.USART_SendData)
    USBWakeUp_IRQHandler                     0x0800264b   Thumb Code    10  hal_int.o(i.USBWakeUp_IRQHandler)
    USB_HP_CAN1_TX_IRQHandler                0x08002655   Thumb Code    10  hal_int.o(i.USB_HP_CAN1_TX_IRQHandler)
    USB_LP_CAN1_RX0_IRQHandler               0x0800265f   Thumb Code    10  hal_int.o(i.USB_LP_CAN1_RX0_IRQHandler)
    UsageFault_Handler                       0x08002669   Thumb Code    10  hal_int.o(i.UsageFault_Handler)
    WWDG_IRQHandler                          0x08002673   Thumb Code    10  hal_int.o(i.WWDG_IRQHandler)
    Wifi_GetConnectSta                       0x080026a9   Thumb Code     6  gizwits_product.o(i.Wifi_GetConnectSta)
    Wifi_TaskHandle                          0x08002835   Thumb Code    54  app_wifi.o(i.Wifi_TaskHandle)
    Wifi_TaskInit                            0x08002871   Thumb Code    28  app_wifi.o(i.Wifi_TaskInit)
    __0printf$8                              0x08002991   Thumb Code    22  printf8.o(i.__0printf$8)
    __1printf$8                              0x08002991   Thumb Code     0  printf8.o(i.__0printf$8)
    __2printf                                0x08002991   Thumb Code     0  printf8.o(i.__0printf$8)
    __scatterload_copy                       0x080029b1   Thumb Code    14  handlers.o(i.__scatterload_copy)
    __scatterload_null                       0x080029bf   Thumb Code     2  handlers.o(i.__scatterload_null)
    __scatterload_zeroinit                   0x080029c1   Thumb Code    14  handlers.o(i.__scatterload_zeroinit)
    exchangeBytes                            0x08002e33   Thumb Code    26  common.o(i.exchangeBytes)
    exchangeWord                             0x08002e4d   Thumb Code    26  common.o(i.exchangeWord)
    fputc                                    0x08002e67   Thumb Code    18  std_lib.o(i.fputc)
    gizAcrossByteJudge                       0x08002e79   Thumb Code    42  datapointtools.o(i.gizAcrossByteJudge)
    gizByteOrderExchange                     0x08002ea3   Thumb Code    50  datapointtools.o(i.gizByteOrderExchange)
    gizGetTimerCount                         0x08003101   Thumb Code     6  gizwits_product.o(i.gizGetTimerCount)
    gizProtocolSum                           0x08003f19   Thumb Code    38  common.o(i.gizProtocolSum)
    gizPutData                               0x08003fed   Thumb Code    52  gizwits_protocol.o(i.gizPutData)
    gizStandardCompressValue                 0x08004131   Thumb Code   128  datapointtools.o(i.gizStandardCompressValue)
    gizStandardDecompressionValue            0x080041b1   Thumb Code   194  datapointtools.o(i.gizStandardDecompressionValue)
    gizTimerMs                               0x08004275   Thumb Code    12  gizwits_product.o(i.gizTimerMs)
    gizwitsEventProcess                      0x08004285   Thumb Code   284  gizwits_product.o(i.gizwitsEventProcess)
    gizwitsGetNTP                            0x0800444d   Thumb Code    94  gizwits_protocol.o(i.gizwitsGetNTP)
    gizwitsHandle                            0x080044d1   Thumb Code   596  gizwits_protocol.o(i.gizwitsHandle)
    gizwitsInit                              0x0800483d   Thumb Code    44  gizwits_protocol.o(i.gizwitsInit)
    gizwitsSetMode                           0x0800489d   Thumb Code   590  gizwits_protocol.o(i.gizwitsSetMode)
    main                                     0x08004b25   Thumb Code    28  uc.o(i.main)
    mcuRestart                               0x08004b41   Thumb Code    12  gizwits_product.o(i.mcuRestart)
    rbCanRead                                0x08004b4d   Thumb Code    56  ringbuffer.o(i.rbCanRead)
    rbCanWrite                               0x08004b85   Thumb Code    30  ringbuffer.o(i.rbCanWrite)
    rbCapacity                               0x08004ba3   Thumb Code    14  ringbuffer.o(i.rbCapacity)
    rbCreate                                 0x08004bb1   Thumb Code    22  ringbuffer.o(i.rbCreate)
    rbRead                                   0x08004bc7   Thumb Code   162  ringbuffer.o(i.rbRead)
    rbWrite                                  0x08004c69   Thumb Code   154  ringbuffer.o(i.rbWrite)
    uartWrite                                0x08004d05   Thumb Code   118  gizwits_product.o(i.uartWrite)
    userHandle                               0x08004da1   Thumb Code    24  gizwits_product.o(i.userHandle)
    userInit                                 0x08004dbd   Thumb Code     8  gizwits_product.o(i.userInit)
    Region$$Table$$Base                      0x0800500c   Number         0  anon$$obj.o(Region$$Table)
    Region$$Table$$Limit                     0x0800502c   Number         0  anon$$obj.o(Region$$Table)
    currentDataPoint                         0x20000045   Data           1  gizwits_product.o(.data)
    SystemCoreClock                          0x2000005c   Data           4  system_stm32f10x.o(.data)
    AHBPrescTable                            0x20000060   Data          16  system_stm32f10x.o(.data)
    __stdout                                 0x2000008c   Data           4  stdout.o(.data)
    gizwitsProtocol                          0x20000500   Data         244  gizwits_protocol.o(.bss)
    pRb                                      0x200005f4   Data          16  gizwits_protocol.o(.bss)
    __initial_sp                             0x20000e30   Data           0  startup_stm32f10x_md.o(STACK)



==============================================================================

Memory Map of the image

  Image Entry point : 0x080000ed

  Load Region LR_IROM1 (Base: 0x08000000, Size: 0x000050bc, Max: 0x00010000, ABSOLUTE)

    Execution Region ER_IROM1 (Base: 0x08000000, Size: 0x0000502c, Max: 0x00010000, ABSOLUTE)

    Base Addr    Size         Type   Attr      Idx    E Section Name        Object

    0x08000000   0x000000ec   Data   RO         1981    RESET               startup_stm32f10x_md.o
    0x080000ec   0x00000000   Code   RO         5006  * .ARM.Collect$$$$00000000  mc_w.l(entry.o)
    0x080000ec   0x00000004   Code   RO         5292    .ARM.Collect$$$$00000001  mc_w.l(entry2.o)
    0x080000f0   0x00000004   Code   RO         5295    .ARM.Collect$$$$00000004  mc_w.l(entry5.o)
    0x080000f4   0x00000000   Code   RO         5297    .ARM.Collect$$$$00000008  mc_w.l(entry7b.o)
    0x080000f4   0x00000000   Code   RO         5299    .ARM.Collect$$$$0000000A  mc_w.l(entry8b.o)
    0x080000f4   0x00000008   Code   RO         5300    .ARM.Collect$$$$0000000B  mc_w.l(entry9a.o)
    0x080000fc   0x00000000   Code   RO         5302    .ARM.Collect$$$$0000000D  mc_w.l(entry10a.o)
    0x080000fc   0x00000000   Code   RO         5304    .ARM.Collect$$$$0000000F  mc_w.l(entry11a.o)
    0x080000fc   0x00000004   Code   RO         5293    .ARM.Collect$$$$00002712  mc_w.l(entry2.o)
    0x08000100   0x00000024   Code   RO         1982    .text               startup_stm32f10x_md.o
    0x08000124   0x00000062   Code   RO         5009    .text               mc_w.l(uldiv.o)
    0x08000186   0x00000024   Code   RO         5013    .text               mc_w.l(memcpya.o)
    0x080001aa   0x00000024   Code   RO         5015    .text               mc_w.l(memseta.o)
    0x080001ce   0x0000001e   Code   RO         5309    .text               mc_w.l(llshl.o)
    0x080001ec   0x00000020   Code   RO         5311    .text               mc_w.l(llushr.o)
    0x0800020c   0x00000024   Code   RO         5326    .text               mc_w.l(init.o)
    0x08000230   0x0000000a   Code   RO          376    i.ADC1_2_IRQHandler  hal_int.o
    0x0800023a   0x00000016   Code   RO         2051    i.ADC_Cmd           stm32f10x_adc.o
    0x08000250   0x0000005c   Code   RO         2053    i.ADC_DeInit        stm32f10x_adc.o
    0x080002ac   0x00000014   Code   RO         2059    i.ADC_GetCalibrationStatus  stm32f10x_adc.o
    0x080002c0   0x00000008   Code   RO         2060    i.ADC_GetConversionValue  stm32f10x_adc.o
    0x080002c8   0x00000012   Code   RO         2062    i.ADC_GetFlagStatus  stm32f10x_adc.o
    0x080002da   0x00000014   Code   RO         2065    i.ADC_GetResetCalibrationStatus  stm32f10x_adc.o
    0x080002ee   0x00000002   PAD
    0x080002f0   0x00000050   Code   RO         2069    i.ADC_Init          stm32f10x_adc.o
    0x08000340   0x000000b8   Code   RO         2073    i.ADC_RegularChannelConfig  stm32f10x_adc.o
    0x080003f8   0x0000000a   Code   RO         2074    i.ADC_ResetCalibration  stm32f10x_adc.o
    0x08000402   0x00000016   Code   RO         2076    i.ADC_SoftwareStartConvCmd  stm32f10x_adc.o
    0x08000418   0x0000000a   Code   RO         2078    i.ADC_StartCalibration  stm32f10x_adc.o
    0x08000422   0x0000000c   Code   RO          119    i.AppStartTask      uc.o
    0x0800042e   0x00000010   Code   RO         2269    i.BKP_DeInit        stm32f10x_bkp.o
    0x0800043e   0x00000002   PAD
    0x08000440   0x0000001c   Code   RO         2274    i.BKP_ReadBackupRegister  stm32f10x_bkp.o
    0x0800045c   0x0000001c   Code   RO         2278    i.BKP_WriteBackupRegister  stm32f10x_bkp.o
    0x08000478   0x0000000a   Code   RO          378    i.BusFault_Handler  hal_int.o
    0x08000482   0x0000000a   Code   RO          379    i.CAN1_RX1_IRQHandler  hal_int.o
    0x0800048c   0x0000000a   Code   RO          380    i.CAN1_SCE_IRQHandler  hal_int.o
    0x08000496   0x0000000a   Code   RO          381    i.DMA1_Channel1_IRQHandler  hal_int.o
    0x080004a0   0x0000000a   Code   RO          382    i.DMA1_Channel2_IRQHandler  hal_int.o
    0x080004aa   0x0000000a   Code   RO          383    i.DMA1_Channel3_IRQHandler  hal_int.o
    0x080004b4   0x0000000a   Code   RO          384    i.DMA1_Channel4_IRQHandler  hal_int.o
    0x080004be   0x0000000a   Code   RO          385    i.DMA1_Channel5_IRQHandler  hal_int.o
    0x080004c8   0x0000000a   Code   RO          386    i.DMA1_Channel6_IRQHandler  hal_int.o
    0x080004d2   0x0000000a   Code   RO          387    i.DMA1_Channel7_IRQHandler  hal_int.o
    0x080004dc   0x0000000a   Code   RO          392    i.DebugMon_Handler  hal_int.o
    0x080004e6   0x00000002   PAD
    0x080004e8   0x000000f4   Code   RO         1986    i.Drv_AdcInit       drv_adc.o
    0x080005dc   0x00000084   Code   RO         1987    i.Drv_AdcScanCh     drv_adc.o
    0x08000660   0x00000030   Code   RO         1643    i.Drv_DwtInit       drv_dwt.o
    0x08000690   0x00000018   Code   RO         1644    i.Drv_GetCpuFreq    drv_dwt.o
    0x080006a8   0x0000000c   Code   RO         1645    i.Drv_GetDwtCnt     drv_dwt.o
    0x080006b4   0x000000cc   Code   RO         1679    i.Drv_GpioInit      drv_gpio.o
    0x08000780   0x0000003c   Code   RO         1680    i.Drv_GpioNameIn    drv_gpio.o
    0x080007bc   0x00000024   Code   RO         1777    i.Drv_IsUartRxInt   drv_uart.o
    0x080007e0   0x00000024   Code   RO         1778    i.Drv_IsUartTxInt   drv_uart.o
    0x08000804   0x00000118   Code   RO         1723    i.Drv_PwmInit       drv_timer.o
    0x0800091c   0x00000068   Code   RO         1724    i.Drv_PwmSetDuty    drv_timer.o
    0x08000984   0x0000001a   Code   RO         1929    i.Drv_RtcDelay      drv_rtc.o
    0x0800099e   0x00000002   PAD
    0x080009a0   0x00000014   Code   RO         1930    i.Drv_RtcGetCount   drv_rtc.o
    0x080009b4   0x000000c4   Code   RO         1931    i.Drv_RtcInit       drv_rtc.o
    0x08000a78   0x00000012   Code   RO         1932    i.Drv_RtcIsSecInt   drv_rtc.o
    0x08000a8a   0x0000000e   Code   RO         1933    i.Drv_RtcIsrHandle  drv_rtc.o
    0x08000a98   0x00000030   Code   RO         1934    i.Drv_RtcNvicInit   drv_rtc.o
    0x08000ac8   0x00000020   Code   RO         1935    i.Drv_RtcSetCount   drv_rtc.o
    0x08000ae8   0x00000012   Code   RO         1726    i.Drv_SysTickIntDisable  drv_timer.o
    0x08000afa   0x00000012   Code   RO         1727    i.Drv_SysTickIntEnable  drv_timer.o
    0x08000b0c   0x00000012   Code   RO         1728    i.Drv_SysTickOpen   drv_timer.o
    0x08000b1e   0x00000008   Code   RO         1729    i.Drv_SysTickSetReload  drv_timer.o
    0x08000b26   0x00000002   PAD
    0x08000b28   0x00000124   Code   RO         1779    i.Drv_SysUartInit   drv_uart.o
    0x08000c4c   0x00000018   Code   RO         1780    i.Drv_UartGetRevData  drv_uart.o
    0x08000c64   0x0000001c   Code   RO         1781    i.Drv_UartITRxDisable  drv_uart.o
    0x08000c80   0x0000001c   Code   RO         1782    i.Drv_UartITRxEnable  drv_uart.o
    0x08000c9c   0x0000001c   Code   RO         1783    i.Drv_UartITTxDisable  drv_uart.o
    0x08000cb8   0x0000001c   Code   RO         1784    i.Drv_UartITTxEnable  drv_uart.o
    0x08000cd4   0x0000001c   Code   RO         1785    i.Drv_UartTxByte    drv_uart.o
    0x08000cf0   0x00000008   Code   RO         1883    i.Drv_WdgFeed       drv_wdg.o
    0x08000cf8   0x0000002c   Code   RO         1884    i.Drv_WdgInit       drv_wdg.o
    0x08000d24   0x0000000a   Code   RO          393    i.EXTI0_IRQHandler  hal_int.o
    0x08000d2e   0x0000000a   Code   RO          394    i.EXTI15_10_IRQHandler  hal_int.o
    0x08000d38   0x0000000a   Code   RO          395    i.EXTI1_IRQHandler  hal_int.o
    0x08000d42   0x0000000a   Code   RO          396    i.EXTI2_IRQHandler  hal_int.o
    0x08000d4c   0x0000000a   Code   RO          397    i.EXTI3_IRQHandler  hal_int.o
    0x08000d56   0x0000000a   Code   RO          398    i.EXTI4_IRQHandler  hal_int.o
    0x08000d60   0x0000000a   Code   RO          399    i.EXTI9_5_IRQHandler  hal_int.o
    0x08000d6a   0x0000000a   Code   RO          400    i.FLASH_IRQHandler  hal_int.o
    0x08000d74   0x00000116   Code   RO         3184    i.GPIO_Init         stm32f10x_gpio.o
    0x08000e8a   0x00000012   Code   RO         3188    i.GPIO_ReadInputDataBit  stm32f10x_gpio.o
    0x08000e9c   0x00000004   Code   RO         3191    i.GPIO_ResetBits    stm32f10x_gpio.o
    0x08000ea0   0x00000004   Code   RO         3192    i.GPIO_SetBits      stm32f10x_gpio.o
    0x08000ea4   0x00000008   Code   RO         1076    i.Hal_AdcInit       hal_adc.o
    0x08000eac   0x00000010   Code   RO         1035    i.Hal_CheckNewKey   hal_key.o
    0x08000ebc   0x00000010   Code   RO         1036    i.Hal_ClearNewKeyFlg  hal_key.o
    0x08000ecc   0x00000014   Code   RO          402    i.Hal_DisableAllInt  hal_int.o
    0x08000ee0   0x00000020   Code   RO          403    i.Hal_EnableAllInt  hal_int.o
    0x08000f00   0x00000018   Code   RO          404    i.Hal_ExcptionHandle  hal_int.o
    0x08000f18   0x00000010   Code   RO         1037    i.Hal_GetKeySta     hal_key.o
    0x08000f28   0x0000000c   Code   RO          853    i.Hal_GetWifiLedSta  hal_led.o
    0x08000f34   0x0000000c   Code   RO          854    i.Hal_IoInit        hal_led.o
    0x08000f40   0x00000040   Code   RO         1038    i.Hal_KeyScan       hal_key.o
    0x08000f80   0x0000013c   Code   RO         1039    i.Hal_KeyStateManage  hal_key.o
    0x080010bc   0x00000080   Code   RO          977    i.Hal_RtcGetWeek    hal_rtc.o
    0x0800113c   0x0000003c   Code   RO          978    i.Hal_RtcInit       hal_rtc.o
    0x08001178   0x00000014   Code   RO          979    i.Hal_RtcIsrHandle  hal_rtc.o
    0x0800118c   0x0000003a   Code   RO          980    i.Hal_RtcJudgeLeap  hal_rtc.o
    0x080011c6   0x00000002   PAD
    0x080011c8   0x000000d0   Code   RO          981    i.Hal_RtcSetTime    hal_rtc.o
    0x08001298   0x000000f0   Code   RO          982    i.Hal_RtcUpdate     hal_rtc.o
    0x08001388   0x0000000a   Code   RO         1077    i.Hal_ScanShock     hal_adc.o
    0x08001392   0x00000002   PAD
    0x08001394   0x00000070   Code   RO          917    i.Hal_SysComIsrHandle  hal_uart.o
    0x08001404   0x00000020   Code   RO          407    i.Hal_SysISRSet     hal_int.o
    0x08001424   0x00000020   Code   RO          361    i.Hal_SysInit       hal.o
    0x08001444   0x0000000c   Code   RO          408    i.Hal_SysIntConfig  hal_int.o
    0x08001450   0x00000024   Code   RO          409    i.Hal_SysIntHandle  hal_int.o
    0x08001474   0x00000024   Code   RO          410    i.Hal_SysIntInit    hal_int.o
    0x08001498   0x00000034   Code   RO          900    i.Hal_SysTickInit   hal_timer.o
    0x080014cc   0x0000006c   Code   RO          918    i.Hal_SysUartInit   hal_uart.o
    0x08001538   0x00000030   Code   RO          919    i.Hal_UartReadByte  hal_uart.o
    0x08001568   0x00000090   Code   RO          920    i.Hal_UartWrite     hal_uart.o
    0x080015f8   0x00000070   Code   RO          921    i.Hal_WifiComIsrHandle  hal_uart.o
    0x08001668   0x00000018   Code   RO          857    i.Hal_WifiLedOff    hal_led.o
    0x08001680   0x00000018   Code   RO          858    i.Hal_WifiLedOn     hal_led.o
    0x08001698   0x0000000a   Code   RO          411    i.HardFault_Handler  hal_int.o
    0x080016a2   0x0000000a   Code   RO          412    i.I2C1_ER_IRQHandler  hal_int.o
    0x080016ac   0x0000000a   Code   RO          413    i.I2C1_EV_IRQHandler  hal_int.o
    0x080016b6   0x0000000a   Code   RO          414    i.I2C2_ER_IRQHandler  hal_int.o
    0x080016c0   0x0000000a   Code   RO          415    i.I2C2_EV_IRQHandler  hal_int.o
    0x080016ca   0x00000002   PAD
    0x080016cc   0x00000010   Code   RO         3499    i.IWDG_Enable       stm32f10x_iwdg.o
    0x080016dc   0x00000010   Code   RO         3501    i.IWDG_ReloadCounter  stm32f10x_iwdg.o
    0x080016ec   0x0000000c   Code   RO         3502    i.IWDG_SetPrescaler  stm32f10x_iwdg.o
    0x080016f8   0x0000000c   Code   RO         3503    i.IWDG_SetReload    stm32f10x_iwdg.o
    0x08001704   0x0000000c   Code   RO         3504    i.IWDG_WriteAccessCmd  stm32f10x_iwdg.o
    0x08001710   0x00000014   Code   RO          262    i.Led_AllOff        app_led_ctrl.o
    0x08001724   0x00000008   Code   RO          263    i.Led_CtrlHandle    app_led_ctrl.o
    0x0800172c   0x00000024   Code   RO          264    i.Led_CtrlInit      app_led_ctrl.o
    0x08001750   0x000000c8   Code   RO          265    i.Led_Gradient      app_led_ctrl.o
    0x08001818   0x00000050   Code   RO          266    i.Led_GradientAlgor  app_led_ctrl.o
    0x08001868   0x0000001c   Code   RO          267    i.Led_Mode0         app_led_ctrl.o
    0x08001884   0x0000001c   Code   RO          268    i.Led_Mode1         app_led_ctrl.o
    0x080018a0   0x00000038   Code   RO          269    i.Led_Mode2Handle   app_led_ctrl.o
    0x080018d8   0x00000044   Code   RO          270    i.Led_ModeCycling   app_led_ctrl.o
    0x0800191c   0x0000000c   Code   RO          271    i.Led_PeriodProc    app_led_ctrl.o
    0x08001928   0x0000000a   Code   RO          416    i.MemManage_Handler  hal_int.o
    0x08001932   0x0000000a   Code   RO          417    i.NMI_Handler       hal_int.o
    0x0800193c   0x00000070   Code   RO         2009    i.NVIC_Init         misc.o
    0x080019ac   0x00000014   Code   RO         2010    i.NVIC_PriorityGroupConfig  misc.o
    0x080019c0   0x00000054   Code   RO          343    i.Osal_DiffTsToUsec  osal.o
    0x08001a14   0x00000008   Code   RO          344    i.Osal_GetCurTs     osal.o
    0x08001a1c   0x0000000a   Code   RO          418    i.PVD_IRQHandler    hal_int.o
    0x08001a26   0x00000002   PAD
    0x08001a28   0x0000000c   Code   RO         3541    i.PWR_BackupAccessCmd  stm32f10x_pwr.o
    0x08001a34   0x00000010   Code   RO          419    i.PendSV_Handler    hal_int.o
    0x08001a44   0x00000018   Code   RO         3601    i.RCC_ADCCLKConfig  stm32f10x_rcc.o
    0x08001a5c   0x00000020   Code   RO         3603    i.RCC_APB1PeriphClockCmd  stm32f10x_rcc.o
    0x08001a7c   0x00000020   Code   RO         3604    i.RCC_APB1PeriphResetCmd  stm32f10x_rcc.o
    0x08001a9c   0x00000020   Code   RO         3605    i.RCC_APB2PeriphClockCmd  stm32f10x_rcc.o
    0x08001abc   0x00000020   Code   RO         3606    i.RCC_APB2PeriphResetCmd  stm32f10x_rcc.o
    0x08001adc   0x0000000c   Code   RO         3608    i.RCC_BackupResetCmd  stm32f10x_rcc.o
    0x08001ae8   0x000000d4   Code   RO         3613    i.RCC_GetClocksFreq  stm32f10x_rcc.o
    0x08001bbc   0x0000003c   Code   RO         3614    i.RCC_GetFlagStatus  stm32f10x_rcc.o
    0x08001bf8   0x0000000a   Code   RO          420    i.RCC_IRQHandler    hal_int.o
    0x08001c02   0x00000002   PAD
    0x08001c04   0x00000034   Code   RO         3621    i.RCC_LSEConfig     stm32f10x_rcc.o
    0x08001c38   0x0000000c   Code   RO         3628    i.RCC_RTCCLKCmd     stm32f10x_rcc.o
    0x08001c44   0x00000010   Code   RO         3629    i.RCC_RTCCLKConfig  stm32f10x_rcc.o
    0x08001c54   0x0000000a   Code   RO          421    i.RTCAlarm_IRQHandler  hal_int.o
    0x08001c5e   0x00000002   PAD
    0x08001c60   0x00000010   Code   RO         3802    i.RTC_ClearITPendingBit  stm32f10x_rtc.o
    0x08001c70   0x00000014   Code   RO         3803    i.RTC_EnterConfigMode  stm32f10x_rtc.o
    0x08001c84   0x00000014   Code   RO         3804    i.RTC_ExitConfigMode  stm32f10x_rtc.o
    0x08001c98   0x00000024   Code   RO         3808    i.RTC_GetITStatus   stm32f10x_rtc.o
    0x08001cbc   0x0000000a   Code   RO          422    i.RTC_IRQHandler    hal_int.o
    0x08001cc6   0x00000002   PAD
    0x08001cc8   0x00000020   Code   RO         3809    i.RTC_ITConfig      stm32f10x_rtc.o
    0x08001ce8   0x0000001c   Code   RO         3811    i.RTC_SetCounter    stm32f10x_rtc.o
    0x08001d04   0x00000020   Code   RO         3812    i.RTC_SetPrescaler  stm32f10x_rtc.o
    0x08001d24   0x00000014   Code   RO         3813    i.RTC_WaitForLastTask  stm32f10x_rtc.o
    0x08001d38   0x00000024   Code   RO         3814    i.RTC_WaitForSynchro  stm32f10x_rtc.o
    0x08001d5c   0x0000000a   Code   RO          424    i.SPI1_IRQHandler   hal_int.o
    0x08001d66   0x0000000a   Code   RO          425    i.SPI2_IRQHandler   hal_int.o
    0x08001d70   0x0000000a   Code   RO          427    i.SVC_Handler       hal_int.o
    0x08001d7a   0x00000008   Code   RO         1848    i.SetSysClock       system_stm32f10x.o
    0x08001d82   0x00000002   PAD
    0x08001d84   0x000000e0   Code   RO         1849    i.SetSysClockTo72   system_stm32f10x.o
    0x08001e64   0x0000000c   Code   RO          231    i.Shk_ClrSnsSta     app_shock.o
    0x08001e70   0x0000000c   Code   RO          232    i.Shk_GetSnsSta     app_shock.o
    0x08001e7c   0x00000008   Code   RO          233    i.Shk_PeriodHandle  app_shock.o
    0x08001e84   0x00000080   Code   RO          234    i.Shk_Scan          app_shock.o
    0x08001f04   0x00000032   Code   RO         1168    i.Srv_QueueIn       srv_queue.o
    0x08001f36   0x0000000e   Code   RO         1169    i.Srv_QueueInit     srv_queue.o
    0x08001f44   0x0000000c   Code   RO         1170    i.Srv_QueueIsEmpty  srv_queue.o
    0x08001f50   0x00000030   Code   RO         1172    i.Srv_QueueOut      srv_queue.o
    0x08001f80   0x00000018   Code   RO         1173    i.Srv_ReadQueueHead  srv_queue.o
    0x08001f98   0x00000002   Code   RO         1144    i.Srv_WifiCommInit  srv_wifi_comm.o
    0x08001f9a   0x00000012   Code   RO         1145    i.Srv_WifiCommTx    srv_wifi_comm.o
    0x08001fac   0x0000000a   Code   RO          428    i.SysTick_Handler   hal_int.o
    0x08001fb6   0x00000002   PAD
    0x08001fb8   0x00000060   Code   RO         1851    i.SystemInit        system_stm32f10x.o
    0x08002018   0x0000000a   Code   RO          429    i.TAMPER_IRQHandler  hal_int.o
    0x08002022   0x0000000a   Code   RO          430    i.TIM1_BRK_IRQHandler  hal_int.o
    0x0800202c   0x0000000a   Code   RO          431    i.TIM1_CC_IRQHandler  hal_int.o
    0x08002036   0x0000000a   Code   RO          432    i.TIM1_TRG_COM_IRQHandler  hal_int.o
    0x08002040   0x0000000a   Code   RO          433    i.TIM1_UP_IRQHandler  hal_int.o
    0x0800204a   0x0000000a   Code   RO          434    i.TIM2_IRQHandler   hal_int.o
    0x08002054   0x0000000a   Code   RO          435    i.TIM3_IRQHandler   hal_int.o
    0x0800205e   0x0000000a   Code   RO          436    i.TIM4_IRQHandler   hal_int.o
    0x08002068   0x00000018   Code   RO         4240    i.TIM_Cmd           stm32f10x_tim.o
    0x08002080   0x00000098   Code   RO         4269    i.TIM_OC1Init       stm32f10x_tim.o
    0x08002118   0x00000012   Code   RO         4272    i.TIM_OC1PreloadConfig  stm32f10x_tim.o
    0x0800212a   0x00000002   PAD
    0x0800212c   0x000000a4   Code   RO         4274    i.TIM_OC2Init       stm32f10x_tim.o
    0x080021d0   0x0000001a   Code   RO         4277    i.TIM_OC2PreloadConfig  stm32f10x_tim.o
    0x080021ea   0x00000002   PAD
    0x080021ec   0x000000a0   Code   RO         4279    i.TIM_OC3Init       stm32f10x_tim.o
    0x0800228c   0x00000012   Code   RO         4282    i.TIM_OC3PreloadConfig  stm32f10x_tim.o
    0x0800229e   0x00000002   PAD
    0x080022a0   0x0000007c   Code   RO         4284    i.TIM_OC4Init       stm32f10x_tim.o
    0x0800231c   0x0000001a   Code   RO         4286    i.TIM_OC4PreloadConfig  stm32f10x_tim.o
    0x08002336   0x00000004   Code   RO         4301    i.TIM_SetCompare1   stm32f10x_tim.o
    0x0800233a   0x00000004   Code   RO         4302    i.TIM_SetCompare2   stm32f10x_tim.o
    0x0800233e   0x00000004   Code   RO         4303    i.TIM_SetCompare3   stm32f10x_tim.o
    0x08002342   0x00000006   Code   RO         4304    i.TIM_SetCompare4   stm32f10x_tim.o
    0x08002348   0x000000a4   Code   RO         4311    i.TIM_TimeBaseInit  stm32f10x_tim.o
    0x080023ec   0x0000000a   Code   RO          446    i.USART1_IRQHandler  hal_int.o
    0x080023f6   0x0000000a   Code   RO          447    i.USART2_IRQHandler  hal_int.o
    0x08002400   0x0000000a   Code   RO          448    i.USART3_IRQHandler  hal_int.o
    0x0800240a   0x00000018   Code   RO         4776    i.USART_Cmd         stm32f10x_usart.o
    0x08002422   0x00000002   PAD
    0x08002424   0x0000009c   Code   RO         4778    i.USART_DeInit      stm32f10x_usart.o
    0x080024c0   0x00000054   Code   RO         4780    i.USART_GetITStatus  stm32f10x_usart.o
    0x08002514   0x0000004a   Code   RO         4782    i.USART_ITConfig    stm32f10x_usart.o
    0x0800255e   0x00000002   PAD
    0x08002560   0x000000d8   Code   RO         4783    i.USART_Init        stm32f10x_usart.o
    0x08002638   0x0000000a   Code   RO         4790    i.USART_ReceiveData  stm32f10x_usart.o
    0x08002642   0x00000008   Code   RO         4793    i.USART_SendData    stm32f10x_usart.o
    0x0800264a   0x0000000a   Code   RO          449    i.USBWakeUp_IRQHandler  hal_int.o
    0x08002654   0x0000000a   Code   RO          450    i.USB_HP_CAN1_TX_IRQHandler  hal_int.o
    0x0800265e   0x0000000a   Code   RO          451    i.USB_LP_CAN1_RX0_IRQHandler  hal_int.o
    0x08002668   0x0000000a   Code   RO          452    i.UsageFault_Handler  hal_int.o
    0x08002672   0x0000000a   Code   RO          453    i.WWDG_IRQHandler   hal_int.o
    0x0800267c   0x0000002c   Code   RO          170    i.Wifi_DataHandle   app_wifi.o
    0x080026a8   0x0000000c   Code   RO         1211    i.Wifi_GetConnectSta  gizwits_product.o
    0x080026b4   0x000000d8   Code   RO          171    i.Wifi_KeyHandle    app_wifi.o
    0x0800278c   0x00000014   Code   RO          172    i.Wifi_LedCtrl      app_wifi.o
    0x080027a0   0x00000068   Code   RO          173    i.Wifi_LedSetFlash  app_wifi.o
    0x08002808   0x0000002c   Code   RO          174    i.Wifi_ShockHandle  app_wifi.o
    0x08002834   0x0000003c   Code   RO          175    i.Wifi_TaskHandle   app_wifi.o
    0x08002870   0x00000070   Code   RO          176    i.Wifi_TaskInit     app_wifi.o
    0x080028e0   0x00000026   Code   RO          177    i.Wifi_TmrCallBack  app_wifi.o
    0x08002906   0x00000002   PAD
    0x08002908   0x00000030   Code   RO          178    i.Wifi_UpdateTime   app_wifi.o
    0x08002938   0x00000058   Code   RO          179    i.Wifi_WorkManage   app_wifi.o
    0x08002990   0x00000020   Code   RO         5228    i.__0printf$8       mc_w.l(printf8.o)
    0x080029b0   0x0000000e   Code   RO         5334    i.__scatterload_copy  mc_w.l(handlers.o)
    0x080029be   0x00000002   Code   RO         5335    i.__scatterload_null  mc_w.l(handlers.o)
    0x080029c0   0x0000000e   Code   RO         5336    i.__scatterload_zeroinit  mc_w.l(handlers.o)
    0x080029ce   0x00000002   PAD
    0x080029d0   0x00000410   Code   RO         5235    i._printf_core      mc_w.l(printf8.o)
    0x08002de0   0x00000024   Code   RO         5236    i._printf_post_padding  mc_w.l(printf8.o)
    0x08002e04   0x0000002e   Code   RO         5237    i._printf_pre_padding  mc_w.l(printf8.o)
    0x08002e32   0x0000001a   Code   RO         1443    i.exchangeBytes     common.o
    0x08002e4c   0x0000001a   Code   RO         1444    i.exchangeWord      common.o
    0x08002e66   0x00000012   Code   RO         1097    i.fputc             std_lib.o
    0x08002e78   0x0000002a   Code   RO         1515    i.gizAcrossByteJudge  datapointtools.o
    0x08002ea2   0x00000032   Code   RO         1516    i.gizByteOrderExchange  datapointtools.o
    0x08002ed4   0x0000008c   Code   RO         1280    i.gizCheckReport    gizwits_protocol.o
    0x08002f60   0x0000007c   Code   RO         1281    i.gizDataPoint2Event  gizwits_protocol.o
    0x08002fdc   0x00000068   Code   RO         1282    i.gizDataPoints2ReportData  gizwits_protocol.o
    0x08003044   0x000000bc   Code   RO         1283    i.gizDevReportPolicy  gizwits_protocol.o
    0x08003100   0x0000000c   Code   RO         1212    i.gizGetTimerCount  gizwits_product.o
    0x0800310c   0x0000008c   Code   RO         1284    i.gizProtocolAckHandle  gizwits_protocol.o
    0x08003198   0x000000a0   Code   RO         1285    i.gizProtocolCommonAck  gizwits_protocol.o
    0x08003238   0x000000a4   Code   RO         1286    i.gizProtocolErrorCmd  gizwits_protocol.o
    0x080032dc   0x0000017c   Code   RO         1287    i.gizProtocolGetDeviceInfo  gizwits_protocol.o
    0x08003458   0x000001a8   Code   RO         1288    i.gizProtocolGetOnePacket  gizwits_protocol.o
    0x08003600   0x00000050   Code   RO         1289    i.gizProtocolHeadInit  gizwits_protocol.o
    0x08003650   0x00000140   Code   RO         1290    i.gizProtocolIssuedDataAck  gizwits_protocol.o
    0x08003790   0x00000108   Code   RO         1291    i.gizProtocolIssuedProcess  gizwits_protocol.o
    0x08003898   0x0000005c   Code   RO         1292    i.gizProtocolModuleInfoHandle  gizwits_protocol.o
    0x080038f4   0x00000504   Code   RO         1293    i.gizProtocolModuleStatus  gizwits_protocol.o
    0x08003df8   0x00000088   Code   RO         1294    i.gizProtocolNTP    gizwits_protocol.o
    0x08003e80   0x0000001c   Code   RO         1295    i.gizProtocolReboot  gizwits_protocol.o
    0x08003e9c   0x0000007c   Code   RO         1296    i.gizProtocolResendData  gizwits_protocol.o
    0x08003f18   0x00000026   Code   RO         1446    i.gizProtocolSum    common.o
    0x08003f3e   0x00000002   PAD
    0x08003f40   0x00000064   Code   RO         1297    i.gizProtocolWaitAck  gizwits_protocol.o
    0x08003fa4   0x00000048   Code   RO         1298    i.gizProtocolWaitAckCheck  gizwits_protocol.o
    0x08003fec   0x00000074   Code   RO         1299    i.gizPutData        gizwits_protocol.o
    0x08004060   0x000000d0   Code   RO         1300    i.gizReportData     gizwits_protocol.o
    0x08004130   0x00000080   Code   RO         1517    i.gizStandardCompressValue  datapointtools.o
    0x080041b0   0x000000c2   Code   RO         1518    i.gizStandardDecompressionValue  datapointtools.o
    0x08004272   0x00000002   PAD
    0x08004274   0x00000010   Code   RO         1213    i.gizTimerMs        gizwits_product.o
    0x08004284   0x000001c8   Code   RO         1214    i.gizwitsEventProcess  gizwits_product.o
    0x0800444c   0x00000084   Code   RO         1302    i.gizwitsGetNTP     gizwits_protocol.o
    0x080044d0   0x0000036c   Code   RO         1303    i.gizwitsHandle     gizwits_protocol.o
    0x0800483c   0x00000060   Code   RO         1304    i.gizwitsInit       gizwits_protocol.o
    0x0800489c   0x00000288   Code   RO         1306    i.gizwitsSetMode    gizwits_protocol.o
    0x08004b24   0x0000001c   Code   RO          120    i.main              uc.o
    0x08004b40   0x0000000c   Code   RO         1215    i.mcuRestart        gizwits_product.o
    0x08004b4c   0x00000038   Code   RO         1584    i.rbCanRead         ringbuffer.o
    0x08004b84   0x0000001e   Code   RO         1585    i.rbCanWrite        ringbuffer.o
    0x08004ba2   0x0000000e   Code   RO         1586    i.rbCapacity        ringbuffer.o
    0x08004bb0   0x00000016   Code   RO         1587    i.rbCreate          ringbuffer.o
    0x08004bc6   0x000000a2   Code   RO         1589    i.rbRead            ringbuffer.o
    0x08004c68   0x0000009a   Code   RO         1590    i.rbWrite           ringbuffer.o
    0x08004d02   0x00000002   PAD
    0x08004d04   0x0000009c   Code   RO         1216    i.uartWrite         gizwits_product.o
    0x08004da0   0x0000001c   Code   RO         1217    i.userHandle        gizwits_product.o
    0x08004dbc   0x0000000c   Code   RO         1218    i.userInit          gizwits_product.o
    0x08004dc8   0x00000020   Data   RO          983    .constdata          hal_rtc.o
    0x08004de8   0x00000120   Data   RO         1682    .constdata          drv_gpio.o
    0x08004f08   0x000000a0   Data   RO         1730    .constdata          drv_timer.o
    0x08004fa8   0x00000040   Data   RO         1786    .constdata          drv_uart.o
    0x08004fe8   0x00000024   Data   RO         1988    .constdata          drv_adc.o
    0x0800500c   0x00000020   Data   RO         5332    Region$$Table       anon$$obj.o


    Execution Region RW_IRAM1 (Base: 0x20000000, Size: 0x00000e30, Max: 0x00005000, ABSOLUTE)

    Base Addr    Size         Type   Attr      Idx    E Section Name        Object

    0x20000000   0x00000010   Data   RW          181    .data               app_wifi.o
    0x20000010   0x00000009   Data   RW          235    .data               app_shock.o
    0x20000019   0x00000001   PAD
    0x2000001a   0x00000004   Data   RW          276    .data               app_led_ctrl.o
    0x2000001e   0x00000002   PAD
    0x20000020   0x00000009   Data   RW          455    .data               hal_int.o
    0x20000029   0x00000001   Data   RW          859    .data               hal_led.o
    0x2000002a   0x00000002   PAD
    0x2000002c   0x00000008   Data   RW          923    .data               hal_uart.o
    0x20000034   0x0000000a   Data   RW          984    .data               hal_rtc.o
    0x2000003e   0x00000002   Data   RW         1041    .data               hal_key.o
    0x20000040   0x00000006   Data   RW         1219    .data               gizwits_product.o
    0x20000046   0x00000002   PAD
    0x20000048   0x00000010   Data   RW         1308    .data               gizwits_protocol.o
    0x20000058   0x00000001   Data   RW         1647    .data               drv_dwt.o
    0x20000059   0x00000001   Data   RW         1683    .data               drv_gpio.o
    0x2000005a   0x00000001   Data   RW         1787    .data               drv_uart.o
    0x2000005b   0x00000001   PAD
    0x2000005c   0x00000014   Data   RW         1852    .data               system_stm32f10x.o
    0x20000070   0x00000001   Data   RW         1885    .data               drv_wdg.o
    0x20000071   0x00000004   Data   RW         1936    .data               drv_rtc.o
    0x20000075   0x00000014   Data   RW         3633    .data               stm32f10x_rcc.o
    0x20000089   0x00000003   PAD
    0x2000008c   0x00000004   Data   RW         5306    .data               mc_w.l(stdout.o)
    0x20000090   0x0000000c   Zero   RW          180    .bss                app_wifi.o
    0x2000009c   0x00000014   Zero   RW          275    .bss                app_led_ctrl.o
    0x200000b0   0x00000110   Zero   RW          454    .bss                hal_int.o
    0x200001c0   0x00000330   Zero   RW          922    .bss                hal_uart.o
    0x200004f0   0x00000010   Zero   RW         1040    .bss                hal_key.o
    0x20000500   0x00000130   Zero   RW         1307    .bss                gizwits_protocol.o
    0x20000630   0x00000800   Zero   RW         1979    STACK               startup_stm32f10x_md.o


==============================================================================

Image component sizes


      Code (inc. data)   RO Data    RW Data    ZI Data      Debug   Object Name

         0          0          0          0          0     267788   app_led.o
       536         62          0          4         20       5675   app_led_ctrl.o
       160         28          0          9          0       2539   app_shock.o
       774        238          0         16         12       5538   app_wifi.o
        90          0          0          0          0       3640   common.o
         0          0          0          0          0         32   core_cm3.o
       414          0          0          0          0       3831   datapointtools.o
       376          8         36          0          0       2694   drv_adc.o
        84         18          0          1          0       1679   drv_dwt.o
       264         14        288          1          0       3836   drv_gpio.o
       354          8          0          4          0       3631   drv_rtc.o
       446          8        160          0          0       5355   drv_timer.o
       528         64         64          1          0       6918   drv_uart.o
        52          6          0          1          0       1156   drv_wdg.o
       704        252          0          6          0      20654   gizwits_product.o
      6400       2096          0         16        304      19286   gizwits_protocol.o
        32          0          0          0          0        490   hal.o
        18          0          0          0          0        978   hal_adc.o
       718         46          0          9        272      29504   hal_int.o
       428         52          0          2         16       4173   hal_key.o
        72         16          0          1          0       2142   hal_led.o
       714         50         32         10          0       4251   hal_rtc.o
        52          8          0          0          0        934   hal_timer.o
       524         62          0          8        816       4045   hal_uart.o
       132         22          0          0          0       1639   misc.o
        92          6          0          0          0       1112   osal.o
       438          0          0          0          0       4164   ringbuffer.o
       148          0          0          0          0       3364   srv_queue.o
        20          0          0          0          0       1416   srv_wifi_comm.o
        36          8        236          0       2048        824   startup_stm32f10x_md.o
        18          0          0          0          0        516   std_lib.o
       486         24          0          0          0       8862   stm32f10x_adc.o
        72         10          0          0          0       2808   stm32f10x_bkp.o
       304          0          0          0          0       3796   stm32f10x_gpio.o
        68         30          0          0          0       2622   stm32f10x_iwdg.o
        12          6          0          0          0        538   stm32f10x_pwr.o
       516         76          0         20          0       9179   stm32f10x_rcc.o
       240         44          0          0          0       4863   stm32f10x_rtc.o
       894         92          0          0          0       9501   stm32f10x_tim.o
       572         28          0          0          0       6334   stm32f10x_usart.o
       328         28          0         20          0       2285   system_stm32f10x.o
        40          0          0          0          0       9127   uc.o

    ----------------------------------------------------------------------
     18202       3410        848        140       3488     473719   Object Totals
         0          0         32          0          0          0   (incl. Generated)
        46          0          0         11          0          0   (incl. Padding)

    ----------------------------------------------------------------------

      Code (inc. data)   RO Data    RW Data    ZI Data      Debug   Library Member Name

         0          0          0          0          0          0   entry.o
         0          0          0          0          0          0   entry10a.o
         0          0          0          0          0          0   entry11a.o
         8          4          0          0          0          0   entry2.o
         4          0          0          0          0          0   entry5.o
         0          0          0          0          0          0   entry7b.o
         0          0          0          0          0          0   entry8b.o
         8          4          0          0          0          0   entry9a.o
        30          0          0          0          0          0   handlers.o
        36          8          0          0          0         68   init.o
        30          0          0          0          0         68   llshl.o
        32          0          0          0          0         68   llushr.o
        36          0          0          0          0         68   memcpya.o
        36          0          0          0          0        108   memseta.o
      1154         54          0          0          0        352   printf8.o
         0          0          0          4          0          0   stdout.o
        98          0          0          0          0         92   uldiv.o

    ----------------------------------------------------------------------
      1474         70          0          4          0        824   Library Totals
         2          0          0          0          0          0   (incl. Padding)

    ----------------------------------------------------------------------

      Code (inc. data)   RO Data    RW Data    ZI Data      Debug   Library Name

      1472         70          0          4          0        824   mc_w.l

    ----------------------------------------------------------------------
      1474         70          0          4          0        824   Library Totals

    ----------------------------------------------------------------------

==============================================================================


      Code (inc. data)   RO Data    RW Data    ZI Data      Debug   

     19676       3480        848        144       3488     460759   Grand Totals
     19676       3480        848        144       3488     460759   ELF Image Totals
     19676       3480        848        144          0          0   ROM Totals

==============================================================================

    Total RO  Size (Code + RO Data)                20524 (  20.04kB)
    Total RW  Size (RW Data + ZI Data)              3632 (   3.55kB)
    Total ROM Size (Code + RO Data + RW Data)      20668 (  20.18kB)

==============================================================================

